[gpu0:3] START custom_mujoco_action_resampled_v3_hopper__inr_transformer_fitted_latent__no_shift__s0
[gpu0:3] OK custom_mujoco_action_resampled_v3_hopper__inr_transformer_fitted_latent__no_shift__s0 (65.7s)
[gpu0:3] START custom_mujoco_action_resampled_v3_hopper__inr_transformer_fitted_latent__no_shift__s1
[gpu0:3] OK custom_mujoco_action_resampled_v3_hopper__inr_transformer_fitted_latent__no_shift__s1 (65.6s)
[gpu0:3] START custom_mujoco_action_resampled_v3_hopper__inr_transformer_fitted_latent__new_policy__s0
[gpu0:3] OK custom_mujoco_action_resampled_v3_hopper__inr_transformer_fitted_latent__new_policy__s0 (68.5s)
[gpu0:3] START custom_mujoco_action_resampled_v3_hopper__inr_transformer_fitted_latent__new_policy__s1
[gpu0:3] OK custom_mujoco_action_resampled_v3_hopper__inr_transformer_fitted_latent__new_policy__s1 (67.8s)
[gpu0:3] START custom_mujoco_action_resampled_v3_hopper__inr_transformer_fitted_latent__single_shift__s0
[gpu0:3] OK custom_mujoco_action_resampled_v3_hopper__inr_transformer_fitted_latent__single_shift__s0 (66.9s)
[gpu0:3] START custom_mujoco_action_resampled_v3_hopper__inr_transformer_fitted_latent__single_shift__s1
[gpu0:3] OK custom_mujoco_action_resampled_v3_hopper__inr_transformer_fitted_latent__single_shift__s1 (65.0s)
[gpu0:3] START custom_mujoco_action_resampled_v3_hopper__inr_transformer_fitted_latent__conflation__s0
[gpu0:3] OK custom_mujoco_action_resampled_v3_hopper__inr_transformer_fitted_latent__conflation__s0 (52.1s)
[gpu0:3] START custom_mujoco_action_resampled_v3_hopper__inr_transformer_fitted_latent__conflation__s1
[gpu0:3] OK custom_mujoco_action_resampled_v3_hopper__inr_transformer_fitted_latent__conflation__s1 (52.1s)
[gpu0:3] START custom_mujoco_action_resampled_v3_hopper__inr_transformer_fitted_latent__generalization__s0
[gpu0:3] OK custom_mujoco_action_resampled_v3_hopper__inr_transformer_fitted_latent__generalization__s0 (40.2s)
[gpu0:3] START custom_mujoco_action_resampled_v3_hopper__inr_transformer_fitted_latent__generalization__s1
[gpu0:3] OK custom_mujoco_action_resampled_v3_hopper__inr_transformer_fitted_latent__generalization__s1 (40.2s)
[gpu0:3] START custom_mujoco_action_resampled_v3_hopper__inr_transformer_fitted_latent__specialization__s0
[gpu0:3] OK custom_mujoco_action_resampled_v3_hopper__inr_transformer_fitted_latent__specialization__s0 (62.5s)
[gpu0:3] START custom_mujoco_action_resampled_v3_hopper__inr_transformer_fitted_latent__specialization__s1
[gpu0:3] OK custom_mujoco_action_resampled_v3_hopper__inr_transformer_fitted_latent__specialization__s1 (66.0s)
[gpu0:3] START custom_mujoco_action_resampled_v3_hopper__inr_transformer_fitted_latent__novel_generalization__s0
[gpu0:3] OK custom_mujoco_action_resampled_v3_hopper__inr_transformer_fitted_latent__novel_generalization__s0 (42.8s)
[gpu0:3] START custom_mujoco_action_resampled_v3_hopper__inr_transformer_fitted_latent__novel_generalization__s1
[gpu0:3] OK custom_mujoco_action_resampled_v3_hopper__inr_transformer_fitted_latent__novel_generalization__s1 (42.3s)
[gpu0:3] START custom_mujoco_action_resampled_v3_halfcheetah__inr_transformer_fitted_latent__no_shift__s0
[gpu0:3] OK custom_mujoco_action_resampled_v3_halfcheetah__inr_transformer_fitted_latent__no_shift__s0 (66.1s)
[gpu0:3] START custom_mujoco_action_resampled_v3_halfcheetah__inr_transformer_fitted_latent__no_shift__s1
[gpu0:3] OK custom_mujoco_action_resampled_v3_halfcheetah__inr_transformer_fitted_latent__no_shift__s1 (66.3s)
[gpu0:3] START custom_mujoco_action_resampled_v3_halfcheetah__inr_transformer_fitted_latent__new_policy__s0
[gpu0:3] OK custom_mujoco_action_resampled_v3_halfcheetah__inr_transformer_fitted_latent__new_policy__s0 (70.1s)
[gpu0:3] START custom_mujoco_action_resampled_v3_halfcheetah__inr_transformer_fitted_latent__new_policy__s1
[gpu0:3] OK custom_mujoco_action_resampled_v3_halfcheetah__inr_transformer_fitted_latent__new_policy__s1 (68.5s)
[gpu0:3] START custom_mujoco_action_resampled_v3_halfcheetah__inr_transformer_fitted_latent__single_shift__s0
[gpu0:3] OK custom_mujoco_action_resampled_v3_halfcheetah__inr_transformer_fitted_latent__single_shift__s0 (64.2s)
[gpu0:3] START custom_mujoco_action_resampled_v3_halfcheetah__inr_transformer_fitted_latent__single_shift__s1
[gpu0:3] OK custom_mujoco_action_resampled_v3_halfcheetah__inr_transformer_fitted_latent__single_shift__s1 (65.9s)
[gpu0:3] START custom_mujoco_action_resampled_v3_halfcheetah__inr_transformer_fitted_latent__conflation__s0
[gpu0:3] OK custom_mujoco_action_resampled_v3_halfcheetah__inr_transformer_fitted_latent__conflation__s0 (52.8s)
[gpu0:3] START custom_mujoco_action_resampled_v3_halfcheetah__inr_transformer_fitted_latent__conflation__s1
[gpu0:3] OK custom_mujoco_action_resampled_v3_halfcheetah__inr_transformer_fitted_latent__conflation__s1 (52.2s)
[gpu0:3] START custom_mujoco_action_resampled_v3_halfcheetah__inr_transformer_fitted_latent__generalization__s0
[gpu0:3] OK custom_mujoco_action_resampled_v3_halfcheetah__inr_transformer_fitted_latent__generalization__s0 (40.8s)
[gpu0:3] START custom_mujoco_action_resampled_v3_halfcheetah__inr_transformer_fitted_latent__generalization__s1
[gpu0:3] OK custom_mujoco_action_resampled_v3_halfcheetah__inr_transformer_fitted_latent__generalization__s1 (42.0s)
[gpu0:3] START custom_mujoco_action_resampled_v3_halfcheetah__inr_transformer_fitted_latent__specialization__s0
[gpu0:3] OK custom_mujoco_action_resampled_v3_halfcheetah__inr_transformer_fitted_latent__specialization__s0 (63.4s)
[gpu0:3] START custom_mujoco_action_resampled_v3_halfcheetah__inr_transformer_fitted_latent__specialization__s1
[gpu0:3] OK custom_mujoco_action_resampled_v3_halfcheetah__inr_transformer_fitted_latent__specialization__s1 (65.3s)
[gpu0:3] START custom_mujoco_action_resampled_v3_halfcheetah__inr_transformer_fitted_latent__novel_generalization__s0
[gpu0:3] OK custom_mujoco_action_resampled_v3_halfcheetah__inr_transformer_fitted_latent__novel_generalization__s0 (42.9s)
[gpu0:3] START custom_mujoco_action_resampled_v3_halfcheetah__inr_transformer_fitted_latent__novel_generalization__s1
[gpu0:3] OK custom_mujoco_action_resampled_v3_halfcheetah__inr_transformer_fitted_latent__novel_generalization__s1 (43.2s)
[gpu0:3] START custom_mujoco_action_resampled_v3_walker2d__inr_transformer_fitted_latent__no_shift__s0
[gpu0:3] OK custom_mujoco_action_resampled_v3_walker2d__inr_transformer_fitted_latent__no_shift__s0 (65.5s)
[gpu0:3] START custom_mujoco_action_resampled_v3_walker2d__inr_transformer_fitted_latent__no_shift__s1
[gpu0:3] OK custom_mujoco_action_resampled_v3_walker2d__inr_transformer_fitted_latent__no_shift__s1 (66.0s)
[gpu0:3] START custom_mujoco_action_resampled_v3_walker2d__inr_transformer_fitted_latent__new_policy__s0
[gpu0:3] OK custom_mujoco_action_resampled_v3_walker2d__inr_transformer_fitted_latent__new_policy__s0 (69.0s)
[gpu0:3] START custom_mujoco_action_resampled_v3_walker2d__inr_transformer_fitted_latent__new_policy__s1
[gpu0:3] OK custom_mujoco_action_resampled_v3_walker2d__inr_transformer_fitted_latent__new_policy__s1 (67.8s)
[gpu0:3] START custom_mujoco_action_resampled_v3_walker2d__inr_transformer_fitted_latent__single_shift__s0
[gpu0:3] OK custom_mujoco_action_resampled_v3_walker2d__inr_transformer_fitted_latent__single_shift__s0 (68.1s)
[gpu0:3] START custom_mujoco_action_resampled_v3_walker2d__inr_transformer_fitted_latent__single_shift__s1
[gpu0:3] OK custom_mujoco_action_resampled_v3_walker2d__inr_transformer_fitted_latent__single_shift__s1 (65.0s)
[gpu0:3] START custom_mujoco_action_resampled_v3_walker2d__inr_transformer_fitted_latent__conflation__s0
[gpu0:3] OK custom_mujoco_action_resampled_v3_walker2d__inr_transformer_fitted_latent__conflation__s0 (52.6s)
[gpu0:3] START custom_mujoco_action_resampled_v3_walker2d__inr_transformer_fitted_latent__conflation__s1
[gpu0:3] OK custom_mujoco_action_resampled_v3_walker2d__inr_transformer_fitted_latent__conflation__s1 (52.6s)
[gpu0:3] START custom_mujoco_action_resampled_v3_walker2d__inr_transformer_fitted_latent__generalization__s0
[gpu0:3] OK custom_mujoco_action_resampled_v3_walker2d__inr_transformer_fitted_latent__generalization__s0 (40.6s)
[gpu0:3] START custom_mujoco_action_resampled_v3_walker2d__inr_transformer_fitted_latent__generalization__s1
[gpu0:3] OK custom_mujoco_action_resampled_v3_walker2d__inr_transformer_fitted_latent__generalization__s1 (40.6s)
[gpu0:3] START custom_mujoco_action_resampled_v3_walker2d__inr_transformer_fitted_latent__specialization__s0
[gpu0:3] OK custom_mujoco_action_resampled_v3_walker2d__inr_transformer_fitted_latent__specialization__s0 (66.2s)
[gpu0:3] START custom_mujoco_action_resampled_v3_walker2d__inr_transformer_fitted_latent__specialization__s1
[gpu0:3] OK custom_mujoco_action_resampled_v3_walker2d__inr_transformer_fitted_latent__specialization__s1 (64.3s)
[gpu0:3] START custom_mujoco_action_resampled_v3_walker2d__inr_transformer_fitted_latent__novel_generalization__s0
[gpu0:3] OK custom_mujoco_action_resampled_v3_walker2d__inr_transformer_fitted_latent__novel_generalization__s0 (43.3s)
[gpu0:3] START custom_mujoco_action_resampled_v3_walker2d__inr_transformer_fitted_latent__novel_generalization__s1
[gpu0:3] OK custom_mujoco_action_resampled_v3_walker2d__inr_transformer_fitted_latent__novel_generalization__s1 (43.0s)
[gpu0:3] START custom_mujoco_action_resampled_v3_ant__inr_transformer_fitted_latent__no_shift__s0
[gpu0:3] OK custom_mujoco_action_resampled_v3_ant__inr_transformer_fitted_latent__no_shift__s0 (71.3s)
[gpu0:3] START custom_mujoco_action_resampled_v3_ant__inr_transformer_fitted_latent__no_shift__s1
[gpu0:3] OK custom_mujoco_action_resampled_v3_ant__inr_transformer_fitted_latent__no_shift__s1 (68.4s)
[gpu0:3] START custom_mujoco_action_resampled_v3_ant__inr_transformer_fitted_latent__new_policy__s0
[gpu0:3] OK custom_mujoco_action_resampled_v3_ant__inr_transformer_fitted_latent__new_policy__s0 (70.9s)
[gpu0:3] START custom_mujoco_action_resampled_v3_ant__inr_transformer_fitted_latent__new_policy__s1
[gpu0:3] OK custom_mujoco_action_resampled_v3_ant__inr_transformer_fitted_latent__new_policy__s1 (70.5s)
[gpu0:3] START custom_mujoco_action_resampled_v3_ant__inr_transformer_fitted_latent__single_shift__s0
[gpu0:3] OK custom_mujoco_action_resampled_v3_ant__inr_transformer_fitted_latent__single_shift__s0 (67.5s)
[gpu0:3] START custom_mujoco_action_resampled_v3_ant__inr_transformer_fitted_latent__single_shift__s1
[gpu0:3] OK custom_mujoco_action_resampled_v3_ant__inr_transformer_fitted_latent__single_shift__s1 (67.1s)
[gpu0:3] START custom_mujoco_action_resampled_v3_ant__inr_transformer_fitted_latent__conflation__s0
[gpu0:3] OK custom_mujoco_action_resampled_v3_ant__inr_transformer_fitted_latent__conflation__s0 (54.8s)
[gpu0:3] START custom_mujoco_action_resampled_v3_ant__inr_transformer_fitted_latent__conflation__s1
[gpu0:3] OK custom_mujoco_action_resampled_v3_ant__inr_transformer_fitted_latent__conflation__s1 (54.6s)
[gpu0:3] START custom_mujoco_action_resampled_v3_ant__inr_transformer_fitted_latent__generalization__s0
[gpu0:3] OK custom_mujoco_action_resampled_v3_ant__inr_transformer_fitted_latent__generalization__s0 (41.7s)
[gpu0:3] START custom_mujoco_action_resampled_v3_ant__inr_transformer_fitted_latent__generalization__s1
[gpu0:3] OK custom_mujoco_action_resampled_v3_ant__inr_transformer_fitted_latent__generalization__s1 (42.7s)
[gpu0:3] START custom_mujoco_action_resampled_v3_ant__inr_transformer_fitted_latent__specialization__s0
[gpu0:3] OK custom_mujoco_action_resampled_v3_ant__inr_transformer_fitted_latent__specialization__s0 (65.7s)
[gpu0:3] START custom_mujoco_action_resampled_v3_ant__inr_transformer_fitted_latent__specialization__s1
[gpu0:3] OK custom_mujoco_action_resampled_v3_ant__inr_transformer_fitted_latent__specialization__s1 (66.5s)
[gpu0:3] START custom_mujoco_action_resampled_v3_ant__inr_transformer_fitted_latent__novel_generalization__s0
[gpu0:3] OK custom_mujoco_action_resampled_v3_ant__inr_transformer_fitted_latent__novel_generalization__s0 (44.8s)
[gpu0:3] START custom_mujoco_action_resampled_v3_ant__inr_transformer_fitted_latent__novel_generalization__s1
[gpu0:3] OK custom_mujoco_action_resampled_v3_ant__inr_transformer_fitted_latent__novel_generalization__s1 (45.4s)
[gpu0:3] START custom_mujoco_action_resampled_v3_humanoid__inr_transformer_fitted_latent__no_shift__s0
[gpu0:3] OK custom_mujoco_action_resampled_v3_humanoid__inr_transformer_fitted_latent__no_shift__s0 (78.1s)
[gpu0:3] START custom_mujoco_action_resampled_v3_humanoid__inr_transformer_fitted_latent__no_shift__s1
[gpu0:3] OK custom_mujoco_action_resampled_v3_humanoid__inr_transformer_fitted_latent__no_shift__s1 (77.6s)
[gpu0:3] START custom_mujoco_action_resampled_v3_humanoid__inr_transformer_fitted_latent__new_policy__s0
[gpu0:3] OK custom_mujoco_action_resampled_v3_humanoid__inr_transformer_fitted_latent__new_policy__s0 (80.9s)
[gpu0:3] START custom_mujoco_action_resampled_v3_humanoid__inr_transformer_fitted_latent__new_policy__s1
[gpu0:3] OK custom_mujoco_action_resampled_v3_humanoid__inr_transformer_fitted_latent__new_policy__s1 (81.3s)
[gpu0:3] START custom_mujoco_action_resampled_v3_humanoid__inr_transformer_fitted_latent__single_shift__s0
[gpu0:3] OK custom_mujoco_action_resampled_v3_humanoid__inr_transformer_fitted_latent__single_shift__s0 (76.5s)
[gpu0:3] START custom_mujoco_action_resampled_v3_humanoid__inr_transformer_fitted_latent__single_shift__s1
[gpu0:3] OK custom_mujoco_action_resampled_v3_humanoid__inr_transformer_fitted_latent__single_shift__s1 (76.8s)
[gpu0:3] START custom_mujoco_action_resampled_v3_humanoid__inr_transformer_fitted_latent__conflation__s0
[gpu0:3] OK custom_mujoco_action_resampled_v3_humanoid__inr_transformer_fitted_latent__conflation__s0 (62.5s)
[gpu0:3] START custom_mujoco_action_resampled_v3_humanoid__inr_transformer_fitted_latent__conflation__s1
[gpu0:3] OK custom_mujoco_action_resampled_v3_humanoid__inr_transformer_fitted_latent__conflation__s1 (62.8s)
[gpu0:3] START custom_mujoco_action_resampled_v3_humanoid__inr_transformer_fitted_latent__generalization__s0
[gpu0:3] OK custom_mujoco_action_resampled_v3_humanoid__inr_transformer_fitted_latent__generalization__s0 (49.5s)
[gpu0:3] START custom_mujoco_action_resampled_v3_humanoid__inr_transformer_fitted_latent__generalization__s1
[gpu0:3] OK custom_mujoco_action_resampled_v3_humanoid__inr_transformer_fitted_latent__generalization__s1 (49.3s)
[gpu0:3] START custom_mujoco_action_resampled_v3_humanoid__inr_transformer_fitted_latent__specialization__s0
[gpu0:3] OK custom_mujoco_action_resampled_v3_humanoid__inr_transformer_fitted_latent__specialization__s0 (75.3s)
[gpu0:3] START custom_mujoco_action_resampled_v3_humanoid__inr_transformer_fitted_latent__specialization__s1
[gpu0:3] OK custom_mujoco_action_resampled_v3_humanoid__inr_transformer_fitted_latent__specialization__s1 (74.6s)
[gpu0:3] START custom_mujoco_action_resampled_v3_humanoid__inr_transformer_fitted_latent__novel_generalization__s0
[gpu0:3] OK custom_mujoco_action_resampled_v3_humanoid__inr_transformer_fitted_latent__novel_generalization__s0 (51.4s)
[gpu0:3] START custom_mujoco_action_resampled_v3_humanoid__inr_transformer_fitted_latent__novel_generalization__s1
[gpu0:3] OK custom_mujoco_action_resampled_v3_humanoid__inr_transformer_fitted_latent__novel_generalization__s1 (51.8s)
