[launcher] 70 jobs across 4 GPUs (1 datasets x 5 models x 7 experiments x 2 seeds)
[launcher] visible devices: ['0', '1', '2', '3']
[gpu0:0] START droid_lowdim_full__cvae__no_shift__s0
[gpu1:1] START droid_lowdim_full__cvae__no_shift__s1
[gpu2:2] START droid_lowdim_full__cvae__new_policy__s0
[gpu3:3] START droid_lowdim_full__cvae__new_policy__s1
[launcher] 70 jobs across 4 GPUs (1 datasets x 5 models x 7 experiments x 2 seeds)
[launcher] visible devices: ['0', '1', '2', '3']
[gpu0:0] START droid_lowdim_full__cvae__no_shift__s0
[gpu1:1] START droid_lowdim_full__cvae__no_shift__s1
[gpu2:2] START droid_lowdim_full__cvae__new_policy__s0
[gpu3:3] START droid_lowdim_full__cvae__new_policy__s1
[gpu1:1] OK droid_lowdim_full__cvae__no_shift__s1 (59.0s)
[gpu1:1] START droid_lowdim_full__cvae__single_shift__s0
[gpu3:3] OK droid_lowdim_full__cvae__new_policy__s1 (59.3s)
[gpu3:3] START droid_lowdim_full__cvae__single_shift__s1
[gpu0:0] OK droid_lowdim_full__cvae__no_shift__s0 (59.4s)
[gpu0:0] START droid_lowdim_full__cvae__conflation__s0
[gpu2:2] OK droid_lowdim_full__cvae__new_policy__s0 (59.8s)
[gpu2:2] START droid_lowdim_full__cvae__conflation__s1
[gpu0:0] OK droid_lowdim_full__cvae__conflation__s0 (38.0s)
[gpu0:0] START droid_lowdim_full__cvae__generalization__s0
[gpu2:2] OK droid_lowdim_full__cvae__conflation__s1 (39.2s)
[gpu2:2] START droid_lowdim_full__cvae__generalization__s1
[gpu0:0] OK droid_lowdim_full__cvae__generalization__s0 (15.5s)
[gpu0:0] START droid_lowdim_full__cvae__specialization__s0
[gpu2:2] OK droid_lowdim_full__cvae__generalization__s1 (16.2s)
[gpu2:2] START droid_lowdim_full__cvae__specialization__s1
[gpu1:1] OK droid_lowdim_full__cvae__single_shift__s0 (59.2s)
[gpu1:1] START droid_lowdim_full__cvae__novel_generalization__s0
[gpu3:3] OK droid_lowdim_full__cvae__single_shift__s1 (59.4s)
[gpu3:3] START droid_lowdim_full__cvae__novel_generalization__s1
[gpu1:1] OK droid_lowdim_full__cvae__novel_generalization__s0 (15.5s)
[gpu1:1] START droid_lowdim_full__inr_transformer_history_conditioned__no_shift__s0
[gpu3:3] OK droid_lowdim_full__cvae__novel_generalization__s1 (16.0s)
[gpu3:3] START droid_lowdim_full__inr_transformer_history_conditioned__no_shift__s1
[gpu0:0] OK droid_lowdim_full__cvae__specialization__s0 (58.3s)
[gpu0:0] START droid_lowdim_full__inr_transformer_history_conditioned__new_policy__s0
[gpu2:2] OK droid_lowdim_full__cvae__specialization__s1 (58.1s)
[gpu2:2] START droid_lowdim_full__inr_transformer_history_conditioned__new_policy__s1
[gpu1:1] OK droid_lowdim_full__inr_transformer_history_conditioned__no_shift__s0 (70.4s)
[gpu1:1] START droid_lowdim_full__inr_transformer_history_conditioned__single_shift__s0
[gpu3:3] OK droid_lowdim_full__inr_transformer_history_conditioned__no_shift__s1 (70.2s)
[gpu3:3] START droid_lowdim_full__inr_transformer_history_conditioned__single_shift__s1
[gpu0:0] OK droid_lowdim_full__inr_transformer_history_conditioned__new_policy__s0 (70.0s)
[gpu0:0] START droid_lowdim_full__inr_transformer_history_conditioned__conflation__s0
[gpu2:2] OK droid_lowdim_full__inr_transformer_history_conditioned__new_policy__s1 (69.9s)
[gpu2:2] START droid_lowdim_full__inr_transformer_history_conditioned__conflation__s1
[gpu1:1] OK droid_lowdim_full__inr_transformer_history_conditioned__single_shift__s0 (69.7s)
[gpu1:1] START droid_lowdim_full__inr_transformer_history_conditioned__generalization__s0
[gpu3:3] OK droid_lowdim_full__inr_transformer_history_conditioned__single_shift__s1 (70.0s)
[gpu3:3] START droid_lowdim_full__inr_transformer_history_conditioned__generalization__s1
[gpu0:0] OK droid_lowdim_full__inr_transformer_history_conditioned__conflation__s0 (45.3s)
[gpu0:0] START droid_lowdim_full__inr_transformer_history_conditioned__specialization__s0
[gpu2:2] OK droid_lowdim_full__inr_transformer_history_conditioned__conflation__s1 (46.1s)
[gpu2:2] START droid_lowdim_full__inr_transformer_history_conditioned__specialization__s1
[gpu1:1] OK droid_lowdim_full__inr_transformer_history_conditioned__generalization__s0 (17.6s)
[gpu1:1] START droid_lowdim_full__inr_transformer_history_conditioned__novel_generalization__s0
[gpu3:3] OK droid_lowdim_full__inr_transformer_history_conditioned__generalization__s1 (18.4s)
[gpu3:3] START droid_lowdim_full__inr_transformer_history_conditioned__novel_generalization__s1
[gpu1:1] OK droid_lowdim_full__inr_transformer_history_conditioned__novel_generalization__s0 (17.0s)
[gpu1:1] START droid_lowdim_full__inr_diffusion_history_conditioned__no_shift__s0
[gpu3:3] OK droid_lowdim_full__inr_transformer_history_conditioned__novel_generalization__s1 (18.2s)
[gpu3:3] START droid_lowdim_full__inr_diffusion_history_conditioned__no_shift__s1
[gpu0:0] OK droid_lowdim_full__inr_transformer_history_conditioned__specialization__s0 (69.7s)
[gpu0:0] START droid_lowdim_full__inr_diffusion_history_conditioned__new_policy__s0
[gpu2:2] OK droid_lowdim_full__inr_transformer_history_conditioned__specialization__s1 (69.8s)
[gpu2:2] START droid_lowdim_full__inr_diffusion_history_conditioned__new_policy__s1
[gpu1:1] OK droid_lowdim_full__inr_diffusion_history_conditioned__no_shift__s0 (71.3s)
[gpu1:1] START droid_lowdim_full__inr_diffusion_history_conditioned__single_shift__s0
[gpu3:3] OK droid_lowdim_full__inr_diffusion_history_conditioned__no_shift__s1 (71.2s)
[gpu3:3] START droid_lowdim_full__inr_diffusion_history_conditioned__single_shift__s1
[gpu0:0] OK droid_lowdim_full__inr_diffusion_history_conditioned__new_policy__s0 (70.7s)
[gpu0:0] START droid_lowdim_full__inr_diffusion_history_conditioned__conflation__s0
[gpu2:2] OK droid_lowdim_full__inr_diffusion_history_conditioned__new_policy__s1 (71.2s)
[gpu2:2] START droid_lowdim_full__inr_diffusion_history_conditioned__conflation__s1
[gpu1:1] OK droid_lowdim_full__inr_diffusion_history_conditioned__single_shift__s0 (71.3s)
[gpu1:1] START droid_lowdim_full__inr_diffusion_history_conditioned__generalization__s0
[gpu3:3] OK droid_lowdim_full__inr_diffusion_history_conditioned__single_shift__s1 (71.4s)
[gpu3:3] START droid_lowdim_full__inr_diffusion_history_conditioned__generalization__s1
[gpu1:1] OK droid_lowdim_full__inr_diffusion_history_conditioned__generalization__s0 (17.8s)
[gpu1:1] START droid_lowdim_full__inr_diffusion_history_conditioned__specialization__s0
[gpu0:0] OK droid_lowdim_full__inr_diffusion_history_conditioned__conflation__s0 (45.8s)
[gpu0:0] START droid_lowdim_full__inr_diffusion_history_conditioned__specialization__s1
[gpu3:3] OK droid_lowdim_full__inr_diffusion_history_conditioned__generalization__s1 (18.5s)
[gpu3:3] START droid_lowdim_full__inr_diffusion_history_conditioned__novel_generalization__s0
[gpu2:2] OK droid_lowdim_full__inr_diffusion_history_conditioned__conflation__s1 (47.4s)
[gpu2:2] START droid_lowdim_full__inr_diffusion_history_conditioned__novel_generalization__s1
[gpu3:3] OK droid_lowdim_full__inr_diffusion_history_conditioned__novel_generalization__s0 (17.7s)
[gpu3:3] START droid_lowdim_full__inr_transformer_fitted_latent__no_shift__s0
[gpu2:2] OK droid_lowdim_full__inr_diffusion_history_conditioned__novel_generalization__s1 (18.5s)
[gpu2:2] START droid_lowdim_full__inr_transformer_fitted_latent__no_shift__s1
[gpu1:1] OK droid_lowdim_full__inr_diffusion_history_conditioned__specialization__s0 (69.4s)
[gpu1:1] START droid_lowdim_full__inr_transformer_fitted_latent__new_policy__s0
[gpu0:0] OK droid_lowdim_full__inr_diffusion_history_conditioned__specialization__s1 (70.3s)
[gpu0:0] START droid_lowdim_full__inr_transformer_fitted_latent__new_policy__s1
[gpu3:3] OK droid_lowdim_full__inr_transformer_fitted_latent__no_shift__s0 (446.6s)
[gpu3:3] START droid_lowdim_full__inr_transformer_fitted_latent__single_shift__s0
[gpu2:2] OK droid_lowdim_full__inr_transformer_fitted_latent__no_shift__s1 (468.2s)
[gpu2:2] START droid_lowdim_full__inr_transformer_fitted_latent__single_shift__s1
[gpu1:1] OK droid_lowdim_full__inr_transformer_fitted_latent__new_policy__s0 (449.5s)
[gpu1:1] START droid_lowdim_full__inr_transformer_fitted_latent__conflation__s0
[gpu0:0] OK droid_lowdim_full__inr_transformer_fitted_latent__new_policy__s1 (472.0s)
[gpu0:0] START droid_lowdim_full__inr_transformer_fitted_latent__conflation__s1
[gpu1:1] OK droid_lowdim_full__inr_transformer_fitted_latent__conflation__s0 (236.0s)
[gpu1:1] START droid_lowdim_full__inr_transformer_fitted_latent__generalization__s0
[gpu1:1] OK droid_lowdim_full__inr_transformer_fitted_latent__generalization__s0 (60.6s)
[gpu1:1] START droid_lowdim_full__inr_transformer_fitted_latent__generalization__s1
[gpu0:0] OK droid_lowdim_full__inr_transformer_fitted_latent__conflation__s1 (303.6s)
[gpu0:0] START droid_lowdim_full__inr_transformer_fitted_latent__specialization__s0
[gpu1:1] OK droid_lowdim_full__inr_transformer_fitted_latent__generalization__s1 (69.3s)
[gpu1:1] START droid_lowdim_full__inr_transformer_fitted_latent__specialization__s1
[gpu3:3] OK droid_lowdim_full__inr_transformer_fitted_latent__single_shift__s0 (440.6s)
[gpu3:3] START droid_lowdim_full__inr_transformer_fitted_latent__novel_generalization__s0
[gpu2:2] OK droid_lowdim_full__inr_transformer_fitted_latent__single_shift__s1 (458.4s)
[gpu2:2] START droid_lowdim_full__inr_transformer_fitted_latent__novel_generalization__s1
[gpu3:3] OK droid_lowdim_full__inr_transformer_fitted_latent__novel_generalization__s0 (63.1s)
[gpu3:3] START droid_lowdim_full__inr_transformer_infer_latent_maml__no_shift__s0
[gpu2:2] OK droid_lowdim_full__inr_transformer_fitted_latent__novel_generalization__s1 (72.9s)
[gpu2:2] START droid_lowdim_full__inr_transformer_infer_latent_maml__no_shift__s1
[gpu0:0] OK droid_lowdim_full__inr_transformer_fitted_latent__specialization__s0 (429.5s)
[gpu0:0] START droid_lowdim_full__inr_transformer_infer_latent_maml__new_policy__s0
[gpu1:1] OK droid_lowdim_full__inr_transformer_fitted_latent__specialization__s1 (450.2s)
[gpu1:1] START droid_lowdim_full__inr_transformer_infer_latent_maml__new_policy__s1
[gpu3:3] OK droid_lowdim_full__inr_transformer_infer_latent_maml__no_shift__s0 (1819.6s)
[gpu3:3] START droid_lowdim_full__inr_transformer_infer_latent_maml__single_shift__s0
[gpu2:2] OK droid_lowdim_full__inr_transformer_infer_latent_maml__no_shift__s1 (1822.2s)
[gpu2:2] START droid_lowdim_full__inr_transformer_infer_latent_maml__single_shift__s1
[gpu0:0] OK droid_lowdim_full__inr_transformer_infer_latent_maml__new_policy__s0 (1819.7s)
[gpu0:0] START droid_lowdim_full__inr_transformer_infer_latent_maml__conflation__s0
[gpu1:1] OK droid_lowdim_full__inr_transformer_infer_latent_maml__new_policy__s1 (1823.9s)
[gpu1:1] START droid_lowdim_full__inr_transformer_infer_latent_maml__conflation__s1
[gpu0:0] OK droid_lowdim_full__inr_transformer_infer_latent_maml__conflation__s0 (1079.7s)
[gpu0:0] START droid_lowdim_full__inr_transformer_infer_latent_maml__generalization__s0
[gpu1:1] OK droid_lowdim_full__inr_transformer_infer_latent_maml__conflation__s1 (1112.3s)
[gpu1:1] START droid_lowdim_full__inr_transformer_infer_latent_maml__generalization__s1
[gpu0:0] OK droid_lowdim_full__inr_transformer_infer_latent_maml__generalization__s0 (254.6s)
[gpu0:0] START droid_lowdim_full__inr_transformer_infer_latent_maml__specialization__s0
[gpu1:1] OK droid_lowdim_full__inr_transformer_infer_latent_maml__generalization__s1 (270.9s)
[gpu1:1] START droid_lowdim_full__inr_transformer_infer_latent_maml__specialization__s1
[gpu3:3] OK droid_lowdim_full__inr_transformer_infer_latent_maml__single_shift__s0 (1817.8s)
[gpu3:3] START droid_lowdim_full__inr_transformer_infer_latent_maml__novel_generalization__s0
[gpu2:2] OK droid_lowdim_full__inr_transformer_infer_latent_maml__single_shift__s1 (1820.4s)
[gpu2:2] START droid_lowdim_full__inr_transformer_infer_latent_maml__novel_generalization__s1
[gpu3:3] OK droid_lowdim_full__inr_transformer_infer_latent_maml__novel_generalization__s0 (255.2s)
[gpu2:2] OK droid_lowdim_full__inr_transformer_infer_latent_maml__novel_generalization__s1 (271.9s)
[gpu0:0] OK droid_lowdim_full__inr_transformer_infer_latent_maml__specialization__s0 (1815.6s)
[gpu1:1] OK droid_lowdim_full__inr_transformer_infer_latent_maml__specialization__s1 (1818.2s)
[launcher] done. logs at /mnt/data/INR/outputs/droid_fastf1_full_suite_ver_20260501/launcher.log
[launcher] 70 jobs across 4 GPUs (1 datasets x 5 models x 7 experiments x 2 seeds)
[launcher] visible devices: ['0', '1', '2', '3']
[gpu0:0] START fastf1_stint_full__cvae__no_shift__s0
[gpu1:1] START fastf1_stint_full__cvae__no_shift__s1
[gpu2:2] START fastf1_stint_full__cvae__new_policy__s0
[gpu3:3] START fastf1_stint_full__cvae__new_policy__s1
[gpu1:1] OK fastf1_stint_full__cvae__no_shift__s1 (373.4s)
[gpu1:1] START fastf1_stint_full__cvae__single_shift__s0
[gpu0:0] OK fastf1_stint_full__cvae__no_shift__s0 (373.5s)
[gpu0:0] START fastf1_stint_full__cvae__single_shift__s1
[gpu3:3] OK fastf1_stint_full__cvae__new_policy__s1 (373.9s)
[gpu3:3] START fastf1_stint_full__cvae__conflation__s0
[gpu2:2] OK fastf1_stint_full__cvae__new_policy__s0 (374.1s)
[gpu2:2] START fastf1_stint_full__cvae__conflation__s1
[gpu3:3] OK fastf1_stint_full__cvae__conflation__s0 (245.9s)
[gpu3:3] START fastf1_stint_full__cvae__generalization__s0
[gpu2:2] OK fastf1_stint_full__cvae__conflation__s1 (246.1s)
[gpu2:2] START fastf1_stint_full__cvae__generalization__s1
[gpu3:3] OK fastf1_stint_full__cvae__generalization__s0 (67.4s)
[gpu3:3] START fastf1_stint_full__cvae__specialization__s0
[gpu2:2] OK fastf1_stint_full__cvae__generalization__s1 (67.4s)
[gpu2:2] START fastf1_stint_full__cvae__specialization__s1
[gpu1:1] OK fastf1_stint_full__cvae__single_shift__s0 (372.2s)
[gpu1:1] START fastf1_stint_full__cvae__novel_generalization__s0
[gpu0:0] OK fastf1_stint_full__cvae__single_shift__s1 (372.5s)
[gpu0:0] START fastf1_stint_full__cvae__novel_generalization__s1
[gpu1:1] OK fastf1_stint_full__cvae__novel_generalization__s0 (68.8s)
[gpu1:1] START fastf1_stint_full__inr_transformer_history_conditioned__no_shift__s0
[gpu0:0] OK fastf1_stint_full__cvae__novel_generalization__s1 (68.7s)
[gpu0:0] START fastf1_stint_full__inr_transformer_history_conditioned__no_shift__s1
[gpu2:2] OK fastf1_stint_full__cvae__specialization__s1 (371.1s)
[gpu2:2] START fastf1_stint_full__inr_transformer_history_conditioned__new_policy__s0
[gpu3:3] OK fastf1_stint_full__cvae__specialization__s0 (372.0s)
[gpu3:3] START fastf1_stint_full__inr_transformer_history_conditioned__new_policy__s1
[gpu1:1] OK fastf1_stint_full__inr_transformer_history_conditioned__no_shift__s0 (555.5s)
[gpu1:1] START fastf1_stint_full__inr_transformer_history_conditioned__single_shift__s0
[gpu0:0] OK fastf1_stint_full__inr_transformer_history_conditioned__no_shift__s1 (555.4s)
[gpu0:0] START fastf1_stint_full__inr_transformer_history_conditioned__single_shift__s1
[gpu2:2] OK fastf1_stint_full__inr_transformer_history_conditioned__new_policy__s0 (556.3s)
[gpu2:2] START fastf1_stint_full__inr_transformer_history_conditioned__conflation__s0
[gpu3:3] OK fastf1_stint_full__inr_transformer_history_conditioned__new_policy__s1 (556.2s)
[gpu3:3] START fastf1_stint_full__inr_transformer_history_conditioned__conflation__s1
[gpu1:1] OK fastf1_stint_full__inr_transformer_history_conditioned__single_shift__s0 (553.6s)
[gpu1:1] START fastf1_stint_full__inr_transformer_history_conditioned__generalization__s0
[gpu0:0] OK fastf1_stint_full__inr_transformer_history_conditioned__single_shift__s1 (553.6s)
[gpu0:0] START fastf1_stint_full__inr_transformer_history_conditioned__generalization__s1
[gpu2:2] OK fastf1_stint_full__inr_transformer_history_conditioned__conflation__s0 (363.9s)
[gpu2:2] START fastf1_stint_full__inr_transformer_history_conditioned__specialization__s0
[gpu3:3] OK fastf1_stint_full__inr_transformer_history_conditioned__conflation__s1 (363.6s)
[gpu3:3] START fastf1_stint_full__inr_transformer_history_conditioned__specialization__s1
[gpu1:1] OK fastf1_stint_full__inr_transformer_history_conditioned__generalization__s0 (95.5s)
[gpu1:1] START fastf1_stint_full__inr_transformer_history_conditioned__novel_generalization__s0
[gpu0:0] OK fastf1_stint_full__inr_transformer_history_conditioned__generalization__s1 (96.0s)
[gpu0:0] START fastf1_stint_full__inr_transformer_history_conditioned__novel_generalization__s1
[gpu1:1] OK fastf1_stint_full__inr_transformer_history_conditioned__novel_generalization__s0 (97.5s)
[gpu1:1] START fastf1_stint_full__inr_diffusion_history_conditioned__no_shift__s0
[gpu0:0] OK fastf1_stint_full__inr_transformer_history_conditioned__novel_generalization__s1 (97.8s)
[gpu0:0] START fastf1_stint_full__inr_diffusion_history_conditioned__no_shift__s1
[gpu2:2] OK fastf1_stint_full__inr_transformer_history_conditioned__specialization__s0 (551.7s)
[gpu2:2] START fastf1_stint_full__inr_diffusion_history_conditioned__new_policy__s0
[gpu3:3] OK fastf1_stint_full__inr_transformer_history_conditioned__specialization__s1 (552.6s)
[gpu3:3] START fastf1_stint_full__inr_diffusion_history_conditioned__new_policy__s1
[gpu1:1] OK fastf1_stint_full__inr_diffusion_history_conditioned__no_shift__s0 (557.1s)
[gpu1:1] START fastf1_stint_full__inr_diffusion_history_conditioned__single_shift__s0
[gpu0:0] OK fastf1_stint_full__inr_diffusion_history_conditioned__no_shift__s1 (557.2s)
[gpu0:0] START fastf1_stint_full__inr_diffusion_history_conditioned__single_shift__s1
[gpu2:2] OK fastf1_stint_full__inr_diffusion_history_conditioned__new_policy__s0 (558.9s)
[gpu2:2] START fastf1_stint_full__inr_diffusion_history_conditioned__conflation__s0
[gpu3:3] OK fastf1_stint_full__inr_diffusion_history_conditioned__new_policy__s1 (558.8s)
[gpu3:3] START fastf1_stint_full__inr_diffusion_history_conditioned__conflation__s1
[gpu1:1] OK fastf1_stint_full__inr_diffusion_history_conditioned__single_shift__s0 (555.4s)
[gpu1:1] START fastf1_stint_full__inr_diffusion_history_conditioned__generalization__s0
[gpu0:0] OK fastf1_stint_full__inr_diffusion_history_conditioned__single_shift__s1 (555.5s)
[gpu0:0] START fastf1_stint_full__inr_diffusion_history_conditioned__generalization__s1
[gpu1:1] OK fastf1_stint_full__inr_diffusion_history_conditioned__generalization__s0 (96.5s)
[gpu1:1] START fastf1_stint_full__inr_diffusion_history_conditioned__specialization__s0
[gpu0:0] OK fastf1_stint_full__inr_diffusion_history_conditioned__generalization__s1 (96.6s)
[gpu0:0] START fastf1_stint_full__inr_diffusion_history_conditioned__specialization__s1
[gpu2:2] OK fastf1_stint_full__inr_diffusion_history_conditioned__conflation__s0 (365.5s)
[gpu2:2] START fastf1_stint_full__inr_diffusion_history_conditioned__novel_generalization__s0
[gpu3:3] OK fastf1_stint_full__inr_diffusion_history_conditioned__conflation__s1 (365.1s)
[gpu3:3] START fastf1_stint_full__inr_diffusion_history_conditioned__novel_generalization__s1
[gpu2:2] OK fastf1_stint_full__inr_diffusion_history_conditioned__novel_generalization__s0 (98.1s)
[gpu2:2] START fastf1_stint_full__inr_transformer_fitted_latent__no_shift__s0
[gpu3:3] OK fastf1_stint_full__inr_diffusion_history_conditioned__novel_generalization__s1 (98.2s)
[gpu3:3] START fastf1_stint_full__inr_transformer_fitted_latent__no_shift__s1
[gpu1:1] OK fastf1_stint_full__inr_diffusion_history_conditioned__specialization__s0 (552.4s)
[gpu1:1] START fastf1_stint_full__inr_transformer_fitted_latent__new_policy__s0
[gpu0:0] OK fastf1_stint_full__inr_diffusion_history_conditioned__specialization__s1 (552.6s)
[gpu0:0] START fastf1_stint_full__inr_transformer_fitted_latent__new_policy__s1
[gpu2:2] OK fastf1_stint_full__inr_transformer_fitted_latent__no_shift__s0 (4351.1s)
[gpu2:2] START fastf1_stint_full__inr_transformer_fitted_latent__single_shift__s0
[gpu3:3] OK fastf1_stint_full__inr_transformer_fitted_latent__no_shift__s1 (4351.5s)
[gpu3:3] START fastf1_stint_full__inr_transformer_fitted_latent__single_shift__s1
[gpu1:1] OK fastf1_stint_full__inr_transformer_fitted_latent__new_policy__s0 (4466.6s)
[gpu1:1] START fastf1_stint_full__inr_transformer_fitted_latent__conflation__s0
[gpu0:0] OK fastf1_stint_full__inr_transformer_fitted_latent__new_policy__s1 (4467.1s)
[gpu0:0] START fastf1_stint_full__inr_transformer_fitted_latent__conflation__s1
[gpu1:1] OK fastf1_stint_full__inr_transformer_fitted_latent__conflation__s0 (2412.4s)
[gpu1:1] START fastf1_stint_full__inr_transformer_fitted_latent__generalization__s0
[gpu0:0] OK fastf1_stint_full__inr_transformer_fitted_latent__conflation__s1 (2411.9s)
[gpu0:0] START fastf1_stint_full__inr_transformer_fitted_latent__generalization__s1
[gpu1:1] OK fastf1_stint_full__inr_transformer_fitted_latent__generalization__s0 (619.1s)
[gpu1:1] START fastf1_stint_full__inr_transformer_fitted_latent__specialization__s0
[gpu0:0] OK fastf1_stint_full__inr_transformer_fitted_latent__generalization__s1 (619.1s)
[gpu0:0] START fastf1_stint_full__inr_transformer_fitted_latent__specialization__s1
[gpu2:2] OK fastf1_stint_full__inr_transformer_fitted_latent__single_shift__s0 (4274.5s)
[gpu2:2] START fastf1_stint_full__inr_transformer_fitted_latent__novel_generalization__s0
[gpu3:3] OK fastf1_stint_full__inr_transformer_fitted_latent__single_shift__s1 (4273.9s)
[gpu3:3] START fastf1_stint_full__inr_transformer_fitted_latent__novel_generalization__s1
[gpu2:2] OK fastf1_stint_full__inr_transformer_fitted_latent__novel_generalization__s0 (733.6s)
[gpu2:2] START fastf1_stint_full__inr_transformer_infer_latent_maml__no_shift__s0
[gpu3:3] OK fastf1_stint_full__inr_transformer_fitted_latent__novel_generalization__s1 (733.6s)
[gpu3:3] START fastf1_stint_full__inr_transformer_infer_latent_maml__no_shift__s1
[gpu2:2] FAIL fastf1_stint_full__inr_transformer_infer_latent_maml__no_shift__s0 (26.8s)
[gpu2:2] START fastf1_stint_full__inr_transformer_infer_latent_maml__new_policy__s0
[gpu3:3] FAIL fastf1_stint_full__inr_transformer_infer_latent_maml__no_shift__s1 (26.6s)
[gpu3:3] START fastf1_stint_full__inr_transformer_infer_latent_maml__new_policy__s1
[gpu2:2] FAIL fastf1_stint_full__inr_transformer_infer_latent_maml__new_policy__s0 (26.8s)
[gpu2:2] START fastf1_stint_full__inr_transformer_infer_latent_maml__single_shift__s0
[gpu3:3] FAIL fastf1_stint_full__inr_transformer_infer_latent_maml__new_policy__s1 (26.8s)
[gpu3:3] START fastf1_stint_full__inr_transformer_infer_latent_maml__single_shift__s1
[gpu2:2] FAIL fastf1_stint_full__inr_transformer_infer_latent_maml__single_shift__s0 (26.8s)
[gpu2:2] START fastf1_stint_full__inr_transformer_infer_latent_maml__conflation__s0
[gpu3:3] FAIL fastf1_stint_full__inr_transformer_infer_latent_maml__single_shift__s1 (26.8s)
[gpu3:3] START fastf1_stint_full__inr_transformer_infer_latent_maml__conflation__s1
[gpu2:2] FAIL fastf1_stint_full__inr_transformer_infer_latent_maml__conflation__s0 (26.8s)
[gpu2:2] START fastf1_stint_full__inr_transformer_infer_latent_maml__generalization__s0
[gpu3:3] FAIL fastf1_stint_full__inr_transformer_infer_latent_maml__conflation__s1 (26.8s)
[gpu3:3] START fastf1_stint_full__inr_transformer_infer_latent_maml__generalization__s1
[gpu2:2] FAIL fastf1_stint_full__inr_transformer_infer_latent_maml__generalization__s0 (26.9s)
[gpu2:2] START fastf1_stint_full__inr_transformer_infer_latent_maml__specialization__s0
[gpu3:3] FAIL fastf1_stint_full__inr_transformer_infer_latent_maml__generalization__s1 (26.9s)
[gpu3:3] START fastf1_stint_full__inr_transformer_infer_latent_maml__specialization__s1
[gpu2:2] FAIL fastf1_stint_full__inr_transformer_infer_latent_maml__specialization__s0 (26.8s)
[gpu2:2] START fastf1_stint_full__inr_transformer_infer_latent_maml__novel_generalization__s0
[gpu3:3] FAIL fastf1_stint_full__inr_transformer_infer_latent_maml__specialization__s1 (26.8s)
[gpu3:3] START fastf1_stint_full__inr_transformer_infer_latent_maml__novel_generalization__s1
[gpu2:2] FAIL fastf1_stint_full__inr_transformer_infer_latent_maml__novel_generalization__s0 (26.8s)
[gpu3:3] FAIL fastf1_stint_full__inr_transformer_infer_latent_maml__novel_generalization__s1 (26.8s)
[gpu1:1] OK fastf1_stint_full__inr_transformer_fitted_latent__specialization__s0 (4158.2s)
[gpu0:0] OK fastf1_stint_full__inr_transformer_fitted_latent__specialization__s1 (4157.1s)
[launcher] done. logs at /mnt/data/INR/outputs/droid_fastf1_full_suite_ver_20260501/launcher.log
<frozen runpy>:128: RuntimeWarning: 'eval.summary' found in sys.modules after import of package 'eval', but prior to execution of 'eval.summary'; this may result in unpredictable behaviour
# Aggregate (126 runs)

Metrics: `probe_acc` = strict train-split probe accuracy on held-out test episodes; `probe_acc_seen` = same probe restricted to training-policy labels; `gen_nmse` = MSE / target_var, scale-free (0 = perfect, 1 ≈ mean-predictor baseline); `gen_median_se` = median per-sample squared error; `deg` = degenerate runs (non-finite gen or partial finite fraction).

| data | model | experiment | n | deg | probe_acc | probe_acc_seen | gen_nmse | gen_median_se | gen_acc | gen_nll |
|---|---|---|---|---|---|---|---|---|---|---|
| droid_lowdim_full | cvae | conflation | 2 | 0 | 0.583±0.083 | 0.583±0.083 | 0.107±0.006 | 0.043±0.007 | - | - |
| droid_lowdim_full | cvae | generalization | 2 | 0 | 0.318±0.136 | 0.318±0.136 | 0.156±0.007 | 0.123±0.000 | - | - |
| droid_lowdim_full | cvae | new_policy | 2 | 0 | 0.615±0.000 | 0.727±0.000 | 0.090±0.010 | 0.035±0.003 | - | - |
| droid_lowdim_full | cvae | no_shift | 2 | 0 | 0.727±0.091 | 0.727±0.091 | 0.093±0.008 | 0.038±0.004 | - | - |
| droid_lowdim_full | cvae | novel_generalization | 2 | 0 | 0.269±0.115 | 0.318±0.136 | 0.154±0.007 | 0.120±0.002 | - | - |
| droid_lowdim_full | cvae | single_shift | 2 | 0 | 0.417±0.250 | 0.417±0.250 | 0.089±0.006 | 0.041±0.001 | - | - |
| droid_lowdim_full | cvae | specialization | 2 | 0 | 0.750±0.250 | 0.750±0.250 | 0.111±0.043 | 0.029±0.004 | - | - |
| droid_lowdim_full | inr_diffusion_history_conditioned | conflation | 2 | 0 | 0.750±0.083 | 0.750±0.083 | 0.273±0.029 | 0.092±0.005 | - | - |
| droid_lowdim_full | inr_diffusion_history_conditioned | generalization | 2 | 0 | 0.318±0.136 | 0.318±0.136 | 0.362±0.015 | 0.397±0.007 | - | - |
| droid_lowdim_full | inr_diffusion_history_conditioned | new_policy | 2 | 0 | 0.654±0.038 | 0.773±0.045 | 0.209±0.002 | 0.025±0.004 | - | - |
| droid_lowdim_full | inr_diffusion_history_conditioned | no_shift | 2 | 0 | 0.773±0.045 | 0.773±0.045 | 0.208±0.004 | 0.027±0.003 | - | - |
| droid_lowdim_full | inr_diffusion_history_conditioned | novel_generalization | 2 | 0 | 0.269±0.115 | 0.318±0.136 | 0.358±0.015 | 0.377±0.009 | - | - |
| droid_lowdim_full | inr_diffusion_history_conditioned | single_shift | 2 | 0 | 0.667±0.000 | 0.667±0.000 | 0.213±0.008 | 0.035±0.002 | - | - |
| droid_lowdim_full | inr_diffusion_history_conditioned | specialization | 2 | 0 | 0.750±0.250 | 0.750±0.250 | 0.224±0.030 | 0.023±0.003 | - | - |
| droid_lowdim_full | inr_transformer_fitted_latent | conflation | 2 | 0 | 0.500±0.000 | 0.500±0.000 | 0.168±0.011 | 0.064±0.019 | - | - |
| droid_lowdim_full | inr_transformer_fitted_latent | generalization | 2 | 0 | 0.500±0.136 | 0.500±0.136 | 0.207±0.015 | 0.172±0.009 | - | - |
| droid_lowdim_full | inr_transformer_fitted_latent | new_policy | 2 | 0 | 0.500±0.038 | 0.591±0.045 | 0.111±0.008 | 0.044±0.002 | - | - |
| droid_lowdim_full | inr_transformer_fitted_latent | no_shift | 2 | 0 | 0.591±0.045 | 0.591±0.045 | 0.116±0.004 | 0.047±0.001 | - | - |
| droid_lowdim_full | inr_transformer_fitted_latent | novel_generalization | 2 | 0 | 0.423±0.115 | 0.500±0.136 | 0.201±0.016 | 0.162±0.006 | - | - |
| droid_lowdim_full | inr_transformer_fitted_latent | single_shift | 2 | 0 | 0.250±0.083 | 0.250±0.083 | 0.127±0.000 | 0.062±0.005 | - | - |
| droid_lowdim_full | inr_transformer_fitted_latent | specialization | 2 | 0 | 0.500±0.500 | 0.500±0.500 | 0.152±0.048 | 0.038±0.003 | - | - |
| droid_lowdim_full | inr_transformer_history_conditioned | conflation | 2 | 0 | 0.667±0.167 | 0.667±0.167 | 0.208±0.002 | 0.095±0.004 | - | - |
| droid_lowdim_full | inr_transformer_history_conditioned | generalization | 2 | 0 | 0.318±0.136 | 0.318±0.136 | 0.263±0.016 | 0.226±0.024 | - | - |
| droid_lowdim_full | inr_transformer_history_conditioned | new_policy | 2 | 0 | 0.577±0.038 | 0.682±0.045 | 0.126±0.013 | 0.052±0.010 | - | - |
| droid_lowdim_full | inr_transformer_history_conditioned | no_shift | 2 | 0 | 0.682±0.045 | 0.682±0.045 | 0.131±0.010 | 0.053±0.009 | - | - |
| droid_lowdim_full | inr_transformer_history_conditioned | novel_generalization | 2 | 0 | 0.269±0.115 | 0.318±0.136 | 0.255±0.012 | 0.204±0.009 | - | - |
| droid_lowdim_full | inr_transformer_history_conditioned | single_shift | 2 | 0 | 0.500±0.167 | 0.500±0.167 | 0.155±0.014 | 0.072±0.012 | - | - |
| droid_lowdim_full | inr_transformer_history_conditioned | specialization | 2 | 0 | 0.750±0.250 | 0.750±0.250 | 0.183±0.036 | 0.042±0.010 | - | - |
| droid_lowdim_full | inr_transformer_infer_latent_maml | conflation | 2 | 0 | 0.167±0.000 | 0.167±0.000 | 0.164±0.009 | 0.059±0.003 | - | - |
| droid_lowdim_full | inr_transformer_infer_latent_maml | generalization | 2 | 0 | 0.682±0.136 | 0.682±0.136 | 0.221±0.033 | 0.187±0.018 | - | - |
| droid_lowdim_full | inr_transformer_infer_latent_maml | new_policy | 2 | 0 | 0.462±0.000 | 0.545±0.000 | 0.108±0.015 | 0.040±0.001 | - | - |
| droid_lowdim_full | inr_transformer_infer_latent_maml | no_shift | 2 | 0 | 0.500±0.045 | 0.500±0.045 | 0.111±0.012 | 0.040±0.002 | - | - |
| droid_lowdim_full | inr_transformer_infer_latent_maml | novel_generalization | 2 | 0 | 0.577±0.115 | 0.682±0.136 | 0.216±0.033 | 0.183±0.019 | - | - |
| droid_lowdim_full | inr_transformer_infer_latent_maml | single_shift | 2 | 0 | 0.667±0.000 | 0.667±0.000 | 0.121±0.011 | 0.047±0.006 | - | - |
| droid_lowdim_full | inr_transformer_infer_latent_maml | specialization | 2 | 0 | 0.250±0.250 | 0.250±0.250 | 0.138±0.014 | 0.032±0.004 | - | - |
| fastf1_stint_full | cvae | conflation | 2 | 0 | 1.000±0.000 | 1.000±0.000 | 0.496±0.047 | 0.172±0.023 | - | - |
| fastf1_stint_full | cvae | generalization | 2 | 0 | 0.375±0.042 | 0.375±0.042 | 3.023±2.143 | 0.597±0.094 | - | - |
| fastf1_stint_full | cvae | new_policy | 2 | 0 | 0.667±0.000 | 1.000±0.000 | 0.392±0.032 | 0.093±0.010 | - | - |
| fastf1_stint_full | cvae | no_shift | 2 | 0 | 0.958±0.042 | 0.958±0.042 | 0.363±0.031 | 0.088±0.026 | - | - |
| fastf1_stint_full | cvae | novel_generalization | 2 | 0 | 0.250±0.028 | 0.375±0.042 | 2.788±1.923 | 0.791±0.336 | - | - |
| fastf1_stint_full | cvae | single_shift | 2 | 0 | 1.000±0.000 | 1.000±0.000 | 0.399±0.006 | 0.129±0.013 | - | - |
| fastf1_stint_full | cvae | specialization | 2 | 0 | 0.500±0.000 | 0.500±0.000 | 0.671±0.091 | 0.213±0.034 | - | - |
| fastf1_stint_full | inr_diffusion_history_conditioned | conflation | 2 | 0 | 0.938±0.062 | 0.938±0.062 | 1.113±0.044 | 0.310±0.112 | - | - |
| fastf1_stint_full | inr_diffusion_history_conditioned | generalization | 2 | 0 | 0.542±0.292 | 0.542±0.292 | 1.239±0.036 | 0.915±0.091 | - | - |
| fastf1_stint_full | inr_diffusion_history_conditioned | new_policy | 2 | 0 | 0.389±0.111 | 0.583±0.167 | 1.022±0.052 | 0.206±0.008 | - | - |
| fastf1_stint_full | inr_diffusion_history_conditioned | no_shift | 2 | 0 | 0.750±0.083 | 0.750±0.083 | 1.083±0.050 | 0.208±0.030 | - | - |
| fastf1_stint_full | inr_diffusion_history_conditioned | novel_generalization | 2 | 0 | 0.306±0.028 | 0.458±0.042 | 1.197±0.082 | 0.985±0.040 | - | - |
| fastf1_stint_full | inr_diffusion_history_conditioned | single_shift | 2 | 0 | 0.688±0.062 | 0.688±0.062 | 1.021±0.021 | 0.219±0.037 | - | - |
| fastf1_stint_full | inr_diffusion_history_conditioned | specialization | 2 | 0 | 0.500±0.000 | 0.500±0.000 | 1.256±0.081 | 0.299±0.055 | - | - |
| fastf1_stint_full | inr_transformer_fitted_latent | conflation | 2 | 0 | 1.000±0.000 | 1.000±0.000 | 0.416±0.070 | 0.083±0.009 | - | - |
| fastf1_stint_full | inr_transformer_fitted_latent | generalization | 2 | 0 | 0.500±0.167 | 0.500±0.167 | 1.316±0.096 | 0.990±0.213 | - | - |
| fastf1_stint_full | inr_transformer_fitted_latent | new_policy | 2 | 0 | 0.667±0.000 | 1.000±0.000 | 0.385±0.050 | 0.072±0.018 | - | - |
| fastf1_stint_full | inr_transformer_fitted_latent | no_shift | 2 | 0 | 1.000±0.000 | 1.000±0.000 | 0.373±0.059 | 0.066±0.011 | - | - |
| fastf1_stint_full | inr_transformer_fitted_latent | novel_generalization | 2 | 0 | 0.333±0.111 | 0.500±0.167 | 1.250±0.027 | 1.013±0.233 | - | - |
| fastf1_stint_full | inr_transformer_fitted_latent | single_shift | 2 | 0 | 1.000±0.000 | 1.000±0.000 | 0.425±0.058 | 0.098±0.017 | - | - |
| fastf1_stint_full | inr_transformer_fitted_latent | specialization | 2 | 0 | 1.000±0.000 | 1.000±0.000 | 0.621±0.018 | 0.186±0.035 | - | - |
| fastf1_stint_full | inr_transformer_history_conditioned | conflation | 2 | 0 | 0.938±0.062 | 0.938±0.062 | 0.288±0.063 | 0.032±0.004 | - | - |
| fastf1_stint_full | inr_transformer_history_conditioned | generalization | 2 | 0 | 0.417±0.083 | 0.417±0.083 | 1.243±0.103 | 0.996±0.188 | - | - |
| fastf1_stint_full | inr_transformer_history_conditioned | new_policy | 2 | 0 | 0.528±0.028 | 0.792±0.042 | 0.188±0.012 | 0.013±0.001 | - | - |
| fastf1_stint_full | inr_transformer_history_conditioned | no_shift | 2 | 0 | 0.917±0.000 | 0.917±0.000 | 0.180±0.015 | 0.014±0.001 | - | - |
| fastf1_stint_full | inr_transformer_history_conditioned | novel_generalization | 2 | 0 | 0.278±0.056 | 0.417±0.083 | 1.184±0.005 | 0.971±0.145 | - | - |
| fastf1_stint_full | inr_transformer_history_conditioned | single_shift | 2 | 0 | 0.812±0.062 | 0.812±0.062 | 0.216±0.038 | 0.023±0.001 | - | - |
| fastf1_stint_full | inr_transformer_history_conditioned | specialization | 2 | 0 | 0.250±0.250 | 0.250±0.250 | 0.638±0.151 | 0.123±0.033 | - | - |
