[gpu0] START /mnt/data/INR/outputs/droid_lowdim_full_shards707of2048_p345_balanced_min300_remove_hk300_suite_20260503/droid_lowdim_full_balanced_min300_remove__cvae__conflation__s0
[gpu1] START /mnt/data/INR/outputs/droid_lowdim_full_shards707of2048_p345_balanced_min300_remove_hk300_suite_20260503/droid_lowdim_full_balanced_min300_remove__cvae__conflation__s1
[gpu3] START /mnt/data/INR/outputs/droid_lowdim_full_shards707of2048_p345_balanced_min300_remove_hk300_suite_20260503/droid_lowdim_full_balanced_min300_remove__cvae__generalization__s0
[gpu2] START /mnt/data/INR/outputs/droid_lowdim_full_shards707of2048_p345_balanced_min300_remove_hk300_suite_20260503/droid_lowdim_full_balanced_min300_remove__cvae__generalization__s1
[gpu2] OK /mnt/data/INR/outputs/droid_lowdim_full_shards707of2048_p345_balanced_min300_remove_hk300_suite_20260503/droid_lowdim_full_balanced_min300_remove__cvae__generalization__s1 (9.3s)
[gpu2] START /mnt/data/INR/outputs/droid_lowdim_full_shards707of2048_p345_balanced_min300_remove_hk300_suite_20260503/droid_lowdim_full_balanced_min300_remove__cvae__new_policy__s0
[gpu3] OK /mnt/data/INR/outputs/droid_lowdim_full_shards707of2048_p345_balanced_min300_remove_hk300_suite_20260503/droid_lowdim_full_balanced_min300_remove__cvae__generalization__s0 (9.6s)
[gpu3] START /mnt/data/INR/outputs/droid_lowdim_full_shards707of2048_p345_balanced_min300_remove_hk300_suite_20260503/droid_lowdim_full_balanced_min300_remove__cvae__new_policy__s1
[gpu0] OK /mnt/data/INR/outputs/droid_lowdim_full_shards707of2048_p345_balanced_min300_remove_hk300_suite_20260503/droid_lowdim_full_balanced_min300_remove__cvae__conflation__s0 (12.9s)
[gpu0] START /mnt/data/INR/outputs/droid_lowdim_full_shards707of2048_p345_balanced_min300_remove_hk300_suite_20260503/droid_lowdim_full_balanced_min300_remove__cvae__no_shift__s0
[gpu1] OK /mnt/data/INR/outputs/droid_lowdim_full_shards707of2048_p345_balanced_min300_remove_hk300_suite_20260503/droid_lowdim_full_balanced_min300_remove__cvae__conflation__s1 (13.0s)
[gpu1] START /mnt/data/INR/outputs/droid_lowdim_full_shards707of2048_p345_balanced_min300_remove_hk300_suite_20260503/droid_lowdim_full_balanced_min300_remove__cvae__no_shift__s1
[gpu0] OK /mnt/data/INR/outputs/droid_lowdim_full_shards707of2048_p345_balanced_min300_remove_hk300_suite_20260503/droid_lowdim_full_balanced_min300_remove__cvae__no_shift__s0 (3.9s)
[gpu0] START /mnt/data/INR/outputs/droid_lowdim_full_shards707of2048_p345_balanced_min300_remove_hk300_suite_20260503/droid_lowdim_full_balanced_min300_remove__cvae__novel_generalization__s0
[gpu0] OK /mnt/data/INR/outputs/droid_lowdim_full_shards707of2048_p345_balanced_min300_remove_hk300_suite_20260503/droid_lowdim_full_balanced_min300_remove__cvae__novel_generalization__s0 (8.8s)
[gpu0] START /mnt/data/INR/outputs/droid_lowdim_full_shards707of2048_p345_balanced_min300_remove_hk300_suite_20260503/droid_lowdim_full_balanced_min300_remove__cvae__novel_generalization__s1
[gpu2] OK /mnt/data/INR/outputs/droid_lowdim_full_shards707of2048_p345_balanced_min300_remove_hk300_suite_20260503/droid_lowdim_full_balanced_min300_remove__cvae__new_policy__s0 (21.1s)
[gpu2] START /mnt/data/INR/outputs/droid_lowdim_full_shards707of2048_p345_balanced_min300_remove_hk300_suite_20260503/droid_lowdim_full_balanced_min300_remove__cvae__single_shift__s0
[gpu3] OK /mnt/data/INR/outputs/droid_lowdim_full_shards707of2048_p345_balanced_min300_remove_hk300_suite_20260503/droid_lowdim_full_balanced_min300_remove__cvae__new_policy__s1 (21.2s)
[gpu3] START /mnt/data/INR/outputs/droid_lowdim_full_shards707of2048_p345_balanced_min300_remove_hk300_suite_20260503/droid_lowdim_full_balanced_min300_remove__cvae__single_shift__s1
[gpu0] OK /mnt/data/INR/outputs/droid_lowdim_full_shards707of2048_p345_balanced_min300_remove_hk300_suite_20260503/droid_lowdim_full_balanced_min300_remove__cvae__novel_generalization__s1 (8.7s)
[gpu0] START /mnt/data/INR/outputs/droid_lowdim_full_shards707of2048_p345_balanced_min300_remove_hk300_suite_20260503/droid_lowdim_full_balanced_min300_remove__cvae__specialization__s0
[gpu1] OK /mnt/data/INR/outputs/droid_lowdim_full_shards707of2048_p345_balanced_min300_remove_hk300_suite_20260503/droid_lowdim_full_balanced_min300_remove__cvae__no_shift__s1 (26.1s)
[gpu1] START /mnt/data/INR/outputs/droid_lowdim_full_shards707of2048_p345_balanced_min300_remove_hk300_suite_20260503/droid_lowdim_full_balanced_min300_remove__cvae__specialization__s1
[gpu2] OK /mnt/data/INR/outputs/droid_lowdim_full_shards707of2048_p345_balanced_min300_remove_hk300_suite_20260503/droid_lowdim_full_balanced_min300_remove__cvae__single_shift__s0 (24.2s)
[gpu2] START /mnt/data/INR/outputs/droid_lowdim_full_shards707of2048_p345_balanced_min300_remove_hk300_suite_20260503/droid_lowdim_full_balanced_min300_remove__inr_diffusion_history_conditioned__conflation__s0
[gpu3] OK /mnt/data/INR/outputs/droid_lowdim_full_shards707of2048_p345_balanced_min300_remove_hk300_suite_20260503/droid_lowdim_full_balanced_min300_remove__cvae__single_shift__s1 (24.3s)
[gpu3] START /mnt/data/INR/outputs/droid_lowdim_full_shards707of2048_p345_balanced_min300_remove_hk300_suite_20260503/droid_lowdim_full_balanced_min300_remove__inr_diffusion_history_conditioned__conflation__s1
[gpu0] OK /mnt/data/INR/outputs/droid_lowdim_full_shards707of2048_p345_balanced_min300_remove_hk300_suite_20260503/droid_lowdim_full_balanced_min300_remove__cvae__specialization__s0 (23.6s)
[gpu0] START /mnt/data/INR/outputs/droid_lowdim_full_shards707of2048_p345_balanced_min300_remove_hk300_suite_20260503/droid_lowdim_full_balanced_min300_remove__inr_diffusion_history_conditioned__generalization__s0
[gpu1] OK /mnt/data/INR/outputs/droid_lowdim_full_shards707of2048_p345_balanced_min300_remove_hk300_suite_20260503/droid_lowdim_full_balanced_min300_remove__cvae__specialization__s1 (24.0s)
[gpu1] START /mnt/data/INR/outputs/droid_lowdim_full_shards707of2048_p345_balanced_min300_remove_hk300_suite_20260503/droid_lowdim_full_balanced_min300_remove__inr_diffusion_history_conditioned__generalization__s1
[gpu2] OK /mnt/data/INR/outputs/droid_lowdim_full_shards707of2048_p345_balanced_min300_remove_hk300_suite_20260503/droid_lowdim_full_balanced_min300_remove__inr_diffusion_history_conditioned__conflation__s0 (12.4s)
[gpu2] START /mnt/data/INR/outputs/droid_lowdim_full_shards707of2048_p345_balanced_min300_remove_hk300_suite_20260503/droid_lowdim_full_balanced_min300_remove__inr_diffusion_history_conditioned__new_policy__s0
[gpu0] OK /mnt/data/INR/outputs/droid_lowdim_full_shards707of2048_p345_balanced_min300_remove_hk300_suite_20260503/droid_lowdim_full_balanced_min300_remove__inr_diffusion_history_conditioned__generalization__s0 (9.6s)
[gpu0] START /mnt/data/INR/outputs/droid_lowdim_full_shards707of2048_p345_balanced_min300_remove_hk300_suite_20260503/droid_lowdim_full_balanced_min300_remove__inr_diffusion_history_conditioned__new_policy__s1
[gpu3] OK /mnt/data/INR/outputs/droid_lowdim_full_shards707of2048_p345_balanced_min300_remove_hk300_suite_20260503/droid_lowdim_full_balanced_min300_remove__inr_diffusion_history_conditioned__conflation__s1 (12.3s)
[gpu3] START /mnt/data/INR/outputs/droid_lowdim_full_shards707of2048_p345_balanced_min300_remove_hk300_suite_20260503/droid_lowdim_full_balanced_min300_remove__inr_diffusion_history_conditioned__no_shift__s0
[gpu1] OK /mnt/data/INR/outputs/droid_lowdim_full_shards707of2048_p345_balanced_min300_remove_hk300_suite_20260503/droid_lowdim_full_balanced_min300_remove__inr_diffusion_history_conditioned__generalization__s1 (9.4s)
[gpu1] START /mnt/data/INR/outputs/droid_lowdim_full_shards707of2048_p345_balanced_min300_remove_hk300_suite_20260503/droid_lowdim_full_balanced_min300_remove__inr_diffusion_history_conditioned__no_shift__s1
[gpu0] OK /mnt/data/INR/outputs/droid_lowdim_full_shards707of2048_p345_balanced_min300_remove_hk300_suite_20260503/droid_lowdim_full_balanced_min300_remove__inr_diffusion_history_conditioned__new_policy__s1 (19.8s)
[gpu0] START /mnt/data/INR/outputs/droid_lowdim_full_shards707of2048_p345_balanced_min300_remove_hk300_suite_20260503/droid_lowdim_full_balanced_min300_remove__inr_diffusion_history_conditioned__novel_generalization__s0
[gpu2] OK /mnt/data/INR/outputs/droid_lowdim_full_shards707of2048_p345_balanced_min300_remove_hk300_suite_20260503/droid_lowdim_full_balanced_min300_remove__inr_diffusion_history_conditioned__new_policy__s0 (20.3s)
[gpu2] START /mnt/data/INR/outputs/droid_lowdim_full_shards707of2048_p345_balanced_min300_remove_hk300_suite_20260503/droid_lowdim_full_balanced_min300_remove__inr_diffusion_history_conditioned__novel_generalization__s1
[gpu3] OK /mnt/data/INR/outputs/droid_lowdim_full_shards707of2048_p345_balanced_min300_remove_hk300_suite_20260503/droid_lowdim_full_balanced_min300_remove__inr_diffusion_history_conditioned__no_shift__s0 (24.3s)
[gpu3] START /mnt/data/INR/outputs/droid_lowdim_full_shards707of2048_p345_balanced_min300_remove_hk300_suite_20260503/droid_lowdim_full_balanced_min300_remove__inr_diffusion_history_conditioned__single_shift__s0
[gpu2] OK /mnt/data/INR/outputs/droid_lowdim_full_shards707of2048_p345_balanced_min300_remove_hk300_suite_20260503/droid_lowdim_full_balanced_min300_remove__inr_diffusion_history_conditioned__novel_generalization__s1 (9.1s)
[gpu2] START /mnt/data/INR/outputs/droid_lowdim_full_shards707of2048_p345_balanced_min300_remove_hk300_suite_20260503/droid_lowdim_full_balanced_min300_remove__inr_diffusion_history_conditioned__single_shift__s1
[gpu0] OK /mnt/data/INR/outputs/droid_lowdim_full_shards707of2048_p345_balanced_min300_remove_hk300_suite_20260503/droid_lowdim_full_balanced_min300_remove__inr_diffusion_history_conditioned__novel_generalization__s0 (9.2s)
[gpu0] START /mnt/data/INR/outputs/droid_lowdim_full_shards707of2048_p345_balanced_min300_remove_hk300_suite_20260503/droid_lowdim_full_balanced_min300_remove__inr_diffusion_history_conditioned__specialization__s0
[gpu1] OK /mnt/data/INR/outputs/droid_lowdim_full_shards707of2048_p345_balanced_min300_remove_hk300_suite_20260503/droid_lowdim_full_balanced_min300_remove__inr_diffusion_history_conditioned__no_shift__s1 (25.0s)
[gpu1] START /mnt/data/INR/outputs/droid_lowdim_full_shards707of2048_p345_balanced_min300_remove_hk300_suite_20260503/droid_lowdim_full_balanced_min300_remove__inr_diffusion_history_conditioned__specialization__s1
[gpu3] OK /mnt/data/INR/outputs/droid_lowdim_full_shards707of2048_p345_balanced_min300_remove_hk300_suite_20260503/droid_lowdim_full_balanced_min300_remove__inr_diffusion_history_conditioned__single_shift__s0 (22.7s)
[gpu3] START /mnt/data/INR/outputs/droid_lowdim_full_shards707of2048_p345_balanced_min300_remove_hk300_suite_20260503/droid_lowdim_full_balanced_min300_remove__inr_transformer_fitted_latent__conflation__s0
[gpu0] OK /mnt/data/INR/outputs/droid_lowdim_full_shards707of2048_p345_balanced_min300_remove_hk300_suite_20260503/droid_lowdim_full_balanced_min300_remove__inr_diffusion_history_conditioned__specialization__s0 (21.9s)
[gpu0] START /mnt/data/INR/outputs/droid_lowdim_full_shards707of2048_p345_balanced_min300_remove_hk300_suite_20260503/droid_lowdim_full_balanced_min300_remove__inr_transformer_fitted_latent__conflation__s1
[gpu2] OK /mnt/data/INR/outputs/droid_lowdim_full_shards707of2048_p345_balanced_min300_remove_hk300_suite_20260503/droid_lowdim_full_balanced_min300_remove__inr_diffusion_history_conditioned__single_shift__s1 (22.9s)
[gpu2] START /mnt/data/INR/outputs/droid_lowdim_full_shards707of2048_p345_balanced_min300_remove_hk300_suite_20260503/droid_lowdim_full_balanced_min300_remove__inr_transformer_fitted_latent__generalization__s0
[gpu1] OK /mnt/data/INR/outputs/droid_lowdim_full_shards707of2048_p345_balanced_min300_remove_hk300_suite_20260503/droid_lowdim_full_balanced_min300_remove__inr_diffusion_history_conditioned__specialization__s1 (22.0s)
[gpu1] START /mnt/data/INR/outputs/droid_lowdim_full_shards707of2048_p345_balanced_min300_remove_hk300_suite_20260503/droid_lowdim_full_balanced_min300_remove__inr_transformer_fitted_latent__generalization__s1
[gpu1] OK /mnt/data/INR/outputs/droid_lowdim_full_shards707of2048_p345_balanced_min300_remove_hk300_suite_20260503/droid_lowdim_full_balanced_min300_remove__inr_transformer_fitted_latent__generalization__s1 (14.3s)
[gpu1] START /mnt/data/INR/outputs/droid_lowdim_full_shards707of2048_p345_balanced_min300_remove_hk300_suite_20260503/droid_lowdim_full_balanced_min300_remove__inr_transformer_fitted_latent__new_policy__s0
[gpu2] OK /mnt/data/INR/outputs/droid_lowdim_full_shards707of2048_p345_balanced_min300_remove_hk300_suite_20260503/droid_lowdim_full_balanced_min300_remove__inr_transformer_fitted_latent__generalization__s0 (14.5s)
[gpu2] START /mnt/data/INR/outputs/droid_lowdim_full_shards707of2048_p345_balanced_min300_remove_hk300_suite_20260503/droid_lowdim_full_balanced_min300_remove__inr_transformer_fitted_latent__new_policy__s1
[gpu3] OK /mnt/data/INR/outputs/droid_lowdim_full_shards707of2048_p345_balanced_min300_remove_hk300_suite_20260503/droid_lowdim_full_balanced_min300_remove__inr_transformer_fitted_latent__conflation__s0 (19.9s)
[gpu3] START /mnt/data/INR/outputs/droid_lowdim_full_shards707of2048_p345_balanced_min300_remove_hk300_suite_20260503/droid_lowdim_full_balanced_min300_remove__inr_transformer_fitted_latent__no_shift__s0
[gpu0] OK /mnt/data/INR/outputs/droid_lowdim_full_shards707of2048_p345_balanced_min300_remove_hk300_suite_20260503/droid_lowdim_full_balanced_min300_remove__inr_transformer_fitted_latent__conflation__s1 (19.6s)
[gpu0] START /mnt/data/INR/outputs/droid_lowdim_full_shards707of2048_p345_balanced_min300_remove_hk300_suite_20260503/droid_lowdim_full_balanced_min300_remove__inr_transformer_fitted_latent__no_shift__s1
[gpu1] OK /mnt/data/INR/outputs/droid_lowdim_full_shards707of2048_p345_balanced_min300_remove_hk300_suite_20260503/droid_lowdim_full_balanced_min300_remove__inr_transformer_fitted_latent__new_policy__s0 (33.9s)
[gpu1] START /mnt/data/INR/outputs/droid_lowdim_full_shards707of2048_p345_balanced_min300_remove_hk300_suite_20260503/droid_lowdim_full_balanced_min300_remove__inr_transformer_fitted_latent__novel_generalization__s0
[gpu2] OK /mnt/data/INR/outputs/droid_lowdim_full_shards707of2048_p345_balanced_min300_remove_hk300_suite_20260503/droid_lowdim_full_balanced_min300_remove__inr_transformer_fitted_latent__new_policy__s1 (33.9s)
[gpu2] START /mnt/data/INR/outputs/droid_lowdim_full_shards707of2048_p345_balanced_min300_remove_hk300_suite_20260503/droid_lowdim_full_balanced_min300_remove__inr_transformer_fitted_latent__novel_generalization__s1
[gpu3] OK /mnt/data/INR/outputs/droid_lowdim_full_shards707of2048_p345_balanced_min300_remove_hk300_suite_20260503/droid_lowdim_full_balanced_min300_remove__inr_transformer_fitted_latent__no_shift__s0 (43.4s)
[gpu3] START /mnt/data/INR/outputs/droid_lowdim_full_shards707of2048_p345_balanced_min300_remove_hk300_suite_20260503/droid_lowdim_full_balanced_min300_remove__inr_transformer_fitted_latent__single_shift__s0
[gpu2] OK /mnt/data/INR/outputs/droid_lowdim_full_shards707of2048_p345_balanced_min300_remove_hk300_suite_20260503/droid_lowdim_full_balanced_min300_remove__inr_transformer_fitted_latent__novel_generalization__s1 (13.3s)
[gpu2] START /mnt/data/INR/outputs/droid_lowdim_full_shards707of2048_p345_balanced_min300_remove_hk300_suite_20260503/droid_lowdim_full_balanced_min300_remove__inr_transformer_fitted_latent__single_shift__s1
[gpu1] OK /mnt/data/INR/outputs/droid_lowdim_full_shards707of2048_p345_balanced_min300_remove_hk300_suite_20260503/droid_lowdim_full_balanced_min300_remove__inr_transformer_fitted_latent__novel_generalization__s0 (13.4s)
[gpu1] START /mnt/data/INR/outputs/droid_lowdim_full_shards707of2048_p345_balanced_min300_remove_hk300_suite_20260503/droid_lowdim_full_balanced_min300_remove__inr_transformer_fitted_latent__specialization__s0
[gpu0] OK /mnt/data/INR/outputs/droid_lowdim_full_shards707of2048_p345_balanced_min300_remove_hk300_suite_20260503/droid_lowdim_full_balanced_min300_remove__inr_transformer_fitted_latent__no_shift__s1 (43.2s)
[gpu0] START /mnt/data/INR/outputs/droid_lowdim_full_shards707of2048_p345_balanced_min300_remove_hk300_suite_20260503/droid_lowdim_full_balanced_min300_remove__inr_transformer_fitted_latent__specialization__s1
[gpu3] OK /mnt/data/INR/outputs/droid_lowdim_full_shards707of2048_p345_balanced_min300_remove_hk300_suite_20260503/droid_lowdim_full_balanced_min300_remove__inr_transformer_fitted_latent__single_shift__s0 (40.0s)
[gpu3] START /mnt/data/INR/outputs/droid_lowdim_full_shards707of2048_p345_balanced_min300_remove_hk300_suite_20260503/droid_lowdim_full_balanced_min300_remove__inr_transformer_history_conditioned__conflation__s0
[gpu1] OK /mnt/data/INR/outputs/droid_lowdim_full_shards707of2048_p345_balanced_min300_remove_hk300_suite_20260503/droid_lowdim_full_balanced_min300_remove__inr_transformer_fitted_latent__specialization__s0 (38.4s)
[gpu1] START /mnt/data/INR/outputs/droid_lowdim_full_shards707of2048_p345_balanced_min300_remove_hk300_suite_20260503/droid_lowdim_full_balanced_min300_remove__inr_transformer_history_conditioned__conflation__s1
[gpu0] OK /mnt/data/INR/outputs/droid_lowdim_full_shards707of2048_p345_balanced_min300_remove_hk300_suite_20260503/droid_lowdim_full_balanced_min300_remove__inr_transformer_fitted_latent__specialization__s1 (38.4s)
[gpu0] START /mnt/data/INR/outputs/droid_lowdim_full_shards707of2048_p345_balanced_min300_remove_hk300_suite_20260503/droid_lowdim_full_balanced_min300_remove__inr_transformer_history_conditioned__generalization__s0
[gpu2] OK /mnt/data/INR/outputs/droid_lowdim_full_shards707of2048_p345_balanced_min300_remove_hk300_suite_20260503/droid_lowdim_full_balanced_min300_remove__inr_transformer_fitted_latent__single_shift__s1 (40.1s)
[gpu2] START /mnt/data/INR/outputs/droid_lowdim_full_shards707of2048_p345_balanced_min300_remove_hk300_suite_20260503/droid_lowdim_full_balanced_min300_remove__inr_transformer_history_conditioned__generalization__s1
[gpu0] OK /mnt/data/INR/outputs/droid_lowdim_full_shards707of2048_p345_balanced_min300_remove_hk300_suite_20260503/droid_lowdim_full_balanced_min300_remove__inr_transformer_history_conditioned__generalization__s0 (9.4s)
[gpu0] START /mnt/data/INR/outputs/droid_lowdim_full_shards707of2048_p345_balanced_min300_remove_hk300_suite_20260503/droid_lowdim_full_balanced_min300_remove__inr_transformer_history_conditioned__new_policy__s0
[gpu2] OK /mnt/data/INR/outputs/droid_lowdim_full_shards707of2048_p345_balanced_min300_remove_hk300_suite_20260503/droid_lowdim_full_balanced_min300_remove__inr_transformer_history_conditioned__generalization__s1 (9.2s)
[gpu2] START /mnt/data/INR/outputs/droid_lowdim_full_shards707of2048_p345_balanced_min300_remove_hk300_suite_20260503/droid_lowdim_full_balanced_min300_remove__inr_transformer_history_conditioned__new_policy__s1
[gpu3] OK /mnt/data/INR/outputs/droid_lowdim_full_shards707of2048_p345_balanced_min300_remove_hk300_suite_20260503/droid_lowdim_full_balanced_min300_remove__inr_transformer_history_conditioned__conflation__s0 (12.4s)
[gpu3] START /mnt/data/INR/outputs/droid_lowdim_full_shards707of2048_p345_balanced_min300_remove_hk300_suite_20260503/droid_lowdim_full_balanced_min300_remove__inr_transformer_history_conditioned__no_shift__s0
[gpu1] OK /mnt/data/INR/outputs/droid_lowdim_full_shards707of2048_p345_balanced_min300_remove_hk300_suite_20260503/droid_lowdim_full_balanced_min300_remove__inr_transformer_history_conditioned__conflation__s1 (12.4s)
[gpu1] START /mnt/data/INR/outputs/droid_lowdim_full_shards707of2048_p345_balanced_min300_remove_hk300_suite_20260503/droid_lowdim_full_balanced_min300_remove__inr_transformer_history_conditioned__no_shift__s1
[gpu0] OK /mnt/data/INR/outputs/droid_lowdim_full_shards707of2048_p345_balanced_min300_remove_hk300_suite_20260503/droid_lowdim_full_balanced_min300_remove__inr_transformer_history_conditioned__new_policy__s0 (19.9s)
[gpu0] START /mnt/data/INR/outputs/droid_lowdim_full_shards707of2048_p345_balanced_min300_remove_hk300_suite_20260503/droid_lowdim_full_balanced_min300_remove__inr_transformer_history_conditioned__novel_generalization__s0
[gpu2] OK /mnt/data/INR/outputs/droid_lowdim_full_shards707of2048_p345_balanced_min300_remove_hk300_suite_20260503/droid_lowdim_full_balanced_min300_remove__inr_transformer_history_conditioned__new_policy__s1 (19.8s)
[gpu2] START /mnt/data/INR/outputs/droid_lowdim_full_shards707of2048_p345_balanced_min300_remove_hk300_suite_20260503/droid_lowdim_full_balanced_min300_remove__inr_transformer_history_conditioned__novel_generalization__s1
[gpu3] OK /mnt/data/INR/outputs/droid_lowdim_full_shards707of2048_p345_balanced_min300_remove_hk300_suite_20260503/droid_lowdim_full_balanced_min300_remove__inr_transformer_history_conditioned__no_shift__s0 (24.4s)
[gpu3] START /mnt/data/INR/outputs/droid_lowdim_full_shards707of2048_p345_balanced_min300_remove_hk300_suite_20260503/droid_lowdim_full_balanced_min300_remove__inr_transformer_history_conditioned__single_shift__s0
[gpu1] OK /mnt/data/INR/outputs/droid_lowdim_full_shards707of2048_p345_balanced_min300_remove_hk300_suite_20260503/droid_lowdim_full_balanced_min300_remove__inr_transformer_history_conditioned__no_shift__s1 (24.8s)
[gpu1] START /mnt/data/INR/outputs/droid_lowdim_full_shards707of2048_p345_balanced_min300_remove_hk300_suite_20260503/droid_lowdim_full_balanced_min300_remove__inr_transformer_history_conditioned__single_shift__s1
[gpu0] OK /mnt/data/INR/outputs/droid_lowdim_full_shards707of2048_p345_balanced_min300_remove_hk300_suite_20260503/droid_lowdim_full_balanced_min300_remove__inr_transformer_history_conditioned__novel_generalization__s0 (9.3s)
[gpu0] START /mnt/data/INR/outputs/droid_lowdim_full_shards707of2048_p345_balanced_min300_remove_hk300_suite_20260503/droid_lowdim_full_balanced_min300_remove__inr_transformer_history_conditioned__specialization__s0
[gpu2] OK /mnt/data/INR/outputs/droid_lowdim_full_shards707of2048_p345_balanced_min300_remove_hk300_suite_20260503/droid_lowdim_full_balanced_min300_remove__inr_transformer_history_conditioned__novel_generalization__s1 (8.7s)
[gpu2] START /mnt/data/INR/outputs/droid_lowdim_full_shards707of2048_p345_balanced_min300_remove_hk300_suite_20260503/droid_lowdim_full_balanced_min300_remove__inr_transformer_history_conditioned__specialization__s1
[gpu3] OK /mnt/data/INR/outputs/droid_lowdim_full_shards707of2048_p345_balanced_min300_remove_hk300_suite_20260503/droid_lowdim_full_balanced_min300_remove__inr_transformer_history_conditioned__single_shift__s0 (22.7s)
[gpu3] START /mnt/data/INR/outputs/droid_lowdim_full_shards707of2048_p345_balanced_min300_remove_hk300_suite_20260503/droid_lowdim_full_balanced_min300_remove__inr_transformer_infer_latent_maml__conflation__s0
[gpu1] OK /mnt/data/INR/outputs/droid_lowdim_full_shards707of2048_p345_balanced_min300_remove_hk300_suite_20260503/droid_lowdim_full_balanced_min300_remove__inr_transformer_history_conditioned__single_shift__s1 (22.8s)
[gpu1] START /mnt/data/INR/outputs/droid_lowdim_full_shards707of2048_p345_balanced_min300_remove_hk300_suite_20260503/droid_lowdim_full_balanced_min300_remove__inr_transformer_infer_latent_maml__conflation__s1
[gpu0] OK /mnt/data/INR/outputs/droid_lowdim_full_shards707of2048_p345_balanced_min300_remove_hk300_suite_20260503/droid_lowdim_full_balanced_min300_remove__inr_transformer_history_conditioned__specialization__s0 (21.9s)
[gpu0] START /mnt/data/INR/outputs/droid_lowdim_full_shards707of2048_p345_balanced_min300_remove_hk300_suite_20260503/droid_lowdim_full_balanced_min300_remove__inr_transformer_infer_latent_maml__generalization__s0
[gpu2] OK /mnt/data/INR/outputs/droid_lowdim_full_shards707of2048_p345_balanced_min300_remove_hk300_suite_20260503/droid_lowdim_full_balanced_min300_remove__inr_transformer_history_conditioned__specialization__s1 (22.0s)
[gpu2] START /mnt/data/INR/outputs/droid_lowdim_full_shards707of2048_p345_balanced_min300_remove_hk300_suite_20260503/droid_lowdim_full_balanced_min300_remove__inr_transformer_infer_latent_maml__generalization__s1
[gpu0] OK /mnt/data/INR/outputs/droid_lowdim_full_shards707of2048_p345_balanced_min300_remove_hk300_suite_20260503/droid_lowdim_full_balanced_min300_remove__inr_transformer_infer_latent_maml__generalization__s0 (11.2s)
[gpu0] START /mnt/data/INR/outputs/droid_lowdim_full_shards707of2048_p345_balanced_min300_remove_hk300_suite_20260503/droid_lowdim_full_balanced_min300_remove__inr_transformer_infer_latent_maml__new_policy__s0
[gpu2] OK /mnt/data/INR/outputs/droid_lowdim_full_shards707of2048_p345_balanced_min300_remove_hk300_suite_20260503/droid_lowdim_full_balanced_min300_remove__inr_transformer_infer_latent_maml__generalization__s1 (10.7s)
[gpu2] START /mnt/data/INR/outputs/droid_lowdim_full_shards707of2048_p345_balanced_min300_remove_hk300_suite_20260503/droid_lowdim_full_balanced_min300_remove__inr_transformer_infer_latent_maml__new_policy__s1
[gpu3] OK /mnt/data/INR/outputs/droid_lowdim_full_shards707of2048_p345_balanced_min300_remove_hk300_suite_20260503/droid_lowdim_full_balanced_min300_remove__inr_transformer_infer_latent_maml__conflation__s0 (14.6s)
[gpu3] START /mnt/data/INR/outputs/droid_lowdim_full_shards707of2048_p345_balanced_min300_remove_hk300_suite_20260503/droid_lowdim_full_balanced_min300_remove__inr_transformer_infer_latent_maml__no_shift__s0
[gpu1] OK /mnt/data/INR/outputs/droid_lowdim_full_shards707of2048_p345_balanced_min300_remove_hk300_suite_20260503/droid_lowdim_full_balanced_min300_remove__inr_transformer_infer_latent_maml__conflation__s1 (14.3s)
[gpu1] START /mnt/data/INR/outputs/droid_lowdim_full_shards707of2048_p345_balanced_min300_remove_hk300_suite_20260503/droid_lowdim_full_balanced_min300_remove__inr_transformer_infer_latent_maml__no_shift__s1
[gpu0] OK /mnt/data/INR/outputs/droid_lowdim_full_shards707of2048_p345_balanced_min300_remove_hk300_suite_20260503/droid_lowdim_full_balanced_min300_remove__inr_transformer_infer_latent_maml__new_policy__s0 (23.6s)
[gpu2] OK /mnt/data/INR/outputs/droid_lowdim_full_shards707of2048_p345_balanced_min300_remove_hk300_suite_20260503/droid_lowdim_full_balanced_min300_remove__inr_transformer_infer_latent_maml__new_policy__s1 (23.6s)
[gpu3] OK /mnt/data/INR/outputs/droid_lowdim_full_shards707of2048_p345_balanced_min300_remove_hk300_suite_20260503/droid_lowdim_full_balanced_min300_remove__inr_transformer_infer_latent_maml__no_shift__s0 (29.2s)
[gpu1] OK /mnt/data/INR/outputs/droid_lowdim_full_shards707of2048_p345_balanced_min300_remove_hk300_suite_20260503/droid_lowdim_full_balanced_min300_remove__inr_transformer_infer_latent_maml__no_shift__s1 (29.1s)
