[gpu0:0] START droid_lowdim_full_balanced_min300_remove__inr_transformer_infer_latent_maml__no_shift__s0
[gpu1:1] START droid_lowdim_full_balanced_min300_remove__inr_transformer_infer_latent_maml__no_shift__s1
[gpu2:2] START droid_lowdim_full_balanced_min300_remove__inr_transformer_infer_latent_maml__new_policy__s0
[gpu3:3] START droid_lowdim_full_balanced_min300_remove__inr_transformer_infer_latent_maml__new_policy__s1
[gpu0:0] OK droid_lowdim_full_balanced_min300_remove__inr_transformer_infer_latent_maml__no_shift__s0 (14211.8s)
[gpu0:0] START droid_lowdim_full_balanced_min300_remove__inr_transformer_infer_latent_maml__single_shift__s0
[gpu2:2] OK droid_lowdim_full_balanced_min300_remove__inr_transformer_infer_latent_maml__new_policy__s0 (14224.4s)
[gpu2:2] START droid_lowdim_full_balanced_min300_remove__inr_transformer_infer_latent_maml__single_shift__s1
[gpu1:1] OK droid_lowdim_full_balanced_min300_remove__inr_transformer_infer_latent_maml__no_shift__s1 (14305.9s)
[gpu1:1] START droid_lowdim_full_balanced_min300_remove__inr_transformer_infer_latent_maml__conflation__s0
[gpu3:3] OK droid_lowdim_full_balanced_min300_remove__inr_transformer_infer_latent_maml__new_policy__s1 (14318.7s)
[gpu3:3] START droid_lowdim_full_balanced_min300_remove__inr_transformer_infer_latent_maml__conflation__s1
[gpu3:3] OK droid_lowdim_full_balanced_min300_remove__inr_transformer_infer_latent_maml__conflation__s1 (6823.3s)
[gpu3:3] START droid_lowdim_full_balanced_min300_remove__inr_transformer_infer_latent_maml__generalization__s0
[gpu1:1] OK droid_lowdim_full_balanced_min300_remove__inr_transformer_infer_latent_maml__conflation__s0 (6874.2s)
[gpu1:1] START droid_lowdim_full_balanced_min300_remove__inr_transformer_infer_latent_maml__generalization__s1
[gpu3:3] OK droid_lowdim_full_balanced_min300_remove__inr_transformer_infer_latent_maml__generalization__s0 (1556.6s)
[gpu3:3] START droid_lowdim_full_balanced_min300_remove__inr_transformer_infer_latent_maml__specialization__s0
[gpu1:1] OK droid_lowdim_full_balanced_min300_remove__inr_transformer_infer_latent_maml__generalization__s1 (1524.0s)
[gpu1:1] START droid_lowdim_full_balanced_min300_remove__inr_transformer_infer_latent_maml__specialization__s1
