[gpu0] START /mnt/data/INR/outputs/droid_lowdim_full_shards707of2048_p345_balanced_min300_remove_hk300_suite_20260503/droid_lowdim_full_balanced_min300_remove__cvae__conflation__s0
[gpu1] START /mnt/data/INR/outputs/droid_lowdim_full_shards707of2048_p345_balanced_min300_remove_hk300_suite_20260503/droid_lowdim_full_balanced_min300_remove__cvae__conflation__s1
[gpu2] START /mnt/data/INR/outputs/droid_lowdim_full_shards707of2048_p345_balanced_min300_remove_hk300_suite_20260503/droid_lowdim_full_balanced_min300_remove__cvae__generalization__s0
[gpu3] START /mnt/data/INR/outputs/droid_lowdim_full_shards707of2048_p345_balanced_min300_remove_hk300_suite_20260503/droid_lowdim_full_balanced_min300_remove__cvae__generalization__s1
[gpu3] OK /mnt/data/INR/outputs/droid_lowdim_full_shards707of2048_p345_balanced_min300_remove_hk300_suite_20260503/droid_lowdim_full_balanced_min300_remove__cvae__generalization__s1 (8.0s)
[gpu3] START /mnt/data/INR/outputs/droid_lowdim_full_shards707of2048_p345_balanced_min300_remove_hk300_suite_20260503/droid_lowdim_full_balanced_min300_remove__cvae__new_policy__s0
[gpu2] OK /mnt/data/INR/outputs/droid_lowdim_full_shards707of2048_p345_balanced_min300_remove_hk300_suite_20260503/droid_lowdim_full_balanced_min300_remove__cvae__generalization__s0 (8.2s)
[gpu2] START /mnt/data/INR/outputs/droid_lowdim_full_shards707of2048_p345_balanced_min300_remove_hk300_suite_20260503/droid_lowdim_full_balanced_min300_remove__cvae__new_policy__s1
[gpu1] OK /mnt/data/INR/outputs/droid_lowdim_full_shards707of2048_p345_balanced_min300_remove_hk300_suite_20260503/droid_lowdim_full_balanced_min300_remove__cvae__conflation__s1 (12.3s)
[gpu1] START /mnt/data/INR/outputs/droid_lowdim_full_shards707of2048_p345_balanced_min300_remove_hk300_suite_20260503/droid_lowdim_full_balanced_min300_remove__cvae__no_shift__s0
[gpu0] OK /mnt/data/INR/outputs/droid_lowdim_full_shards707of2048_p345_balanced_min300_remove_hk300_suite_20260503/droid_lowdim_full_balanced_min300_remove__cvae__conflation__s0 (12.4s)
[gpu0] START /mnt/data/INR/outputs/droid_lowdim_full_shards707of2048_p345_balanced_min300_remove_hk300_suite_20260503/droid_lowdim_full_balanced_min300_remove__cvae__no_shift__s1
[gpu3] OK /mnt/data/INR/outputs/droid_lowdim_full_shards707of2048_p345_balanced_min300_remove_hk300_suite_20260503/droid_lowdim_full_balanced_min300_remove__cvae__new_policy__s0 (21.1s)
[gpu3] START /mnt/data/INR/outputs/droid_lowdim_full_shards707of2048_p345_balanced_min300_remove_hk300_suite_20260503/droid_lowdim_full_balanced_min300_remove__cvae__novel_generalization__s0
[gpu2] OK /mnt/data/INR/outputs/droid_lowdim_full_shards707of2048_p345_balanced_min300_remove_hk300_suite_20260503/droid_lowdim_full_balanced_min300_remove__cvae__new_policy__s1 (21.0s)
[gpu2] START /mnt/data/INR/outputs/droid_lowdim_full_shards707of2048_p345_balanced_min300_remove_hk300_suite_20260503/droid_lowdim_full_balanced_min300_remove__cvae__novel_generalization__s1
[gpu0] OK /mnt/data/INR/outputs/droid_lowdim_full_shards707of2048_p345_balanced_min300_remove_hk300_suite_20260503/droid_lowdim_full_balanced_min300_remove__cvae__no_shift__s1 (20.4s)
[gpu0] START /mnt/data/INR/outputs/droid_lowdim_full_shards707of2048_p345_balanced_min300_remove_hk300_suite_20260503/droid_lowdim_full_balanced_min300_remove__cvae__single_shift__s0
[gpu1] OK /mnt/data/INR/outputs/droid_lowdim_full_shards707of2048_p345_balanced_min300_remove_hk300_suite_20260503/droid_lowdim_full_balanced_min300_remove__cvae__no_shift__s0 (20.6s)
[gpu1] START /mnt/data/INR/outputs/droid_lowdim_full_shards707of2048_p345_balanced_min300_remove_hk300_suite_20260503/droid_lowdim_full_balanced_min300_remove__cvae__single_shift__s1
[gpu2] OK /mnt/data/INR/outputs/droid_lowdim_full_shards707of2048_p345_balanced_min300_remove_hk300_suite_20260503/droid_lowdim_full_balanced_min300_remove__cvae__novel_generalization__s1 (8.8s)
[gpu2] START /mnt/data/INR/outputs/droid_lowdim_full_shards707of2048_p345_balanced_min300_remove_hk300_suite_20260503/droid_lowdim_full_balanced_min300_remove__cvae__specialization__s0
[gpu3] OK /mnt/data/INR/outputs/droid_lowdim_full_shards707of2048_p345_balanced_min300_remove_hk300_suite_20260503/droid_lowdim_full_balanced_min300_remove__cvae__novel_generalization__s0 (9.2s)
[gpu3] START /mnt/data/INR/outputs/droid_lowdim_full_shards707of2048_p345_balanced_min300_remove_hk300_suite_20260503/droid_lowdim_full_balanced_min300_remove__cvae__specialization__s1
[gpu0] OK /mnt/data/INR/outputs/droid_lowdim_full_shards707of2048_p345_balanced_min300_remove_hk300_suite_20260503/droid_lowdim_full_balanced_min300_remove__cvae__single_shift__s0 (19.3s)
[gpu0] START /mnt/data/INR/outputs/droid_lowdim_full_shards707of2048_p345_balanced_min300_remove_hk300_suite_20260503/droid_lowdim_full_balanced_min300_remove__inr_diffusion_history_conditioned__conflation__s0
[gpu1] OK /mnt/data/INR/outputs/droid_lowdim_full_shards707of2048_p345_balanced_min300_remove_hk300_suite_20260503/droid_lowdim_full_balanced_min300_remove__cvae__single_shift__s1 (19.8s)
[gpu1] START /mnt/data/INR/outputs/droid_lowdim_full_shards707of2048_p345_balanced_min300_remove_hk300_suite_20260503/droid_lowdim_full_balanced_min300_remove__inr_diffusion_history_conditioned__conflation__s1
[gpu2] OK /mnt/data/INR/outputs/droid_lowdim_full_shards707of2048_p345_balanced_min300_remove_hk300_suite_20260503/droid_lowdim_full_balanced_min300_remove__cvae__specialization__s0 (18.8s)
[gpu2] START /mnt/data/INR/outputs/droid_lowdim_full_shards707of2048_p345_balanced_min300_remove_hk300_suite_20260503/droid_lowdim_full_balanced_min300_remove__inr_diffusion_history_conditioned__generalization__s0
[gpu3] OK /mnt/data/INR/outputs/droid_lowdim_full_shards707of2048_p345_balanced_min300_remove_hk300_suite_20260503/droid_lowdim_full_balanced_min300_remove__cvae__specialization__s1 (18.9s)
[gpu3] START /mnt/data/INR/outputs/droid_lowdim_full_shards707of2048_p345_balanced_min300_remove_hk300_suite_20260503/droid_lowdim_full_balanced_min300_remove__inr_diffusion_history_conditioned__generalization__s1
[gpu0] OK /mnt/data/INR/outputs/droid_lowdim_full_shards707of2048_p345_balanced_min300_remove_hk300_suite_20260503/droid_lowdim_full_balanced_min300_remove__inr_diffusion_history_conditioned__conflation__s0 (11.7s)
[gpu0] START /mnt/data/INR/outputs/droid_lowdim_full_shards707of2048_p345_balanced_min300_remove_hk300_suite_20260503/droid_lowdim_full_balanced_min300_remove__inr_diffusion_history_conditioned__new_policy__s0
[gpu1] OK /mnt/data/INR/outputs/droid_lowdim_full_shards707of2048_p345_balanced_min300_remove_hk300_suite_20260503/droid_lowdim_full_balanced_min300_remove__inr_diffusion_history_conditioned__conflation__s1 (11.7s)
[gpu1] START /mnt/data/INR/outputs/droid_lowdim_full_shards707of2048_p345_balanced_min300_remove_hk300_suite_20260503/droid_lowdim_full_balanced_min300_remove__inr_diffusion_history_conditioned__new_policy__s1
[gpu2] OK /mnt/data/INR/outputs/droid_lowdim_full_shards707of2048_p345_balanced_min300_remove_hk300_suite_20260503/droid_lowdim_full_balanced_min300_remove__inr_diffusion_history_conditioned__generalization__s0 (8.4s)
[gpu2] START /mnt/data/INR/outputs/droid_lowdim_full_shards707of2048_p345_balanced_min300_remove_hk300_suite_20260503/droid_lowdim_full_balanced_min300_remove__inr_diffusion_history_conditioned__no_shift__s0
[gpu3] OK /mnt/data/INR/outputs/droid_lowdim_full_shards707of2048_p345_balanced_min300_remove_hk300_suite_20260503/droid_lowdim_full_balanced_min300_remove__inr_diffusion_history_conditioned__generalization__s1 (8.1s)
[gpu3] START /mnt/data/INR/outputs/droid_lowdim_full_shards707of2048_p345_balanced_min300_remove_hk300_suite_20260503/droid_lowdim_full_balanced_min300_remove__inr_diffusion_history_conditioned__no_shift__s1
[gpu0] OK /mnt/data/INR/outputs/droid_lowdim_full_shards707of2048_p345_balanced_min300_remove_hk300_suite_20260503/droid_lowdim_full_balanced_min300_remove__inr_diffusion_history_conditioned__new_policy__s0 (20.0s)
[gpu0] START /mnt/data/INR/outputs/droid_lowdim_full_shards707of2048_p345_balanced_min300_remove_hk300_suite_20260503/droid_lowdim_full_balanced_min300_remove__inr_diffusion_history_conditioned__novel_generalization__s0
[gpu3] OK /mnt/data/INR/outputs/droid_lowdim_full_shards707of2048_p345_balanced_min300_remove_hk300_suite_20260503/droid_lowdim_full_balanced_min300_remove__inr_diffusion_history_conditioned__no_shift__s1 (19.5s)
[gpu3] START /mnt/data/INR/outputs/droid_lowdim_full_shards707of2048_p345_balanced_min300_remove_hk300_suite_20260503/droid_lowdim_full_balanced_min300_remove__inr_diffusion_history_conditioned__novel_generalization__s1
[gpu1] OK /mnt/data/INR/outputs/droid_lowdim_full_shards707of2048_p345_balanced_min300_remove_hk300_suite_20260503/droid_lowdim_full_balanced_min300_remove__inr_diffusion_history_conditioned__new_policy__s1 (20.4s)
[gpu1] START /mnt/data/INR/outputs/droid_lowdim_full_shards707of2048_p345_balanced_min300_remove_hk300_suite_20260503/droid_lowdim_full_balanced_min300_remove__inr_diffusion_history_conditioned__single_shift__s0
[gpu2] OK /mnt/data/INR/outputs/droid_lowdim_full_shards707of2048_p345_balanced_min300_remove_hk300_suite_20260503/droid_lowdim_full_balanced_min300_remove__inr_diffusion_history_conditioned__no_shift__s0 (19.6s)
[gpu2] START /mnt/data/INR/outputs/droid_lowdim_full_shards707of2048_p345_balanced_min300_remove_hk300_suite_20260503/droid_lowdim_full_balanced_min300_remove__inr_diffusion_history_conditioned__single_shift__s1
[gpu0] OK /mnt/data/INR/outputs/droid_lowdim_full_shards707of2048_p345_balanced_min300_remove_hk300_suite_20260503/droid_lowdim_full_balanced_min300_remove__inr_diffusion_history_conditioned__novel_generalization__s0 (9.0s)
[gpu0] START /mnt/data/INR/outputs/droid_lowdim_full_shards707of2048_p345_balanced_min300_remove_hk300_suite_20260503/droid_lowdim_full_balanced_min300_remove__inr_diffusion_history_conditioned__specialization__s0
[gpu3] OK /mnt/data/INR/outputs/droid_lowdim_full_shards707of2048_p345_balanced_min300_remove_hk300_suite_20260503/droid_lowdim_full_balanced_min300_remove__inr_diffusion_history_conditioned__novel_generalization__s1 (8.5s)
[gpu3] START /mnt/data/INR/outputs/droid_lowdim_full_shards707of2048_p345_balanced_min300_remove_hk300_suite_20260503/droid_lowdim_full_balanced_min300_remove__inr_diffusion_history_conditioned__specialization__s1
[gpu1] OK /mnt/data/INR/outputs/droid_lowdim_full_shards707of2048_p345_balanced_min300_remove_hk300_suite_20260503/droid_lowdim_full_balanced_min300_remove__inr_diffusion_history_conditioned__single_shift__s0 (18.0s)
[gpu1] START /mnt/data/INR/outputs/droid_lowdim_full_shards707of2048_p345_balanced_min300_remove_hk300_suite_20260503/droid_lowdim_full_balanced_min300_remove__inr_transformer_fitted_latent__conflation__s0
[gpu2] OK /mnt/data/INR/outputs/droid_lowdim_full_shards707of2048_p345_balanced_min300_remove_hk300_suite_20260503/droid_lowdim_full_balanced_min300_remove__inr_diffusion_history_conditioned__single_shift__s1 (18.3s)
[gpu2] START /mnt/data/INR/outputs/droid_lowdim_full_shards707of2048_p345_balanced_min300_remove_hk300_suite_20260503/droid_lowdim_full_balanced_min300_remove__inr_transformer_fitted_latent__conflation__s1
[gpu0] OK /mnt/data/INR/outputs/droid_lowdim_full_shards707of2048_p345_balanced_min300_remove_hk300_suite_20260503/droid_lowdim_full_balanced_min300_remove__inr_diffusion_history_conditioned__specialization__s0 (17.5s)
[gpu0] START /mnt/data/INR/outputs/droid_lowdim_full_shards707of2048_p345_balanced_min300_remove_hk300_suite_20260503/droid_lowdim_full_balanced_min300_remove__inr_transformer_fitted_latent__generalization__s0
[gpu3] OK /mnt/data/INR/outputs/droid_lowdim_full_shards707of2048_p345_balanced_min300_remove_hk300_suite_20260503/droid_lowdim_full_balanced_min300_remove__inr_diffusion_history_conditioned__specialization__s1 (17.7s)
[gpu3] START /mnt/data/INR/outputs/droid_lowdim_full_shards707of2048_p345_balanced_min300_remove_hk300_suite_20260503/droid_lowdim_full_balanced_min300_remove__inr_transformer_fitted_latent__generalization__s1
[gpu1] OK /mnt/data/INR/outputs/droid_lowdim_full_shards707of2048_p345_balanced_min300_remove_hk300_suite_20260503/droid_lowdim_full_balanced_min300_remove__inr_transformer_fitted_latent__conflation__s0 (18.9s)
[gpu1] START /mnt/data/INR/outputs/droid_lowdim_full_shards707of2048_p345_balanced_min300_remove_hk300_suite_20260503/droid_lowdim_full_balanced_min300_remove__inr_transformer_fitted_latent__new_policy__s0
[gpu2] OK /mnt/data/INR/outputs/droid_lowdim_full_shards707of2048_p345_balanced_min300_remove_hk300_suite_20260503/droid_lowdim_full_balanced_min300_remove__inr_transformer_fitted_latent__conflation__s1 (18.6s)
[gpu2] START /mnt/data/INR/outputs/droid_lowdim_full_shards707of2048_p345_balanced_min300_remove_hk300_suite_20260503/droid_lowdim_full_balanced_min300_remove__inr_transformer_fitted_latent__new_policy__s1
[gpu0] OK /mnt/data/INR/outputs/droid_lowdim_full_shards707of2048_p345_balanced_min300_remove_hk300_suite_20260503/droid_lowdim_full_balanced_min300_remove__inr_transformer_fitted_latent__generalization__s0 (11.7s)
[gpu0] START /mnt/data/INR/outputs/droid_lowdim_full_shards707of2048_p345_balanced_min300_remove_hk300_suite_20260503/droid_lowdim_full_balanced_min300_remove__inr_transformer_fitted_latent__no_shift__s0
[gpu3] OK /mnt/data/INR/outputs/droid_lowdim_full_shards707of2048_p345_balanced_min300_remove_hk300_suite_20260503/droid_lowdim_full_balanced_min300_remove__inr_transformer_fitted_latent__generalization__s1 (11.2s)
[gpu3] START /mnt/data/INR/outputs/droid_lowdim_full_shards707of2048_p345_balanced_min300_remove_hk300_suite_20260503/droid_lowdim_full_balanced_min300_remove__inr_transformer_fitted_latent__no_shift__s1
[gpu3] OK /mnt/data/INR/outputs/droid_lowdim_full_shards707of2048_p345_balanced_min300_remove_hk300_suite_20260503/droid_lowdim_full_balanced_min300_remove__inr_transformer_fitted_latent__no_shift__s1 (32.9s)
[gpu3] START /mnt/data/INR/outputs/droid_lowdim_full_shards707of2048_p345_balanced_min300_remove_hk300_suite_20260503/droid_lowdim_full_balanced_min300_remove__inr_transformer_fitted_latent__novel_generalization__s0
[gpu0] OK /mnt/data/INR/outputs/droid_lowdim_full_shards707of2048_p345_balanced_min300_remove_hk300_suite_20260503/droid_lowdim_full_balanced_min300_remove__inr_transformer_fitted_latent__no_shift__s0 (33.0s)
[gpu0] START /mnt/data/INR/outputs/droid_lowdim_full_shards707of2048_p345_balanced_min300_remove_hk300_suite_20260503/droid_lowdim_full_balanced_min300_remove__inr_transformer_fitted_latent__novel_generalization__s1
[gpu2] OK /mnt/data/INR/outputs/droid_lowdim_full_shards707of2048_p345_balanced_min300_remove_hk300_suite_20260503/droid_lowdim_full_balanced_min300_remove__inr_transformer_fitted_latent__new_policy__s1 (34.3s)
[gpu2] START /mnt/data/INR/outputs/droid_lowdim_full_shards707of2048_p345_balanced_min300_remove_hk300_suite_20260503/droid_lowdim_full_balanced_min300_remove__inr_transformer_fitted_latent__single_shift__s0
[gpu1] OK /mnt/data/INR/outputs/droid_lowdim_full_shards707of2048_p345_balanced_min300_remove_hk300_suite_20260503/droid_lowdim_full_balanced_min300_remove__inr_transformer_fitted_latent__new_policy__s0 (34.5s)
[gpu1] START /mnt/data/INR/outputs/droid_lowdim_full_shards707of2048_p345_balanced_min300_remove_hk300_suite_20260503/droid_lowdim_full_balanced_min300_remove__inr_transformer_fitted_latent__single_shift__s1
[gpu0] OK /mnt/data/INR/outputs/droid_lowdim_full_shards707of2048_p345_balanced_min300_remove_hk300_suite_20260503/droid_lowdim_full_balanced_min300_remove__inr_transformer_fitted_latent__novel_generalization__s1 (13.1s)
[gpu0] START /mnt/data/INR/outputs/droid_lowdim_full_shards707of2048_p345_balanced_min300_remove_hk300_suite_20260503/droid_lowdim_full_balanced_min300_remove__inr_transformer_fitted_latent__specialization__s0
[gpu3] OK /mnt/data/INR/outputs/droid_lowdim_full_shards707of2048_p345_balanced_min300_remove_hk300_suite_20260503/droid_lowdim_full_balanced_min300_remove__inr_transformer_fitted_latent__novel_generalization__s0 (13.5s)
[gpu3] START /mnt/data/INR/outputs/droid_lowdim_full_shards707of2048_p345_balanced_min300_remove_hk300_suite_20260503/droid_lowdim_full_balanced_min300_remove__inr_transformer_fitted_latent__specialization__s1
[gpu2] OK /mnt/data/INR/outputs/droid_lowdim_full_shards707of2048_p345_balanced_min300_remove_hk300_suite_20260503/droid_lowdim_full_balanced_min300_remove__inr_transformer_fitted_latent__single_shift__s0 (29.9s)
[gpu2] START /mnt/data/INR/outputs/droid_lowdim_full_shards707of2048_p345_balanced_min300_remove_hk300_suite_20260503/droid_lowdim_full_balanced_min300_remove__inr_transformer_history_conditioned__conflation__s0
[gpu1] OK /mnt/data/INR/outputs/droid_lowdim_full_shards707of2048_p345_balanced_min300_remove_hk300_suite_20260503/droid_lowdim_full_balanced_min300_remove__inr_transformer_fitted_latent__single_shift__s1 (30.3s)
[gpu1] START /mnt/data/INR/outputs/droid_lowdim_full_shards707of2048_p345_balanced_min300_remove_hk300_suite_20260503/droid_lowdim_full_balanced_min300_remove__inr_transformer_history_conditioned__conflation__s1
[gpu0] OK /mnt/data/INR/outputs/droid_lowdim_full_shards707of2048_p345_balanced_min300_remove_hk300_suite_20260503/droid_lowdim_full_balanced_min300_remove__inr_transformer_fitted_latent__specialization__s0 (28.0s)
[gpu0] START /mnt/data/INR/outputs/droid_lowdim_full_shards707of2048_p345_balanced_min300_remove_hk300_suite_20260503/droid_lowdim_full_balanced_min300_remove__inr_transformer_history_conditioned__generalization__s0
[gpu3] OK /mnt/data/INR/outputs/droid_lowdim_full_shards707of2048_p345_balanced_min300_remove_hk300_suite_20260503/droid_lowdim_full_balanced_min300_remove__inr_transformer_fitted_latent__specialization__s1 (28.3s)
[gpu3] START /mnt/data/INR/outputs/droid_lowdim_full_shards707of2048_p345_balanced_min300_remove_hk300_suite_20260503/droid_lowdim_full_balanced_min300_remove__inr_transformer_history_conditioned__generalization__s1
[gpu2] OK /mnt/data/INR/outputs/droid_lowdim_full_shards707of2048_p345_balanced_min300_remove_hk300_suite_20260503/droid_lowdim_full_balanced_min300_remove__inr_transformer_history_conditioned__conflation__s0 (11.6s)
[gpu2] START /mnt/data/INR/outputs/droid_lowdim_full_shards707of2048_p345_balanced_min300_remove_hk300_suite_20260503/droid_lowdim_full_balanced_min300_remove__inr_transformer_history_conditioned__new_policy__s0
[gpu1] OK /mnt/data/INR/outputs/droid_lowdim_full_shards707of2048_p345_balanced_min300_remove_hk300_suite_20260503/droid_lowdim_full_balanced_min300_remove__inr_transformer_history_conditioned__conflation__s1 (11.5s)
[gpu1] START /mnt/data/INR/outputs/droid_lowdim_full_shards707of2048_p345_balanced_min300_remove_hk300_suite_20260503/droid_lowdim_full_balanced_min300_remove__inr_transformer_history_conditioned__new_policy__s1
[gpu0] OK /mnt/data/INR/outputs/droid_lowdim_full_shards707of2048_p345_balanced_min300_remove_hk300_suite_20260503/droid_lowdim_full_balanced_min300_remove__inr_transformer_history_conditioned__generalization__s0 (8.1s)
[gpu0] START /mnt/data/INR/outputs/droid_lowdim_full_shards707of2048_p345_balanced_min300_remove_hk300_suite_20260503/droid_lowdim_full_balanced_min300_remove__inr_transformer_history_conditioned__no_shift__s0
[gpu3] OK /mnt/data/INR/outputs/droid_lowdim_full_shards707of2048_p345_balanced_min300_remove_hk300_suite_20260503/droid_lowdim_full_balanced_min300_remove__inr_transformer_history_conditioned__generalization__s1 (7.7s)
[gpu3] START /mnt/data/INR/outputs/droid_lowdim_full_shards707of2048_p345_balanced_min300_remove_hk300_suite_20260503/droid_lowdim_full_balanced_min300_remove__inr_transformer_history_conditioned__no_shift__s1
[gpu2] OK /mnt/data/INR/outputs/droid_lowdim_full_shards707of2048_p345_balanced_min300_remove_hk300_suite_20260503/droid_lowdim_full_balanced_min300_remove__inr_transformer_history_conditioned__new_policy__s0 (19.9s)
[gpu2] START /mnt/data/INR/outputs/droid_lowdim_full_shards707of2048_p345_balanced_min300_remove_hk300_suite_20260503/droid_lowdim_full_balanced_min300_remove__inr_transformer_history_conditioned__novel_generalization__s0
[gpu1] OK /mnt/data/INR/outputs/droid_lowdim_full_shards707of2048_p345_balanced_min300_remove_hk300_suite_20260503/droid_lowdim_full_balanced_min300_remove__inr_transformer_history_conditioned__new_policy__s1 (20.0s)
[gpu1] START /mnt/data/INR/outputs/droid_lowdim_full_shards707of2048_p345_balanced_min300_remove_hk300_suite_20260503/droid_lowdim_full_balanced_min300_remove__inr_transformer_history_conditioned__novel_generalization__s1
[gpu0] OK /mnt/data/INR/outputs/droid_lowdim_full_shards707of2048_p345_balanced_min300_remove_hk300_suite_20260503/droid_lowdim_full_balanced_min300_remove__inr_transformer_history_conditioned__no_shift__s0 (19.2s)
[gpu0] START /mnt/data/INR/outputs/droid_lowdim_full_shards707of2048_p345_balanced_min300_remove_hk300_suite_20260503/droid_lowdim_full_balanced_min300_remove__inr_transformer_history_conditioned__single_shift__s0
[gpu3] OK /mnt/data/INR/outputs/droid_lowdim_full_shards707of2048_p345_balanced_min300_remove_hk300_suite_20260503/droid_lowdim_full_balanced_min300_remove__inr_transformer_history_conditioned__no_shift__s1 (19.1s)
[gpu3] START /mnt/data/INR/outputs/droid_lowdim_full_shards707of2048_p345_balanced_min300_remove_hk300_suite_20260503/droid_lowdim_full_balanced_min300_remove__inr_transformer_history_conditioned__single_shift__s1
[gpu1] OK /mnt/data/INR/outputs/droid_lowdim_full_shards707of2048_p345_balanced_min300_remove_hk300_suite_20260503/droid_lowdim_full_balanced_min300_remove__inr_transformer_history_conditioned__novel_generalization__s1 (8.7s)
[gpu1] START /mnt/data/INR/outputs/droid_lowdim_full_shards707of2048_p345_balanced_min300_remove_hk300_suite_20260503/droid_lowdim_full_balanced_min300_remove__inr_transformer_history_conditioned__specialization__s0
[gpu2] OK /mnt/data/INR/outputs/droid_lowdim_full_shards707of2048_p345_balanced_min300_remove_hk300_suite_20260503/droid_lowdim_full_balanced_min300_remove__inr_transformer_history_conditioned__novel_generalization__s0 (9.0s)
[gpu2] START /mnt/data/INR/outputs/droid_lowdim_full_shards707of2048_p345_balanced_min300_remove_hk300_suite_20260503/droid_lowdim_full_balanced_min300_remove__inr_transformer_history_conditioned__specialization__s1
[gpu0] OK /mnt/data/INR/outputs/droid_lowdim_full_shards707of2048_p345_balanced_min300_remove_hk300_suite_20260503/droid_lowdim_full_balanced_min300_remove__inr_transformer_history_conditioned__single_shift__s0 (18.5s)
[gpu0] START /mnt/data/INR/outputs/droid_lowdim_full_shards707of2048_p345_balanced_min300_remove_hk300_suite_20260503/droid_lowdim_full_balanced_min300_remove__inr_transformer_infer_latent_maml__conflation__s0
[gpu3] OK /mnt/data/INR/outputs/droid_lowdim_full_shards707of2048_p345_balanced_min300_remove_hk300_suite_20260503/droid_lowdim_full_balanced_min300_remove__inr_transformer_history_conditioned__single_shift__s1 (18.6s)
[gpu3] START /mnt/data/INR/outputs/droid_lowdim_full_shards707of2048_p345_balanced_min300_remove_hk300_suite_20260503/droid_lowdim_full_balanced_min300_remove__inr_transformer_infer_latent_maml__conflation__s1
[gpu1] OK /mnt/data/INR/outputs/droid_lowdim_full_shards707of2048_p345_balanced_min300_remove_hk300_suite_20260503/droid_lowdim_full_balanced_min300_remove__inr_transformer_history_conditioned__specialization__s0 (17.7s)
[gpu1] START /mnt/data/INR/outputs/droid_lowdim_full_shards707of2048_p345_balanced_min300_remove_hk300_suite_20260503/droid_lowdim_full_balanced_min300_remove__inr_transformer_infer_latent_maml__generalization__s0
[gpu2] OK /mnt/data/INR/outputs/droid_lowdim_full_shards707of2048_p345_balanced_min300_remove_hk300_suite_20260503/droid_lowdim_full_balanced_min300_remove__inr_transformer_history_conditioned__specialization__s1 (17.7s)
[gpu2] START /mnt/data/INR/outputs/droid_lowdim_full_shards707of2048_p345_balanced_min300_remove_hk300_suite_20260503/droid_lowdim_full_balanced_min300_remove__inr_transformer_infer_latent_maml__generalization__s1
[gpu2] OK /mnt/data/INR/outputs/droid_lowdim_full_shards707of2048_p345_balanced_min300_remove_hk300_suite_20260503/droid_lowdim_full_balanced_min300_remove__inr_transformer_infer_latent_maml__generalization__s1 (8.8s)
[gpu2] START /mnt/data/INR/outputs/droid_lowdim_full_shards707of2048_p345_balanced_min300_remove_hk300_suite_20260503/droid_lowdim_full_balanced_min300_remove__inr_transformer_infer_latent_maml__new_policy__s0
[gpu1] OK /mnt/data/INR/outputs/droid_lowdim_full_shards707of2048_p345_balanced_min300_remove_hk300_suite_20260503/droid_lowdim_full_balanced_min300_remove__inr_transformer_infer_latent_maml__generalization__s0 (8.9s)
[gpu1] START /mnt/data/INR/outputs/droid_lowdim_full_shards707of2048_p345_balanced_min300_remove_hk300_suite_20260503/droid_lowdim_full_balanced_min300_remove__inr_transformer_infer_latent_maml__new_policy__s1
[gpu0] OK /mnt/data/INR/outputs/droid_lowdim_full_shards707of2048_p345_balanced_min300_remove_hk300_suite_20260503/droid_lowdim_full_balanced_min300_remove__inr_transformer_infer_latent_maml__conflation__s0 (13.7s)
[gpu0] START /mnt/data/INR/outputs/droid_lowdim_full_shards707of2048_p345_balanced_min300_remove_hk300_suite_20260503/droid_lowdim_full_balanced_min300_remove__inr_transformer_infer_latent_maml__no_shift__s0
[gpu3] OK /mnt/data/INR/outputs/droid_lowdim_full_shards707of2048_p345_balanced_min300_remove_hk300_suite_20260503/droid_lowdim_full_balanced_min300_remove__inr_transformer_infer_latent_maml__conflation__s1 (13.4s)
[gpu3] START /mnt/data/INR/outputs/droid_lowdim_full_shards707of2048_p345_balanced_min300_remove_hk300_suite_20260503/droid_lowdim_full_balanced_min300_remove__inr_transformer_infer_latent_maml__no_shift__s1
[gpu1] OK /mnt/data/INR/outputs/droid_lowdim_full_shards707of2048_p345_balanced_min300_remove_hk300_suite_20260503/droid_lowdim_full_balanced_min300_remove__inr_transformer_infer_latent_maml__new_policy__s1 (23.5s)
[gpu2] OK /mnt/data/INR/outputs/droid_lowdim_full_shards707of2048_p345_balanced_min300_remove_hk300_suite_20260503/droid_lowdim_full_balanced_min300_remove__inr_transformer_infer_latent_maml__new_policy__s0 (23.6s)
[gpu0] OK /mnt/data/INR/outputs/droid_lowdim_full_shards707of2048_p345_balanced_min300_remove_hk300_suite_20260503/droid_lowdim_full_balanced_min300_remove__inr_transformer_infer_latent_maml__no_shift__s0 (22.5s)
[gpu3] OK /mnt/data/INR/outputs/droid_lowdim_full_shards707of2048_p345_balanced_min300_remove_hk300_suite_20260503/droid_lowdim_full_balanced_min300_remove__inr_transformer_infer_latent_maml__no_shift__s1 (22.5s)
