[launcher] 56 jobs across 4 GPUs (1 datasets x 4 models x 7 experiments x 2 seeds)
[launcher] visible devices: ['0', '1', '2', '3']
[gpu0:0] START droid_lowdim_full_balanced_min300_remove__cvae__no_shift__s0
[gpu1:1] START droid_lowdim_full_balanced_min300_remove__cvae__no_shift__s1
[gpu2:2] START droid_lowdim_full_balanced_min300_remove__cvae__new_policy__s0
[gpu3:3] START droid_lowdim_full_balanced_min300_remove__cvae__new_policy__s1
[gpu0:0] OK droid_lowdim_full_balanced_min300_remove__cvae__no_shift__s0 (346.6s)
[gpu0:0] START droid_lowdim_full_balanced_min300_remove__cvae__single_shift__s0
[gpu2:2] OK droid_lowdim_full_balanced_min300_remove__cvae__new_policy__s0 (347.9s)
[gpu2:2] START droid_lowdim_full_balanced_min300_remove__cvae__single_shift__s1
[gpu1:1] OK droid_lowdim_full_balanced_min300_remove__cvae__no_shift__s1 (350.2s)
[gpu1:1] START droid_lowdim_full_balanced_min300_remove__cvae__conflation__s0
[gpu3:3] OK droid_lowdim_full_balanced_min300_remove__cvae__new_policy__s1 (351.8s)
[gpu3:3] START droid_lowdim_full_balanced_min300_remove__cvae__conflation__s1
[gpu3:3] OK droid_lowdim_full_balanced_min300_remove__cvae__conflation__s1 (168.6s)
[gpu3:3] START droid_lowdim_full_balanced_min300_remove__cvae__generalization__s0
[gpu1:1] OK droid_lowdim_full_balanced_min300_remove__cvae__conflation__s0 (171.5s)
[gpu1:1] START droid_lowdim_full_balanced_min300_remove__cvae__generalization__s1
[gpu1:1] OK droid_lowdim_full_balanced_min300_remove__cvae__generalization__s1 (45.1s)
[gpu1:1] START droid_lowdim_full_balanced_min300_remove__cvae__specialization__s0
[gpu3:3] OK droid_lowdim_full_balanced_min300_remove__cvae__generalization__s0 (47.3s)
[gpu3:3] START droid_lowdim_full_balanced_min300_remove__cvae__specialization__s1
[gpu0:0] OK droid_lowdim_full_balanced_min300_remove__cvae__single_shift__s0 (345.8s)
[gpu0:0] START droid_lowdim_full_balanced_min300_remove__cvae__novel_generalization__s0
[gpu2:2] OK droid_lowdim_full_balanced_min300_remove__cvae__single_shift__s1 (349.5s)
[gpu2:2] START droid_lowdim_full_balanced_min300_remove__cvae__novel_generalization__s1
[gpu0:0] OK droid_lowdim_full_balanced_min300_remove__cvae__novel_generalization__s0 (48.0s)
[gpu0:0] START droid_lowdim_full_balanced_min300_remove__inr_transformer_history_conditioned__no_shift__s0
[gpu2:2] OK droid_lowdim_full_balanced_min300_remove__cvae__novel_generalization__s1 (46.2s)
[gpu2:2] START droid_lowdim_full_balanced_min300_remove__inr_transformer_history_conditioned__no_shift__s1
[gpu1:1] OK droid_lowdim_full_balanced_min300_remove__cvae__specialization__s0 (346.4s)
[gpu1:1] START droid_lowdim_full_balanced_min300_remove__inr_transformer_history_conditioned__new_policy__s0
[gpu3:3] OK droid_lowdim_full_balanced_min300_remove__cvae__specialization__s1 (349.8s)
[gpu3:3] START droid_lowdim_full_balanced_min300_remove__inr_transformer_history_conditioned__new_policy__s1
[gpu0:0] OK droid_lowdim_full_balanced_min300_remove__inr_transformer_history_conditioned__no_shift__s0 (465.0s)
[gpu0:0] START droid_lowdim_full_balanced_min300_remove__inr_transformer_history_conditioned__single_shift__s0
[gpu2:2] OK droid_lowdim_full_balanced_min300_remove__inr_transformer_history_conditioned__no_shift__s1 (469.4s)
[gpu2:2] START droid_lowdim_full_balanced_min300_remove__inr_transformer_history_conditioned__single_shift__s1
[gpu1:1] OK droid_lowdim_full_balanced_min300_remove__inr_transformer_history_conditioned__new_policy__s0 (465.9s)
[gpu1:1] START droid_lowdim_full_balanced_min300_remove__inr_transformer_history_conditioned__conflation__s0
[gpu3:3] OK droid_lowdim_full_balanced_min300_remove__inr_transformer_history_conditioned__new_policy__s1 (468.5s)
[gpu3:3] START droid_lowdim_full_balanced_min300_remove__inr_transformer_history_conditioned__conflation__s1
[gpu1:1] OK droid_lowdim_full_balanced_min300_remove__inr_transformer_history_conditioned__conflation__s0 (227.5s)
[gpu1:1] START droid_lowdim_full_balanced_min300_remove__inr_transformer_history_conditioned__generalization__s0
[gpu3:3] OK droid_lowdim_full_balanced_min300_remove__inr_transformer_history_conditioned__conflation__s1 (224.6s)
[gpu3:3] START droid_lowdim_full_balanced_min300_remove__inr_transformer_history_conditioned__generalization__s1
[gpu1:1] OK droid_lowdim_full_balanced_min300_remove__inr_transformer_history_conditioned__generalization__s0 (59.2s)
[gpu1:1] START droid_lowdim_full_balanced_min300_remove__inr_transformer_history_conditioned__specialization__s0
[gpu0:0] OK droid_lowdim_full_balanced_min300_remove__inr_transformer_history_conditioned__single_shift__s0 (460.6s)
[gpu0:0] START droid_lowdim_full_balanced_min300_remove__inr_transformer_history_conditioned__specialization__s1
[gpu3:3] OK droid_lowdim_full_balanced_min300_remove__inr_transformer_history_conditioned__generalization__s1 (57.6s)
[gpu3:3] START droid_lowdim_full_balanced_min300_remove__inr_transformer_history_conditioned__novel_generalization__s0
[gpu2:2] OK droid_lowdim_full_balanced_min300_remove__inr_transformer_history_conditioned__single_shift__s1 (466.0s)
[gpu2:2] START droid_lowdim_full_balanced_min300_remove__inr_transformer_history_conditioned__novel_generalization__s1
[gpu3:3] OK droid_lowdim_full_balanced_min300_remove__inr_transformer_history_conditioned__novel_generalization__s0 (60.2s)
[gpu3:3] START droid_lowdim_full_balanced_min300_remove__inr_diffusion_history_conditioned__no_shift__s0
[gpu2:2] OK droid_lowdim_full_balanced_min300_remove__inr_transformer_history_conditioned__novel_generalization__s1 (58.5s)
[gpu2:2] START droid_lowdim_full_balanced_min300_remove__inr_diffusion_history_conditioned__no_shift__s1
[gpu1:1] OK droid_lowdim_full_balanced_min300_remove__inr_transformer_history_conditioned__specialization__s0 (459.5s)
[gpu1:1] START droid_lowdim_full_balanced_min300_remove__inr_diffusion_history_conditioned__new_policy__s0
[gpu0:0] OK droid_lowdim_full_balanced_min300_remove__inr_transformer_history_conditioned__specialization__s1 (464.3s)
[gpu0:0] START droid_lowdim_full_balanced_min300_remove__inr_diffusion_history_conditioned__new_policy__s1
[gpu3:3] OK droid_lowdim_full_balanced_min300_remove__inr_diffusion_history_conditioned__no_shift__s0 (465.1s)
[gpu3:3] START droid_lowdim_full_balanced_min300_remove__inr_diffusion_history_conditioned__single_shift__s0
[gpu2:2] OK droid_lowdim_full_balanced_min300_remove__inr_diffusion_history_conditioned__no_shift__s1 (467.9s)
[gpu2:2] START droid_lowdim_full_balanced_min300_remove__inr_diffusion_history_conditioned__single_shift__s1
[gpu1:1] OK droid_lowdim_full_balanced_min300_remove__inr_diffusion_history_conditioned__new_policy__s0 (466.1s)
[gpu1:1] START droid_lowdim_full_balanced_min300_remove__inr_diffusion_history_conditioned__conflation__s0
[gpu0:0] OK droid_lowdim_full_balanced_min300_remove__inr_diffusion_history_conditioned__new_policy__s1 (469.8s)
[gpu0:0] START droid_lowdim_full_balanced_min300_remove__inr_diffusion_history_conditioned__conflation__s1
[gpu3:3] OK droid_lowdim_full_balanced_min300_remove__inr_diffusion_history_conditioned__single_shift__s0 (462.3s)
[gpu3:3] START droid_lowdim_full_balanced_min300_remove__inr_diffusion_history_conditioned__generalization__s0
[gpu2:2] OK droid_lowdim_full_balanced_min300_remove__inr_diffusion_history_conditioned__single_shift__s1 (467.3s)
[gpu2:2] START droid_lowdim_full_balanced_min300_remove__inr_diffusion_history_conditioned__generalization__s1
[gpu3:3] OK droid_lowdim_full_balanced_min300_remove__inr_diffusion_history_conditioned__generalization__s0 (59.8s)
[gpu3:3] START droid_lowdim_full_balanced_min300_remove__inr_diffusion_history_conditioned__specialization__s0
[gpu2:2] OK droid_lowdim_full_balanced_min300_remove__inr_diffusion_history_conditioned__generalization__s1 (58.0s)
[gpu2:2] START droid_lowdim_full_balanced_min300_remove__inr_diffusion_history_conditioned__specialization__s1
[gpu1:1] OK droid_lowdim_full_balanced_min300_remove__inr_diffusion_history_conditioned__conflation__s0 (228.8s)
[gpu1:1] START droid_lowdim_full_balanced_min300_remove__inr_diffusion_history_conditioned__novel_generalization__s0
[gpu0:0] OK droid_lowdim_full_balanced_min300_remove__inr_diffusion_history_conditioned__conflation__s1 (226.1s)
[gpu0:0] START droid_lowdim_full_balanced_min300_remove__inr_diffusion_history_conditioned__novel_generalization__s1
[gpu1:1] OK droid_lowdim_full_balanced_min300_remove__inr_diffusion_history_conditioned__novel_generalization__s0 (61.3s)
[gpu1:1] START droid_lowdim_full_balanced_min300_remove__inr_transformer_fitted_latent__no_shift__s0
[gpu0:0] OK droid_lowdim_full_balanced_min300_remove__inr_diffusion_history_conditioned__novel_generalization__s1 (59.5s)
[gpu0:0] START droid_lowdim_full_balanced_min300_remove__inr_transformer_fitted_latent__no_shift__s1
[gpu3:3] OK droid_lowdim_full_balanced_min300_remove__inr_diffusion_history_conditioned__specialization__s0 (459.3s)
[gpu3:3] START droid_lowdim_full_balanced_min300_remove__inr_transformer_fitted_latent__new_policy__s0
[gpu2:2] OK droid_lowdim_full_balanced_min300_remove__inr_diffusion_history_conditioned__specialization__s1 (463.4s)
[gpu2:2] START droid_lowdim_full_balanced_min300_remove__inr_transformer_fitted_latent__new_policy__s1
[gpu1:1] OK droid_lowdim_full_balanced_min300_remove__inr_transformer_fitted_latent__no_shift__s0 (3414.5s)
[gpu1:1] START droid_lowdim_full_balanced_min300_remove__inr_transformer_fitted_latent__single_shift__s0
[gpu0:0] OK droid_lowdim_full_balanced_min300_remove__inr_transformer_fitted_latent__no_shift__s1 (3702.8s)
[gpu0:0] START droid_lowdim_full_balanced_min300_remove__inr_transformer_fitted_latent__single_shift__s1
[gpu3:3] OK droid_lowdim_full_balanced_min300_remove__inr_transformer_fitted_latent__new_policy__s0 (3462.8s)
[gpu3:3] START droid_lowdim_full_balanced_min300_remove__inr_transformer_fitted_latent__conflation__s0
[gpu2:2] OK droid_lowdim_full_balanced_min300_remove__inr_transformer_fitted_latent__new_policy__s1 (3753.0s)
[gpu2:2] START droid_lowdim_full_balanced_min300_remove__inr_transformer_fitted_latent__conflation__s1
[gpu3:3] OK droid_lowdim_full_balanced_min300_remove__inr_transformer_fitted_latent__conflation__s0 (1798.3s)
[gpu3:3] START droid_lowdim_full_balanced_min300_remove__inr_transformer_fitted_latent__generalization__s0
[gpu2:2] OK droid_lowdim_full_balanced_min300_remove__inr_transformer_fitted_latent__conflation__s1 (1528.3s)
[gpu2:2] START droid_lowdim_full_balanced_min300_remove__inr_transformer_fitted_latent__generalization__s1
[gpu2:2] OK droid_lowdim_full_balanced_min300_remove__inr_transformer_fitted_latent__generalization__s1 (442.0s)
[gpu2:2] START droid_lowdim_full_balanced_min300_remove__inr_transformer_fitted_latent__specialization__s0
[gpu3:3] OK droid_lowdim_full_balanced_min300_remove__inr_transformer_fitted_latent__generalization__s0 (587.1s)
[gpu3:3] START droid_lowdim_full_balanced_min300_remove__inr_transformer_fitted_latent__specialization__s1
[gpu1:1] OK droid_lowdim_full_balanced_min300_remove__inr_transformer_fitted_latent__single_shift__s0 (3317.4s)
[gpu1:1] START droid_lowdim_full_balanced_min300_remove__inr_transformer_fitted_latent__novel_generalization__s0
[gpu0:0] OK droid_lowdim_full_balanced_min300_remove__inr_transformer_fitted_latent__single_shift__s1 (3636.3s)
[gpu0:0] START droid_lowdim_full_balanced_min300_remove__inr_transformer_fitted_latent__novel_generalization__s1
[gpu1:1] OK droid_lowdim_full_balanced_min300_remove__inr_transformer_fitted_latent__novel_generalization__s0 (635.3s)
[gpu0:0] OK droid_lowdim_full_balanced_min300_remove__inr_transformer_fitted_latent__novel_generalization__s1 (493.0s)
[gpu2:2] OK droid_lowdim_full_balanced_min300_remove__inr_transformer_fitted_latent__specialization__s0 (3262.6s)
[gpu3:3] OK droid_lowdim_full_balanced_min300_remove__inr_transformer_fitted_latent__specialization__s1 (3574.2s)
[launcher] done. logs at /mnt/data/INR/outputs/droid_lowdim_full_shards707of2048_p345_balanced_min300_remove_hk300_suite_20260503/launcher.log
[launcher] 14 jobs across 4 GPUs (1 datasets x 1 models x 7 experiments x 2 seeds)
[launcher] visible devices: ['0', '1', '2', '3']
[gpu0:0] START droid_lowdim_full_balanced_min300_remove__inr_transformer_infer_latent_maml__no_shift__s0
[gpu1:1] START droid_lowdim_full_balanced_min300_remove__inr_transformer_infer_latent_maml__no_shift__s1
[gpu2:2] START droid_lowdim_full_balanced_min300_remove__inr_transformer_infer_latent_maml__new_policy__s0
[gpu3:3] START droid_lowdim_full_balanced_min300_remove__inr_transformer_infer_latent_maml__new_policy__s1
[gpu0:0] OK droid_lowdim_full_balanced_min300_remove__inr_transformer_infer_latent_maml__no_shift__s0 (14211.8s)
[gpu0:0] START droid_lowdim_full_balanced_min300_remove__inr_transformer_infer_latent_maml__single_shift__s0
[gpu2:2] OK droid_lowdim_full_balanced_min300_remove__inr_transformer_infer_latent_maml__new_policy__s0 (14224.4s)
[gpu2:2] START droid_lowdim_full_balanced_min300_remove__inr_transformer_infer_latent_maml__single_shift__s1
[gpu1:1] OK droid_lowdim_full_balanced_min300_remove__inr_transformer_infer_latent_maml__no_shift__s1 (14305.9s)
[gpu1:1] START droid_lowdim_full_balanced_min300_remove__inr_transformer_infer_latent_maml__conflation__s0
[gpu3:3] OK droid_lowdim_full_balanced_min300_remove__inr_transformer_infer_latent_maml__new_policy__s1 (14318.7s)
[gpu3:3] START droid_lowdim_full_balanced_min300_remove__inr_transformer_infer_latent_maml__conflation__s1
[gpu3:3] OK droid_lowdim_full_balanced_min300_remove__inr_transformer_infer_latent_maml__conflation__s1 (6823.3s)
[gpu3:3] START droid_lowdim_full_balanced_min300_remove__inr_transformer_infer_latent_maml__generalization__s0
[gpu1:1] OK droid_lowdim_full_balanced_min300_remove__inr_transformer_infer_latent_maml__conflation__s0 (6874.2s)
[gpu1:1] START droid_lowdim_full_balanced_min300_remove__inr_transformer_infer_latent_maml__generalization__s1
[gpu3:3] OK droid_lowdim_full_balanced_min300_remove__inr_transformer_infer_latent_maml__generalization__s0 (1556.6s)
[gpu3:3] START droid_lowdim_full_balanced_min300_remove__inr_transformer_infer_latent_maml__specialization__s0
[gpu1:1] OK droid_lowdim_full_balanced_min300_remove__inr_transformer_infer_latent_maml__generalization__s1 (1524.0s)
[gpu1:1] START droid_lowdim_full_balanced_min300_remove__inr_transformer_infer_latent_maml__specialization__s1
