[launcher] 56 jobs across 4 GPUs (1 datasets x 4 models x 7 experiments x 2 seeds)
[launcher] visible devices: ['0', '1', '2', '3']
[gpu0:0] START droid_lowdim_full_all_min300__cvae__no_shift__s0
[gpu1:1] START droid_lowdim_full_all_min300__cvae__no_shift__s1
[gpu2:2] START droid_lowdim_full_all_min300__cvae__new_policy__s0
[gpu3:3] START droid_lowdim_full_all_min300__cvae__new_policy__s1
[gpu0:0] OK droid_lowdim_full_all_min300__cvae__no_shift__s0 (1579.7s)
[gpu0:0] START droid_lowdim_full_all_min300__cvae__single_shift__s0
[gpu2:2] OK droid_lowdim_full_all_min300__cvae__new_policy__s0 (1581.8s)
[gpu2:2] START droid_lowdim_full_all_min300__cvae__single_shift__s1
[gpu1:1] OK droid_lowdim_full_all_min300__cvae__no_shift__s1 (1589.4s)
[gpu1:1] START droid_lowdim_full_all_min300__cvae__conflation__s0
[gpu3:3] OK droid_lowdim_full_all_min300__cvae__new_policy__s1 (1590.0s)
[gpu3:3] START droid_lowdim_full_all_min300__cvae__conflation__s1
[gpu3:3] OK droid_lowdim_full_all_min300__cvae__conflation__s1 (1159.6s)
[gpu3:3] START droid_lowdim_full_all_min300__cvae__generalization__s0
[gpu1:1] OK droid_lowdim_full_all_min300__cvae__conflation__s0 (1161.8s)
[gpu1:1] START droid_lowdim_full_all_min300__cvae__generalization__s1
[gpu3:3] OK droid_lowdim_full_all_min300__cvae__generalization__s0 (81.6s)
[gpu3:3] START droid_lowdim_full_all_min300__cvae__specialization__s0
[gpu1:1] OK droid_lowdim_full_all_min300__cvae__generalization__s1 (83.5s)
[gpu1:1] START droid_lowdim_full_all_min300__cvae__specialization__s1
[gpu0:0] OK droid_lowdim_full_all_min300__cvae__single_shift__s0 (1576.7s)
[gpu0:0] START droid_lowdim_full_all_min300__cvae__novel_generalization__s0
[gpu2:2] OK droid_lowdim_full_all_min300__cvae__single_shift__s1 (1584.4s)
[gpu2:2] START droid_lowdim_full_all_min300__cvae__novel_generalization__s1
[gpu0:0] OK droid_lowdim_full_all_min300__cvae__novel_generalization__s0 (83.5s)
[gpu0:0] START droid_lowdim_full_all_min300__inr_transformer_history_conditioned__no_shift__s0
[gpu2:2] OK droid_lowdim_full_all_min300__cvae__novel_generalization__s1 (85.4s)
[gpu2:2] START droid_lowdim_full_all_min300__inr_transformer_history_conditioned__no_shift__s1
[gpu3:3] OK droid_lowdim_full_all_min300__cvae__specialization__s0 (1579.1s)
[gpu3:3] START droid_lowdim_full_all_min300__inr_transformer_history_conditioned__new_policy__s0
[gpu1:1] OK droid_lowdim_full_all_min300__cvae__specialization__s1 (1587.8s)
[gpu1:1] START droid_lowdim_full_all_min300__inr_transformer_history_conditioned__new_policy__s1
[gpu0:0] OK droid_lowdim_full_all_min300__inr_transformer_history_conditioned__no_shift__s0 (2132.6s)
[gpu0:0] START droid_lowdim_full_all_min300__inr_transformer_history_conditioned__single_shift__s0
[gpu2:2] OK droid_lowdim_full_all_min300__inr_transformer_history_conditioned__no_shift__s1 (2144.2s)
[gpu2:2] START droid_lowdim_full_all_min300__inr_transformer_history_conditioned__single_shift__s1
[gpu3:3] OK droid_lowdim_full_all_min300__inr_transformer_history_conditioned__new_policy__s0 (2119.3s)
[gpu3:3] START droid_lowdim_full_all_min300__inr_transformer_history_conditioned__conflation__s0
[gpu1:1] OK droid_lowdim_full_all_min300__inr_transformer_history_conditioned__new_policy__s1 (2133.1s)
[gpu1:1] START droid_lowdim_full_all_min300__inr_transformer_history_conditioned__conflation__s1
[gpu0:0] OK droid_lowdim_full_all_min300__inr_transformer_history_conditioned__single_shift__s0 (2109.9s)
[gpu0:0] START droid_lowdim_full_all_min300__inr_transformer_history_conditioned__generalization__s0
[gpu2:2] OK droid_lowdim_full_all_min300__inr_transformer_history_conditioned__single_shift__s1 (2127.2s)
[gpu2:2] START droid_lowdim_full_all_min300__inr_transformer_history_conditioned__generalization__s1
[gpu0:0] OK droid_lowdim_full_all_min300__inr_transformer_history_conditioned__generalization__s0 (103.8s)
[gpu0:0] START droid_lowdim_full_all_min300__inr_transformer_history_conditioned__specialization__s0
[gpu2:2] OK droid_lowdim_full_all_min300__inr_transformer_history_conditioned__generalization__s1 (105.6s)
[gpu2:2] START droid_lowdim_full_all_min300__inr_transformer_history_conditioned__specialization__s1
[gpu3:3] OK droid_lowdim_full_all_min300__inr_transformer_history_conditioned__conflation__s0 (1558.2s)
[gpu3:3] START droid_lowdim_full_all_min300__inr_transformer_history_conditioned__novel_generalization__s0
[gpu1:1] OK droid_lowdim_full_all_min300__inr_transformer_history_conditioned__conflation__s1 (1553.4s)
[gpu1:1] START droid_lowdim_full_all_min300__inr_transformer_history_conditioned__novel_generalization__s1
[gpu3:3] OK droid_lowdim_full_all_min300__inr_transformer_history_conditioned__novel_generalization__s0 (105.8s)
[gpu3:3] START droid_lowdim_full_all_min300__inr_diffusion_history_conditioned__no_shift__s0
[gpu1:1] OK droid_lowdim_full_all_min300__inr_transformer_history_conditioned__novel_generalization__s1 (107.5s)
[gpu1:1] START droid_lowdim_full_all_min300__inr_diffusion_history_conditioned__no_shift__s1
[gpu0:0] OK droid_lowdim_full_all_min300__inr_transformer_history_conditioned__specialization__s0 (2098.7s)
[gpu0:0] START droid_lowdim_full_all_min300__inr_diffusion_history_conditioned__new_policy__s0
[gpu2:2] OK droid_lowdim_full_all_min300__inr_transformer_history_conditioned__specialization__s1 (2111.0s)
[gpu2:2] START droid_lowdim_full_all_min300__inr_diffusion_history_conditioned__new_policy__s1
[gpu3:3] OK droid_lowdim_full_all_min300__inr_diffusion_history_conditioned__no_shift__s0 (2122.9s)
[gpu3:3] START droid_lowdim_full_all_min300__inr_diffusion_history_conditioned__single_shift__s0
[gpu1:1] OK droid_lowdim_full_all_min300__inr_diffusion_history_conditioned__no_shift__s1 (2138.3s)
[gpu1:1] START droid_lowdim_full_all_min300__inr_diffusion_history_conditioned__single_shift__s1
[gpu0:0] OK droid_lowdim_full_all_min300__inr_diffusion_history_conditioned__new_policy__s0 (2133.2s)
[gpu0:0] START droid_lowdim_full_all_min300__inr_diffusion_history_conditioned__conflation__s0
[gpu2:2] OK droid_lowdim_full_all_min300__inr_diffusion_history_conditioned__new_policy__s1 (2143.1s)
[gpu2:2] START droid_lowdim_full_all_min300__inr_diffusion_history_conditioned__conflation__s1
[gpu3:3] OK droid_lowdim_full_all_min300__inr_diffusion_history_conditioned__single_shift__s0 (2117.1s)
[gpu3:3] START droid_lowdim_full_all_min300__inr_diffusion_history_conditioned__generalization__s0
[gpu1:1] OK droid_lowdim_full_all_min300__inr_diffusion_history_conditioned__single_shift__s1 (2139.1s)
[gpu1:1] START droid_lowdim_full_all_min300__inr_diffusion_history_conditioned__generalization__s1
[gpu3:3] OK droid_lowdim_full_all_min300__inr_diffusion_history_conditioned__generalization__s0 (105.3s)
[gpu3:3] START droid_lowdim_full_all_min300__inr_diffusion_history_conditioned__specialization__s0
[gpu1:1] OK droid_lowdim_full_all_min300__inr_diffusion_history_conditioned__generalization__s1 (107.5s)
[gpu1:1] START droid_lowdim_full_all_min300__inr_diffusion_history_conditioned__specialization__s1
[gpu0:0] OK droid_lowdim_full_all_min300__inr_diffusion_history_conditioned__conflation__s0 (1564.6s)
[gpu0:0] START droid_lowdim_full_all_min300__inr_diffusion_history_conditioned__novel_generalization__s0
[gpu2:2] OK droid_lowdim_full_all_min300__inr_diffusion_history_conditioned__conflation__s1 (1558.8s)
[gpu2:2] START droid_lowdim_full_all_min300__inr_diffusion_history_conditioned__novel_generalization__s1
[gpu0:0] OK droid_lowdim_full_all_min300__inr_diffusion_history_conditioned__novel_generalization__s0 (107.5s)
[gpu0:0] START droid_lowdim_full_all_min300__inr_transformer_fitted_latent__no_shift__s0
[gpu2:2] OK droid_lowdim_full_all_min300__inr_diffusion_history_conditioned__novel_generalization__s1 (109.2s)
[gpu2:2] START droid_lowdim_full_all_min300__inr_transformer_fitted_latent__no_shift__s1
[gpu3:3] OK droid_lowdim_full_all_min300__inr_diffusion_history_conditioned__specialization__s0 (2102.8s)
[gpu3:3] START droid_lowdim_full_all_min300__inr_transformer_fitted_latent__new_policy__s0
[gpu1:1] OK droid_lowdim_full_all_min300__inr_diffusion_history_conditioned__specialization__s1 (2114.1s)
[gpu1:1] START droid_lowdim_full_all_min300__inr_transformer_fitted_latent__new_policy__s1
[gpu2:2] OK droid_lowdim_full_all_min300__inr_transformer_fitted_latent__no_shift__s1 (13826.8s)
[gpu2:2] START droid_lowdim_full_all_min300__inr_transformer_fitted_latent__single_shift__s0
[gpu1:1] OK droid_lowdim_full_all_min300__inr_transformer_fitted_latent__new_policy__s1 (13884.2s)
[gpu1:1] START droid_lowdim_full_all_min300__inr_transformer_fitted_latent__single_shift__s1
[gpu0:0] OK droid_lowdim_full_all_min300__inr_transformer_fitted_latent__no_shift__s0 (15532.9s)
[gpu0:0] START droid_lowdim_full_all_min300__inr_transformer_fitted_latent__conflation__s0
[gpu3:3] OK droid_lowdim_full_all_min300__inr_transformer_fitted_latent__new_policy__s0 (15596.0s)
[gpu3:3] START droid_lowdim_full_all_min300__inr_transformer_fitted_latent__conflation__s1
[gpu0:0] OK droid_lowdim_full_all_min300__inr_transformer_fitted_latent__conflation__s0 (10878.0s)
[gpu0:0] START droid_lowdim_full_all_min300__inr_transformer_fitted_latent__generalization__s0
[gpu3:3] OK droid_lowdim_full_all_min300__inr_transformer_fitted_latent__conflation__s1 (10232.1s)
[gpu3:3] START droid_lowdim_full_all_min300__inr_transformer_fitted_latent__generalization__s1
[gpu0:0] OK droid_lowdim_full_all_min300__inr_transformer_fitted_latent__generalization__s0 (1161.1s)
[gpu0:0] START droid_lowdim_full_all_min300__inr_transformer_fitted_latent__specialization__s0
