[gpu0] START /mnt/data/INR/outputs/lichess/2x_hk240_top5/lichess_top5_full_2Xepisode__cvae__conflation_5p__s0
[gpu0] OK /mnt/data/INR/outputs/lichess/2x_hk240_top5/lichess_top5_full_2Xepisode__cvae__conflation_5p__s0 (168.4s)
[gpu0] START /mnt/data/INR/outputs/lichess/2x_hk240_top5/lichess_top5_full_2Xepisode__cvae__generalization_5p__s0
[gpu0] OK /mnt/data/INR/outputs/lichess/2x_hk240_top5/lichess_top5_full_2Xepisode__cvae__generalization_5p__s0 (169.0s)
[gpu0] START /mnt/data/INR/outputs/lichess/2x_hk240_top5/lichess_top5_full_2Xepisode__cvae__new_policy_5p__s0
[gpu0] OK /mnt/data/INR/outputs/lichess/2x_hk240_top5/lichess_top5_full_2Xepisode__cvae__new_policy_5p__s0 (170.4s)
[gpu0] START /mnt/data/INR/outputs/lichess/2x_hk240_top5/lichess_top5_full_2Xepisode__cvae__no_shift_5p__s0
[gpu0] OK /mnt/data/INR/outputs/lichess/2x_hk240_top5/lichess_top5_full_2Xepisode__cvae__no_shift_5p__s0 (179.0s)
[gpu0] START /mnt/data/INR/outputs/lichess/2x_hk240_top5/lichess_top5_full_2Xepisode__cvae__novel_generalization_5p__s0
[gpu0] OK /mnt/data/INR/outputs/lichess/2x_hk240_top5/lichess_top5_full_2Xepisode__cvae__novel_generalization_5p__s0 (159.1s)
[gpu0] START /mnt/data/INR/outputs/lichess/2x_hk240_top5/lichess_top5_full_2Xepisode__cvae__single_shift_5p__s0
[gpu0] OK /mnt/data/INR/outputs/lichess/2x_hk240_top5/lichess_top5_full_2Xepisode__cvae__single_shift_5p__s0 (178.0s)
[gpu0] START /mnt/data/INR/outputs/lichess/2x_hk240_top5/lichess_top5_full_2Xepisode__cvae__specialization_5p__s0
[gpu0] OK /mnt/data/INR/outputs/lichess/2x_hk240_top5/lichess_top5_full_2Xepisode__cvae__specialization_5p__s0 (173.8s)
[gpu0] START /mnt/data/INR/outputs/lichess/2x_hk240_top5/lichess_top5_full_2Xepisode__inr_diffusion_history_conditioned__conflation_5p__s0
[gpu0] OK /mnt/data/INR/outputs/lichess/2x_hk240_top5/lichess_top5_full_2Xepisode__inr_diffusion_history_conditioned__conflation_5p__s0 (169.0s)
[gpu0] START /mnt/data/INR/outputs/lichess/2x_hk240_top5/lichess_top5_full_2Xepisode__inr_diffusion_history_conditioned__generalization_5p__s0
[gpu0] OK /mnt/data/INR/outputs/lichess/2x_hk240_top5/lichess_top5_full_2Xepisode__inr_diffusion_history_conditioned__generalization_5p__s0 (144.2s)
[gpu0] START /mnt/data/INR/outputs/lichess/2x_hk240_top5/lichess_top5_full_2Xepisode__inr_diffusion_history_conditioned__new_policy_5p__s0
[gpu0] OK /mnt/data/INR/outputs/lichess/2x_hk240_top5/lichess_top5_full_2Xepisode__inr_diffusion_history_conditioned__new_policy_5p__s0 (156.3s)
[gpu0] START /mnt/data/INR/outputs/lichess/2x_hk240_top5/lichess_top5_full_2Xepisode__inr_diffusion_history_conditioned__no_shift_5p__s0
[gpu0] START /mnt/data/INR/outputs/lichess/2x_hk240_top5/lichess_top5_full_2Xepisode__cvae__conflation_5p__s0
[gpu0] OK /mnt/data/INR/outputs/lichess/2x_hk240_top5/lichess_top5_full_2Xepisode__cvae__conflation_5p__s0 (4.6s)
[gpu0] START /mnt/data/INR/outputs/lichess/2x_hk240_top5/lichess_top5_full_2Xepisode__cvae__generalization_5p__s0
[gpu0] OK /mnt/data/INR/outputs/lichess/2x_hk240_top5/lichess_top5_full_2Xepisode__cvae__generalization_5p__s0 (5.0s)
[gpu0] START /mnt/data/INR/outputs/lichess/2x_hk240_top5/lichess_top5_full_2Xepisode__cvae__new_policy_5p__s0
[gpu0] OK /mnt/data/INR/outputs/lichess/2x_hk240_top5/lichess_top5_full_2Xepisode__cvae__new_policy_5p__s0 (4.3s)
[gpu0] START /mnt/data/INR/outputs/lichess/2x_hk240_top5/lichess_top5_full_2Xepisode__cvae__no_shift_5p__s0
[gpu0] OK /mnt/data/INR/outputs/lichess/2x_hk240_top5/lichess_top5_full_2Xepisode__cvae__no_shift_5p__s0 (3.9s)
[gpu0] START /mnt/data/INR/outputs/lichess/2x_hk240_top5/lichess_top5_full_2Xepisode__cvae__novel_generalization_5p__s0
[gpu0] OK /mnt/data/INR/outputs/lichess/2x_hk240_top5/lichess_top5_full_2Xepisode__cvae__novel_generalization_5p__s0 (3.9s)
[gpu0] START /mnt/data/INR/outputs/lichess/2x_hk240_top5/lichess_top5_full_2Xepisode__cvae__single_shift_5p__s0
[gpu0] OK /mnt/data/INR/outputs/lichess/2x_hk240_top5/lichess_top5_full_2Xepisode__cvae__single_shift_5p__s0 (4.0s)
[gpu0] START /mnt/data/INR/outputs/lichess/2x_hk240_top5/lichess_top5_full_2Xepisode__cvae__specialization_5p__s0
[gpu0] OK /mnt/data/INR/outputs/lichess/2x_hk240_top5/lichess_top5_full_2Xepisode__cvae__specialization_5p__s0 (4.0s)
[gpu0] START /mnt/data/INR/outputs/lichess/2x_hk240_top5/lichess_top5_full_2Xepisode__inr_diffusion_history_conditioned__conflation_5p__s0
[gpu0] OK /mnt/data/INR/outputs/lichess/2x_hk240_top5/lichess_top5_full_2Xepisode__inr_diffusion_history_conditioned__conflation_5p__s0 (3.9s)
[gpu0] START /mnt/data/INR/outputs/lichess/2x_hk240_top5/lichess_top5_full_2Xepisode__inr_diffusion_history_conditioned__generalization_5p__s0
[gpu0] OK /mnt/data/INR/outputs/lichess/2x_hk240_top5/lichess_top5_full_2Xepisode__inr_diffusion_history_conditioned__generalization_5p__s0 (4.0s)
[gpu0] START /mnt/data/INR/outputs/lichess/2x_hk240_top5/lichess_top5_full_2Xepisode__inr_diffusion_history_conditioned__new_policy_5p__s0
[gpu0] OK /mnt/data/INR/outputs/lichess/2x_hk240_top5/lichess_top5_full_2Xepisode__inr_diffusion_history_conditioned__new_policy_5p__s0 (4.1s)
[gpu0] START /mnt/data/INR/outputs/lichess/2x_hk240_top5/lichess_top5_full_2Xepisode__inr_diffusion_history_conditioned__no_shift_5p__s0
[gpu0] OK /mnt/data/INR/outputs/lichess/2x_hk240_top5/lichess_top5_full_2Xepisode__inr_diffusion_history_conditioned__no_shift_5p__s0 (181.4s)
[gpu0] START /mnt/data/INR/outputs/lichess/2x_hk240_top5/lichess_top5_full_2Xepisode__inr_diffusion_history_conditioned__novel_generalization_5p__s0
[gpu0] OK /mnt/data/INR/outputs/lichess/2x_hk240_top5/lichess_top5_full_2Xepisode__inr_diffusion_history_conditioned__novel_generalization_5p__s0 (237.1s)
[gpu0] START /mnt/data/INR/outputs/lichess/2x_hk240_top5/lichess_top5_full_2Xepisode__inr_diffusion_history_conditioned__single_shift_5p__s0
[gpu0] OK /mnt/data/INR/outputs/lichess/2x_hk240_top5/lichess_top5_full_2Xepisode__inr_diffusion_history_conditioned__no_shift_5p__s0 (277.9s)
[gpu0] START /mnt/data/INR/outputs/lichess/2x_hk240_top5/lichess_top5_full_2Xepisode__inr_diffusion_history_conditioned__novel_generalization_5p__s0
[gpu0] OK /mnt/data/INR/outputs/lichess/2x_hk240_top5/lichess_top5_full_2Xepisode__inr_diffusion_history_conditioned__novel_generalization_5p__s0 (4.0s)
[gpu0] START /mnt/data/INR/outputs/lichess/2x_hk240_top5/lichess_top5_full_2Xepisode__inr_diffusion_history_conditioned__single_shift_5p__s0
[gpu0] OK /mnt/data/INR/outputs/lichess/2x_hk240_top5/lichess_top5_full_2Xepisode__inr_diffusion_history_conditioned__single_shift_5p__s0 (281.7s)
[gpu0] START /mnt/data/INR/outputs/lichess/2x_hk240_top5/lichess_top5_full_2Xepisode__inr_diffusion_history_conditioned__specialization_5p__s0
[gpu0] OK /mnt/data/INR/outputs/lichess/2x_hk240_top5/lichess_top5_full_2Xepisode__inr_diffusion_history_conditioned__single_shift_5p__s0 (269.3s)
[gpu0] START /mnt/data/INR/outputs/lichess/2x_hk240_top5/lichess_top5_full_2Xepisode__inr_diffusion_history_conditioned__specialization_5p__s0
[gpu0] OK /mnt/data/INR/outputs/lichess/2x_hk240_top5/lichess_top5_full_2Xepisode__inr_diffusion_history_conditioned__specialization_5p__s0 (267.0s)
[gpu0] START /mnt/data/INR/outputs/lichess/2x_hk240_top5/lichess_top5_full_2Xepisode__inr_transformer_fitted_latent__conflation_5p__s0
[gpu0] OK /mnt/data/INR/outputs/lichess/2x_hk240_top5/lichess_top5_full_2Xepisode__inr_diffusion_history_conditioned__specialization_5p__s0 (264.7s)
[gpu0] START /mnt/data/INR/outputs/lichess/2x_hk240_top5/lichess_top5_full_2Xepisode__inr_transformer_fitted_latent__conflation_5p__s0
[gpu0] OK /mnt/data/INR/outputs/lichess/2x_hk240_top5/lichess_top5_full_2Xepisode__inr_transformer_fitted_latent__conflation_5p__s0 (1509.4s)
[gpu0] START /mnt/data/INR/outputs/lichess/2x_hk240_top5/lichess_top5_full_2Xepisode__inr_transformer_fitted_latent__generalization_5p__s0
[gpu0] OK /mnt/data/INR/outputs/lichess/2x_hk240_top5/lichess_top5_full_2Xepisode__inr_transformer_fitted_latent__conflation_5p__s0 (1516.7s)
[gpu0] START /mnt/data/INR/outputs/lichess/2x_hk240_top5/lichess_top5_full_2Xepisode__inr_transformer_fitted_latent__generalization_5p__s0
[gpu0] OK /mnt/data/INR/outputs/lichess/2x_hk240_top5/lichess_top5_full_2Xepisode__inr_transformer_fitted_latent__generalization_5p__s0 (1080.5s)
[gpu0] START /mnt/data/INR/outputs/lichess/2x_hk240_top5/lichess_top5_full_2Xepisode__inr_transformer_fitted_latent__new_policy_5p__s0
[gpu0] OK /mnt/data/INR/outputs/lichess/2x_hk240_top5/lichess_top5_full_2Xepisode__inr_transformer_fitted_latent__generalization_5p__s0 (1082.3s)
[gpu0] START /mnt/data/INR/outputs/lichess/2x_hk240_top5/lichess_top5_full_2Xepisode__inr_transformer_fitted_latent__new_policy_5p__s0
[gpu0] OK /mnt/data/INR/outputs/lichess/2x_hk240_top5/lichess_top5_full_2Xepisode__inr_transformer_fitted_latent__new_policy_5p__s0 (1592.1s)
[gpu0] START /mnt/data/INR/outputs/lichess/2x_hk240_top5/lichess_top5_full_2Xepisode__inr_transformer_fitted_latent__no_shift_5p__s0
[gpu0] OK /mnt/data/INR/outputs/lichess/2x_hk240_top5/lichess_top5_full_2Xepisode__inr_transformer_fitted_latent__new_policy_5p__s0 (1602.7s)
[gpu0] START /mnt/data/INR/outputs/lichess/2x_hk240_top5/lichess_top5_full_2Xepisode__inr_transformer_fitted_latent__no_shift_5p__s0
[gpu0] OK /mnt/data/INR/outputs/lichess/2x_hk240_top5/lichess_top5_full_2Xepisode__inr_transformer_fitted_latent__no_shift_5p__s0 (1898.3s)
[gpu0] START /mnt/data/INR/outputs/lichess/2x_hk240_top5/lichess_top5_full_2Xepisode__inr_transformer_fitted_latent__novel_generalization_5p__s0
[gpu0] OK /mnt/data/INR/outputs/lichess/2x_hk240_top5/lichess_top5_full_2Xepisode__inr_transformer_fitted_latent__no_shift_5p__s0 (1909.3s)
[gpu0] START /mnt/data/INR/outputs/lichess/2x_hk240_top5/lichess_top5_full_2Xepisode__inr_transformer_fitted_latent__novel_generalization_5p__s0
[gpu0] OK /mnt/data/INR/outputs/lichess/2x_hk240_top5/lichess_top5_full_2Xepisode__inr_transformer_fitted_latent__novel_generalization_5p__s0 (938.0s)
[gpu0] START /mnt/data/INR/outputs/lichess/2x_hk240_top5/lichess_top5_full_2Xepisode__inr_transformer_fitted_latent__single_shift_5p__s0
[gpu0] OK /mnt/data/INR/outputs/lichess/2x_hk240_top5/lichess_top5_full_2Xepisode__inr_transformer_fitted_latent__novel_generalization_5p__s0 (941.1s)
[gpu0] START /mnt/data/INR/outputs/lichess/2x_hk240_top5/lichess_top5_full_2Xepisode__inr_transformer_fitted_latent__single_shift_5p__s0
[gpu0] OK /mnt/data/INR/outputs/lichess/2x_hk240_top5/lichess_top5_full_2Xepisode__inr_transformer_fitted_latent__single_shift_5p__s0 (1823.1s)
[gpu0] START /mnt/data/INR/outputs/lichess/2x_hk240_top5/lichess_top5_full_2Xepisode__inr_transformer_fitted_latent__specialization_5p__s0
[gpu0] OK /mnt/data/INR/outputs/lichess/2x_hk240_top5/lichess_top5_full_2Xepisode__inr_transformer_fitted_latent__single_shift_5p__s0 (1830.2s)
[gpu0] START /mnt/data/INR/outputs/lichess/2x_hk240_top5/lichess_top5_full_2Xepisode__inr_transformer_fitted_latent__specialization_5p__s0
[gpu0] OK /mnt/data/INR/outputs/lichess/2x_hk240_top5/lichess_top5_full_2Xepisode__inr_transformer_fitted_latent__specialization_5p__s0 (1674.6s)
[gpu0] START /mnt/data/INR/outputs/lichess/2x_hk240_top5/lichess_top5_full_2Xepisode__inr_transformer_history_conditioned__conflation_5p__s0
[gpu0] OK /mnt/data/INR/outputs/lichess/2x_hk240_top5/lichess_top5_full_2Xepisode__inr_transformer_fitted_latent__specialization_5p__s0 (1691.0s)
[gpu0] START /mnt/data/INR/outputs/lichess/2x_hk240_top5/lichess_top5_full_2Xepisode__inr_transformer_history_conditioned__conflation_5p__s0
[gpu0] OK /mnt/data/INR/outputs/lichess/2x_hk240_top5/lichess_top5_full_2Xepisode__inr_transformer_history_conditioned__conflation_5p__s0 (256.3s)
[gpu0] START /mnt/data/INR/outputs/lichess/2x_hk240_top5/lichess_top5_full_2Xepisode__inr_transformer_history_conditioned__generalization_5p__s0
[gpu0] OK /mnt/data/INR/outputs/lichess/2x_hk240_top5/lichess_top5_full_2Xepisode__inr_transformer_history_conditioned__conflation_5p__s0 (245.4s)
[gpu0] START /mnt/data/INR/outputs/lichess/2x_hk240_top5/lichess_top5_full_2Xepisode__inr_transformer_history_conditioned__generalization_5p__s0
[gpu0] OK /mnt/data/INR/outputs/lichess/2x_hk240_top5/lichess_top5_full_2Xepisode__inr_transformer_history_conditioned__generalization_5p__s0 (237.3s)
[gpu0] START /mnt/data/INR/outputs/lichess/2x_hk240_top5/lichess_top5_full_2Xepisode__inr_transformer_history_conditioned__new_policy_5p__s0
[gpu0] OK /mnt/data/INR/outputs/lichess/2x_hk240_top5/lichess_top5_full_2Xepisode__inr_transformer_history_conditioned__generalization_5p__s0 (212.2s)
[gpu0] START /mnt/data/INR/outputs/lichess/2x_hk240_top5/lichess_top5_full_2Xepisode__inr_transformer_history_conditioned__new_policy_5p__s0
[gpu0] OK /mnt/data/INR/outputs/lichess/2x_hk240_top5/lichess_top5_full_2Xepisode__inr_transformer_history_conditioned__new_policy_5p__s0 (248.1s)
[gpu0] START /mnt/data/INR/outputs/lichess/2x_hk240_top5/lichess_top5_full_2Xepisode__inr_transformer_history_conditioned__no_shift_5p__s0
[gpu0] OK /mnt/data/INR/outputs/lichess/2x_hk240_top5/lichess_top5_full_2Xepisode__inr_transformer_history_conditioned__new_policy_5p__s0 (235.3s)
[gpu0] START /mnt/data/INR/outputs/lichess/2x_hk240_top5/lichess_top5_full_2Xepisode__inr_transformer_history_conditioned__no_shift_5p__s0
[gpu0] OK /mnt/data/INR/outputs/lichess/2x_hk240_top5/lichess_top5_full_2Xepisode__inr_transformer_history_conditioned__no_shift_5p__s0 (249.9s)
[gpu0] START /mnt/data/INR/outputs/lichess/2x_hk240_top5/lichess_top5_full_2Xepisode__inr_transformer_history_conditioned__novel_generalization_5p__s0
[gpu0] OK /mnt/data/INR/outputs/lichess/2x_hk240_top5/lichess_top5_full_2Xepisode__inr_transformer_history_conditioned__no_shift_5p__s0 (245.7s)
[gpu0] START /mnt/data/INR/outputs/lichess/2x_hk240_top5/lichess_top5_full_2Xepisode__inr_transformer_history_conditioned__novel_generalization_5p__s0
[gpu0] OK /mnt/data/INR/outputs/lichess/2x_hk240_top5/lichess_top5_full_2Xepisode__inr_transformer_history_conditioned__novel_generalization_5p__s0 (225.1s)
[gpu0] START /mnt/data/INR/outputs/lichess/2x_hk240_top5/lichess_top5_full_2Xepisode__inr_transformer_history_conditioned__single_shift_5p__s0
[gpu0] OK /mnt/data/INR/outputs/lichess/2x_hk240_top5/lichess_top5_full_2Xepisode__inr_transformer_history_conditioned__novel_generalization_5p__s0 (221.5s)
[gpu0] START /mnt/data/INR/outputs/lichess/2x_hk240_top5/lichess_top5_full_2Xepisode__inr_transformer_history_conditioned__single_shift_5p__s0
[gpu0] OK /mnt/data/INR/outputs/lichess/2x_hk240_top5/lichess_top5_full_2Xepisode__inr_transformer_history_conditioned__single_shift_5p__s0 (254.2s)
[gpu0] START /mnt/data/INR/outputs/lichess/2x_hk240_top5/lichess_top5_full_2Xepisode__inr_transformer_history_conditioned__specialization_5p__s0
[gpu0] OK /mnt/data/INR/outputs/lichess/2x_hk240_top5/lichess_top5_full_2Xepisode__inr_transformer_history_conditioned__single_shift_5p__s0 (253.0s)
[gpu0] START /mnt/data/INR/outputs/lichess/2x_hk240_top5/lichess_top5_full_2Xepisode__inr_transformer_history_conditioned__specialization_5p__s0
[gpu0] OK /mnt/data/INR/outputs/lichess/2x_hk240_top5/lichess_top5_full_2Xepisode__inr_transformer_history_conditioned__specialization_5p__s0 (252.0s)
[gpu0] OK /mnt/data/INR/outputs/lichess/2x_hk240_top5/lichess_top5_full_2Xepisode__inr_transformer_history_conditioned__specialization_5p__s0 (250.5s)
