[gpu0:0] START lichess_top5_full_2Xepisode__cvae__no_shift_5p__s0
[gpu1:1] START lichess_top5_full_2Xepisode__cvae__new_policy_5p__s0
[gpu2:2] START lichess_top5_full_2Xepisode__cvae__single_shift_5p__s0
[gpu3:3] START lichess_top5_full_2Xepisode__cvae__conflation_5p__s0
[gpu3:3] OK lichess_top5_full_2Xepisode__cvae__conflation_5p__s0 (2680.0s)
[gpu3:3] START lichess_top5_full_2Xepisode__cvae__generalization_5p__s0
[gpu1:1] OK lichess_top5_full_2Xepisode__cvae__new_policy_5p__s0 (2766.5s)
[gpu1:1] START lichess_top5_full_2Xepisode__cvae__specialization_5p__s0
[gpu2:2] OK lichess_top5_full_2Xepisode__cvae__single_shift_5p__s0 (3476.5s)
[gpu2:2] START lichess_top5_full_2Xepisode__cvae__novel_generalization_5p__s0
[gpu3:3] OK lichess_top5_full_2Xepisode__cvae__generalization_5p__s0 (798.5s)
[gpu3:3] START lichess_top5_full_2Xepisode__inr_transformer_history_conditioned__no_shift_5p__s0
[gpu0:0] OK lichess_top5_full_2Xepisode__cvae__no_shift_5p__s0 (3499.3s)
[gpu0:0] START lichess_top5_full_2Xepisode__inr_transformer_history_conditioned__new_policy_5p__s0
[gpu2:2] OK lichess_top5_full_2Xepisode__cvae__novel_generalization_5p__s0 (717.1s)
[gpu2:2] START lichess_top5_full_2Xepisode__inr_transformer_history_conditioned__single_shift_5p__s0
[gpu1:1] OK lichess_top5_full_2Xepisode__cvae__specialization_5p__s0 (3208.6s)
[gpu1:1] START lichess_top5_full_2Xepisode__inr_transformer_history_conditioned__conflation_5p__s0
[gpu0:0] OK lichess_top5_full_2Xepisode__inr_transformer_history_conditioned__new_policy_5p__s0 (2554.8s)
[gpu0:0] START lichess_top5_full_2Xepisode__inr_transformer_history_conditioned__generalization_5p__s0
[gpu3:3] OK lichess_top5_full_2Xepisode__inr_transformer_history_conditioned__no_shift_5p__s0 (3292.2s)
[gpu3:3] START lichess_top5_full_2Xepisode__inr_transformer_history_conditioned__specialization_5p__s0
[gpu0:0] OK lichess_top5_full_2Xepisode__inr_transformer_history_conditioned__generalization_5p__s0 (797.0s)
[gpu0:0] START lichess_top5_full_2Xepisode__inr_transformer_history_conditioned__novel_generalization_5p__s0
[gpu2:2] OK lichess_top5_full_2Xepisode__inr_transformer_history_conditioned__single_shift_5p__s0 (3247.7s)
[gpu2:2] START lichess_top5_full_2Xepisode__inr_diffusion_history_conditioned__no_shift_5p__s0
[gpu0:0] OK lichess_top5_full_2Xepisode__inr_transformer_history_conditioned__novel_generalization_5p__s0 (693.3s)
[gpu0:0] START lichess_top5_full_2Xepisode__inr_diffusion_history_conditioned__new_policy_5p__s0
[gpu1:1] OK lichess_top5_full_2Xepisode__inr_transformer_history_conditioned__conflation_5p__s0 (2367.7s)
[gpu1:1] START lichess_top5_full_2Xepisode__inr_diffusion_history_conditioned__single_shift_5p__s0
[gpu3:3] OK lichess_top5_full_2Xepisode__inr_transformer_history_conditioned__specialization_5p__s0 (3218.5s)
[gpu3:3] START lichess_top5_full_2Xepisode__inr_diffusion_history_conditioned__conflation_5p__s0
[gpu0:0] OK lichess_top5_full_2Xepisode__inr_diffusion_history_conditioned__new_policy_5p__s0 (2515.4s)
[gpu0:0] START lichess_top5_full_2Xepisode__inr_diffusion_history_conditioned__generalization_5p__s0
[gpu2:2] OK lichess_top5_full_2Xepisode__inr_diffusion_history_conditioned__no_shift_5p__s0 (3268.1s)
[gpu2:2] START lichess_top5_full_2Xepisode__inr_diffusion_history_conditioned__specialization_5p__s0
[gpu0:0] OK lichess_top5_full_2Xepisode__inr_diffusion_history_conditioned__generalization_5p__s0 (814.1s)
[gpu0:0] START lichess_top5_full_2Xepisode__inr_diffusion_history_conditioned__novel_generalization_5p__s0
[gpu0:0] OK lichess_top5_full_2Xepisode__inr_diffusion_history_conditioned__novel_generalization_5p__s0 (688.4s)
[gpu0:0] START lichess_top5_full_2Xepisode__inr_transformer_fitted_latent__no_shift_5p__s0
[gpu1:1] OK lichess_top5_full_2Xepisode__inr_diffusion_history_conditioned__single_shift_5p__s0 (3253.6s)
[gpu1:1] START lichess_top5_full_2Xepisode__inr_transformer_fitted_latent__new_policy_5p__s0
[gpu3:3] OK lichess_top5_full_2Xepisode__inr_diffusion_history_conditioned__conflation_5p__s0 (2319.1s)
[gpu3:3] START lichess_top5_full_2Xepisode__inr_transformer_fitted_latent__single_shift_5p__s0
[gpu2:2] OK lichess_top5_full_2Xepisode__inr_diffusion_history_conditioned__specialization_5p__s0 (2936.2s)
[gpu2:2] START lichess_top5_full_2Xepisode__inr_transformer_fitted_latent__conflation_5p__s0
[gpu1:1] OK lichess_top5_full_2Xepisode__inr_transformer_fitted_latent__new_policy_5p__s0 (8856.8s)
[gpu1:1] START lichess_top5_full_2Xepisode__inr_transformer_fitted_latent__generalization_5p__s0
[gpu2:2] OK lichess_top5_full_2Xepisode__inr_transformer_fitted_latent__conflation_5p__s0 (8077.7s)
[gpu2:2] START lichess_top5_full_2Xepisode__inr_transformer_fitted_latent__specialization_5p__s0
[gpu3:3] OK lichess_top5_full_2Xepisode__inr_transformer_fitted_latent__single_shift_5p__s0 (11417.1s)
[gpu3:3] START lichess_top5_full_2Xepisode__inr_transformer_fitted_latent__novel_generalization_5p__s0
[gpu0:0] OK lichess_top5_full_2Xepisode__inr_transformer_fitted_latent__no_shift_5p__s0 (12436.8s)
[gpu1:1] OK lichess_top5_full_2Xepisode__inr_transformer_fitted_latent__generalization_5p__s0 (4449.7s)
[gpu3:3] OK lichess_top5_full_2Xepisode__inr_transformer_fitted_latent__novel_generalization_5p__s0 (3436.4s)
[gpu2:2] OK lichess_top5_full_2Xepisode__inr_transformer_fitted_latent__specialization_5p__s0 (12200.5s)
