[gpu0:3] START custom_mujoco_state_resampled_v2_ant__inr_transformer_fitted_latent__no_shift__s1
[gpu0:3] OK custom_mujoco_state_resampled_v2_ant__inr_transformer_fitted_latent__no_shift__s1 (71.7s)
[gpu0:3] START custom_mujoco_state_resampled_v2_ant__inr_transformer_fitted_latent__new_policy__s0
[gpu0:3] OK custom_mujoco_state_resampled_v2_ant__inr_transformer_fitted_latent__new_policy__s0 (70.9s)
[gpu0:3] START custom_mujoco_state_resampled_v2_ant__inr_transformer_fitted_latent__new_policy__s1
[gpu0:3] OK custom_mujoco_state_resampled_v2_ant__inr_transformer_fitted_latent__new_policy__s1 (71.1s)
[gpu0:3] START custom_mujoco_state_resampled_v2_ant__inr_transformer_fitted_latent__single_shift__s0
[gpu0:3] OK custom_mujoco_state_resampled_v2_ant__inr_transformer_fitted_latent__single_shift__s0 (67.2s)
[gpu0:3] START custom_mujoco_state_resampled_v2_ant__inr_transformer_fitted_latent__single_shift__s1
[gpu0:3] OK custom_mujoco_state_resampled_v2_ant__inr_transformer_fitted_latent__single_shift__s1 (67.2s)
[gpu0:3] START custom_mujoco_state_resampled_v2_ant__inr_transformer_fitted_latent__conflation__s0
[gpu0:3] OK custom_mujoco_state_resampled_v2_ant__inr_transformer_fitted_latent__conflation__s0 (54.2s)
[gpu0:3] START custom_mujoco_state_resampled_v2_ant__inr_transformer_fitted_latent__conflation__s1
[gpu0:3] OK custom_mujoco_state_resampled_v2_ant__inr_transformer_fitted_latent__conflation__s1 (57.1s)
[gpu0:3] START custom_mujoco_state_resampled_v2_ant__inr_transformer_fitted_latent__generalization__s0
[gpu0:3] OK custom_mujoco_state_resampled_v2_ant__inr_transformer_fitted_latent__generalization__s0 (42.6s)
[gpu0:3] START custom_mujoco_state_resampled_v2_ant__inr_transformer_fitted_latent__generalization__s1
[gpu0:3] OK custom_mujoco_state_resampled_v2_ant__inr_transformer_fitted_latent__generalization__s1 (42.5s)
[gpu0:3] START custom_mujoco_state_resampled_v2_ant__inr_transformer_fitted_latent__specialization__s0
[gpu0:3] OK custom_mujoco_state_resampled_v2_ant__inr_transformer_fitted_latent__specialization__s0 (65.4s)
[gpu0:3] START custom_mujoco_state_resampled_v2_ant__inr_transformer_fitted_latent__specialization__s1
[gpu0:3] OK custom_mujoco_state_resampled_v2_ant__inr_transformer_fitted_latent__specialization__s1 (65.8s)
[gpu0:3] START custom_mujoco_state_resampled_v2_ant__inr_transformer_fitted_latent__novel_generalization__s0
[gpu0:3] OK custom_mujoco_state_resampled_v2_ant__inr_transformer_fitted_latent__novel_generalization__s0 (45.2s)
[gpu0:3] START custom_mujoco_state_resampled_v2_ant__inr_transformer_fitted_latent__novel_generalization__s1
[gpu0:3] OK custom_mujoco_state_resampled_v2_ant__inr_transformer_fitted_latent__novel_generalization__s1 (45.2s)
[gpu0:3] START custom_mujoco_state_resampled_v2_humanoid__inr_transformer_fitted_latent__no_shift__s0
[gpu0:3] OK custom_mujoco_state_resampled_v2_humanoid__inr_transformer_fitted_latent__no_shift__s0 (80.6s)
[gpu0:3] START custom_mujoco_state_resampled_v2_humanoid__inr_transformer_fitted_latent__no_shift__s1
[gpu0:3] OK custom_mujoco_state_resampled_v2_humanoid__inr_transformer_fitted_latent__no_shift__s1 (78.5s)
[gpu0:3] START custom_mujoco_state_resampled_v2_humanoid__inr_transformer_fitted_latent__new_policy__s0
[gpu0:3] OK custom_mujoco_state_resampled_v2_humanoid__inr_transformer_fitted_latent__new_policy__s0 (80.9s)
[gpu0:3] START custom_mujoco_state_resampled_v2_humanoid__inr_transformer_fitted_latent__new_policy__s1
[gpu0:3] OK custom_mujoco_state_resampled_v2_humanoid__inr_transformer_fitted_latent__new_policy__s1 (81.1s)
[gpu0:3] START custom_mujoco_state_resampled_v2_humanoid__inr_transformer_fitted_latent__single_shift__s0
[gpu0:3] OK custom_mujoco_state_resampled_v2_humanoid__inr_transformer_fitted_latent__single_shift__s0 (76.9s)
[gpu0:3] START custom_mujoco_state_resampled_v2_humanoid__inr_transformer_fitted_latent__single_shift__s1
[gpu0:3] OK custom_mujoco_state_resampled_v2_humanoid__inr_transformer_fitted_latent__single_shift__s1 (79.1s)
[gpu0:3] START custom_mujoco_state_resampled_v2_humanoid__inr_transformer_fitted_latent__conflation__s0
[gpu0:3] OK custom_mujoco_state_resampled_v2_humanoid__inr_transformer_fitted_latent__conflation__s0 (63.3s)
[gpu0:3] START custom_mujoco_state_resampled_v2_humanoid__inr_transformer_fitted_latent__conflation__s1
[gpu0:3] OK custom_mujoco_state_resampled_v2_humanoid__inr_transformer_fitted_latent__conflation__s1 (63.8s)
[gpu0:3] START custom_mujoco_state_resampled_v2_humanoid__inr_transformer_fitted_latent__generalization__s0
[gpu0:3] OK custom_mujoco_state_resampled_v2_humanoid__inr_transformer_fitted_latent__generalization__s0 (50.0s)
[gpu0:3] START custom_mujoco_state_resampled_v2_humanoid__inr_transformer_fitted_latent__generalization__s1
[gpu0:3] OK custom_mujoco_state_resampled_v2_humanoid__inr_transformer_fitted_latent__generalization__s1 (49.7s)
[gpu0:3] START custom_mujoco_state_resampled_v2_humanoid__inr_transformer_fitted_latent__specialization__s0
[gpu0:3] OK custom_mujoco_state_resampled_v2_humanoid__inr_transformer_fitted_latent__specialization__s0 (75.3s)
[gpu0:3] START custom_mujoco_state_resampled_v2_humanoid__inr_transformer_fitted_latent__specialization__s1
[gpu0:3] OK custom_mujoco_state_resampled_v2_humanoid__inr_transformer_fitted_latent__specialization__s1 (75.1s)
[gpu0:3] START custom_mujoco_state_resampled_v2_humanoid__inr_transformer_fitted_latent__novel_generalization__s0
[gpu0:3] OK custom_mujoco_state_resampled_v2_humanoid__inr_transformer_fitted_latent__novel_generalization__s0 (55.1s)
[gpu0:3] START custom_mujoco_state_resampled_v2_humanoid__inr_transformer_fitted_latent__novel_generalization__s1
[gpu0:3] OK custom_mujoco_state_resampled_v2_humanoid__inr_transformer_fitted_latent__novel_generalization__s1 (52.4s)
