[gpu0:0] START droid_lowdim_full_10x__cvae__no_shift__s0
[gpu1:1] START droid_lowdim_full_10x__cvae__no_shift__s1
[gpu2:2] START droid_lowdim_full_10x__cvae__new_policy__s0
[gpu3:3] START droid_lowdim_full_10x__cvae__new_policy__s1
[gpu3:3] OK droid_lowdim_full_10x__cvae__new_policy__s1 (412.7s)
[gpu3:3] START droid_lowdim_full_10x__cvae__single_shift__s0
[gpu2:2] OK droid_lowdim_full_10x__cvae__new_policy__s0 (413.4s)
[gpu2:2] START droid_lowdim_full_10x__cvae__single_shift__s1
[gpu1:1] OK droid_lowdim_full_10x__cvae__no_shift__s1 (415.3s)
[gpu1:1] START droid_lowdim_full_10x__cvae__conflation__s0
[gpu0:0] OK droid_lowdim_full_10x__cvae__no_shift__s0 (415.7s)
[gpu0:0] START droid_lowdim_full_10x__cvae__conflation__s1
[gpu0:0] OK droid_lowdim_full_10x__cvae__conflation__s1 (256.1s)
[gpu0:0] START droid_lowdim_full_10x__cvae__generalization__s0
[gpu1:1] OK droid_lowdim_full_10x__cvae__conflation__s0 (265.6s)
[gpu1:1] START droid_lowdim_full_10x__cvae__generalization__s1
[gpu0:0] OK droid_lowdim_full_10x__cvae__generalization__s0 (79.3s)
[gpu0:0] START droid_lowdim_full_10x__cvae__specialization__s0
[gpu1:1] OK droid_lowdim_full_10x__cvae__generalization__s1 (78.6s)
[gpu1:1] START droid_lowdim_full_10x__cvae__specialization__s1
[gpu3:3] OK droid_lowdim_full_10x__cvae__single_shift__s0 (412.1s)
[gpu3:3] START droid_lowdim_full_10x__cvae__novel_generalization__s0
[gpu2:2] OK droid_lowdim_full_10x__cvae__single_shift__s1 (413.1s)
[gpu2:2] START droid_lowdim_full_10x__cvae__novel_generalization__s1
[gpu2:2] OK droid_lowdim_full_10x__cvae__novel_generalization__s1 (77.5s)
[gpu2:2] START droid_lowdim_full_10x__inr_transformer_history_conditioned__no_shift__s0
[gpu3:3] OK droid_lowdim_full_10x__cvae__novel_generalization__s0 (80.2s)
[gpu3:3] START droid_lowdim_full_10x__inr_transformer_history_conditioned__no_shift__s1
[gpu1:1] OK droid_lowdim_full_10x__cvae__specialization__s1 (407.1s)
[gpu1:1] START droid_lowdim_full_10x__inr_transformer_history_conditioned__new_policy__s0
[gpu0:0] OK droid_lowdim_full_10x__cvae__specialization__s0 (416.3s)
[gpu0:0] START droid_lowdim_full_10x__inr_transformer_history_conditioned__new_policy__s1
[gpu3:3] OK droid_lowdim_full_10x__inr_transformer_history_conditioned__no_shift__s1 (510.1s)
[gpu3:3] START droid_lowdim_full_10x__inr_transformer_history_conditioned__single_shift__s0
[gpu2:2] OK droid_lowdim_full_10x__inr_transformer_history_conditioned__no_shift__s0 (520.2s)
[gpu2:2] START droid_lowdim_full_10x__inr_transformer_history_conditioned__single_shift__s1
[gpu0:0] OK droid_lowdim_full_10x__inr_transformer_history_conditioned__new_policy__s1 (509.8s)
[gpu0:0] START droid_lowdim_full_10x__inr_transformer_history_conditioned__conflation__s0
[gpu1:1] OK droid_lowdim_full_10x__inr_transformer_history_conditioned__new_policy__s0 (517.4s)
[gpu1:1] START droid_lowdim_full_10x__inr_transformer_history_conditioned__conflation__s1
[gpu3:3] OK droid_lowdim_full_10x__inr_transformer_history_conditioned__single_shift__s0 (517.5s)
[gpu3:3] START droid_lowdim_full_10x__inr_transformer_history_conditioned__generalization__s0
[gpu2:2] OK droid_lowdim_full_10x__inr_transformer_history_conditioned__single_shift__s1 (510.3s)
[gpu2:2] START droid_lowdim_full_10x__inr_transformer_history_conditioned__generalization__s1
[gpu1:1] OK droid_lowdim_full_10x__inr_transformer_history_conditioned__conflation__s1 (315.7s)
[gpu1:1] START droid_lowdim_full_10x__inr_transformer_history_conditioned__specialization__s0
[gpu0:0] OK droid_lowdim_full_10x__inr_transformer_history_conditioned__conflation__s0 (324.6s)
[gpu0:0] START droid_lowdim_full_10x__inr_transformer_history_conditioned__specialization__s1
[gpu3:3] OK droid_lowdim_full_10x__inr_transformer_history_conditioned__generalization__s0 (95.3s)
[gpu3:3] START droid_lowdim_full_10x__inr_transformer_history_conditioned__novel_generalization__s0
[gpu2:2] OK droid_lowdim_full_10x__inr_transformer_history_conditioned__generalization__s1 (93.9s)
[gpu2:2] START droid_lowdim_full_10x__inr_transformer_history_conditioned__novel_generalization__s1
[gpu2:2] OK droid_lowdim_full_10x__inr_transformer_history_conditioned__novel_generalization__s1 (94.9s)
[gpu2:2] START droid_lowdim_full_10x__inr_diffusion_history_conditioned__no_shift__s0
[gpu3:3] OK droid_lowdim_full_10x__inr_transformer_history_conditioned__novel_generalization__s0 (96.0s)
[gpu3:3] START droid_lowdim_full_10x__inr_diffusion_history_conditioned__no_shift__s1
[gpu0:0] OK droid_lowdim_full_10x__inr_transformer_history_conditioned__specialization__s1 (508.9s)
[gpu0:0] START droid_lowdim_full_10x__inr_diffusion_history_conditioned__new_policy__s0
[gpu1:1] OK droid_lowdim_full_10x__inr_transformer_history_conditioned__specialization__s0 (513.2s)
[gpu1:1] START droid_lowdim_full_10x__inr_diffusion_history_conditioned__new_policy__s1
[gpu3:3] OK droid_lowdim_full_10x__inr_diffusion_history_conditioned__no_shift__s1 (517.9s)
[gpu3:3] START droid_lowdim_full_10x__inr_diffusion_history_conditioned__single_shift__s0
[gpu2:2] OK droid_lowdim_full_10x__inr_diffusion_history_conditioned__no_shift__s0 (526.0s)
[gpu2:2] START droid_lowdim_full_10x__inr_diffusion_history_conditioned__single_shift__s1
[gpu1:1] OK droid_lowdim_full_10x__inr_diffusion_history_conditioned__new_policy__s1 (515.6s)
[gpu1:1] START droid_lowdim_full_10x__inr_diffusion_history_conditioned__conflation__s0
[gpu0:0] OK droid_lowdim_full_10x__inr_diffusion_history_conditioned__new_policy__s0 (525.3s)
[gpu0:0] START droid_lowdim_full_10x__inr_diffusion_history_conditioned__conflation__s1
[gpu3:3] OK droid_lowdim_full_10x__inr_diffusion_history_conditioned__single_shift__s0 (523.2s)
[gpu3:3] START droid_lowdim_full_10x__inr_diffusion_history_conditioned__generalization__s0
[gpu2:2] OK droid_lowdim_full_10x__inr_diffusion_history_conditioned__single_shift__s1 (516.2s)
[gpu2:2] START droid_lowdim_full_10x__inr_diffusion_history_conditioned__generalization__s1
[gpu2:2] OK droid_lowdim_full_10x__inr_diffusion_history_conditioned__generalization__s1 (95.8s)
[gpu2:2] START droid_lowdim_full_10x__inr_diffusion_history_conditioned__specialization__s0
[gpu3:3] OK droid_lowdim_full_10x__inr_diffusion_history_conditioned__generalization__s0 (96.4s)
[gpu3:3] START droid_lowdim_full_10x__inr_diffusion_history_conditioned__specialization__s1
[gpu1:1] OK droid_lowdim_full_10x__inr_diffusion_history_conditioned__conflation__s0 (328.1s)
[gpu1:1] START droid_lowdim_full_10x__inr_diffusion_history_conditioned__novel_generalization__s0
[gpu0:0] OK droid_lowdim_full_10x__inr_diffusion_history_conditioned__conflation__s1 (320.5s)
[gpu0:0] START droid_lowdim_full_10x__inr_diffusion_history_conditioned__novel_generalization__s1
[gpu0:0] OK droid_lowdim_full_10x__inr_diffusion_history_conditioned__novel_generalization__s1 (95.8s)
[gpu0:0] START droid_lowdim_full_10x__inr_transformer_fitted_latent__no_shift__s0
[gpu1:1] OK droid_lowdim_full_10x__inr_diffusion_history_conditioned__novel_generalization__s0 (97.4s)
[gpu1:1] START droid_lowdim_full_10x__inr_transformer_fitted_latent__no_shift__s1
[gpu3:3] OK droid_lowdim_full_10x__inr_diffusion_history_conditioned__specialization__s1 (506.2s)
[gpu3:3] START droid_lowdim_full_10x__inr_transformer_fitted_latent__new_policy__s0
[gpu2:2] OK droid_lowdim_full_10x__inr_diffusion_history_conditioned__specialization__s0 (516.1s)
[gpu2:2] START droid_lowdim_full_10x__inr_transformer_fitted_latent__new_policy__s1
[gpu1:1] OK droid_lowdim_full_10x__inr_transformer_fitted_latent__no_shift__s1 (3635.2s)
[gpu1:1] START droid_lowdim_full_10x__inr_transformer_fitted_latent__single_shift__s0
[gpu0:0] OK droid_lowdim_full_10x__inr_transformer_fitted_latent__no_shift__s0 (3947.9s)
[gpu0:0] START droid_lowdim_full_10x__inr_transformer_fitted_latent__single_shift__s1
[gpu2:2] OK droid_lowdim_full_10x__inr_transformer_fitted_latent__new_policy__s1 (3677.3s)
[gpu2:2] START droid_lowdim_full_10x__inr_transformer_fitted_latent__conflation__s0
[gpu3:3] OK droid_lowdim_full_10x__inr_transformer_fitted_latent__new_policy__s0 (3987.9s)
[gpu3:3] START droid_lowdim_full_10x__inr_transformer_fitted_latent__conflation__s1
[gpu2:2] OK droid_lowdim_full_10x__inr_transformer_fitted_latent__conflation__s0 (2261.5s)
[gpu2:2] START droid_lowdim_full_10x__inr_transformer_fitted_latent__generalization__s0
[gpu3:3] OK droid_lowdim_full_10x__inr_transformer_fitted_latent__conflation__s1 (2383.0s)
[gpu3:3] START droid_lowdim_full_10x__inr_transformer_fitted_latent__generalization__s1
[gpu2:2] OK droid_lowdim_full_10x__inr_transformer_fitted_latent__generalization__s0 (785.6s)
[gpu2:2] START droid_lowdim_full_10x__inr_transformer_fitted_latent__specialization__s0
[gpu3:3] OK droid_lowdim_full_10x__inr_transformer_fitted_latent__generalization__s1 (733.3s)
[gpu3:3] START droid_lowdim_full_10x__inr_transformer_fitted_latent__specialization__s1
[gpu0:0] OK droid_lowdim_full_10x__inr_transformer_fitted_latent__single_shift__s1 (3549.1s)
[gpu0:0] START droid_lowdim_full_10x__inr_transformer_fitted_latent__novel_generalization__s0
[gpu1:1] OK droid_lowdim_full_10x__inr_transformer_fitted_latent__single_shift__s0 (3873.7s)
[gpu1:1] START droid_lowdim_full_10x__inr_transformer_fitted_latent__novel_generalization__s1
[gpu1:1] OK droid_lowdim_full_10x__inr_transformer_fitted_latent__novel_generalization__s1 (775.2s)
[gpu1:1] START droid_lowdim_full_10x__inr_transformer_infer_latent_maml__no_shift__s0
[gpu0:0] OK droid_lowdim_full_10x__inr_transformer_fitted_latent__novel_generalization__s0 (829.5s)
[gpu0:0] START droid_lowdim_full_10x__inr_transformer_infer_latent_maml__no_shift__s1
[gpu2:2] OK droid_lowdim_full_10x__inr_transformer_fitted_latent__specialization__s0 (3794.8s)
[gpu2:2] START droid_lowdim_full_10x__inr_transformer_infer_latent_maml__new_policy__s0
[gpu3:3] OK droid_lowdim_full_10x__inr_transformer_fitted_latent__specialization__s1 (3464.4s)
[gpu3:3] START droid_lowdim_full_10x__inr_transformer_infer_latent_maml__new_policy__s1
[gpu0:0] OK droid_lowdim_full_10x__inr_transformer_infer_latent_maml__no_shift__s1 (15350.6s)
[gpu0:0] START droid_lowdim_full_10x__inr_transformer_infer_latent_maml__single_shift__s0
[gpu1:1] OK droid_lowdim_full_10x__inr_transformer_infer_latent_maml__no_shift__s0 (15583.4s)
[gpu1:1] START droid_lowdim_full_10x__inr_transformer_infer_latent_maml__single_shift__s1
[gpu3:3] OK droid_lowdim_full_10x__inr_transformer_infer_latent_maml__new_policy__s1 (15360.3s)
[gpu3:3] START droid_lowdim_full_10x__inr_transformer_infer_latent_maml__conflation__s0
[gpu2:2] OK droid_lowdim_full_10x__inr_transformer_infer_latent_maml__new_policy__s0 (15594.8s)
[gpu2:2] START droid_lowdim_full_10x__inr_transformer_infer_latent_maml__conflation__s1
[gpu2:2] OK droid_lowdim_full_10x__inr_transformer_infer_latent_maml__conflation__s1 (9347.4s)
[gpu2:2] START droid_lowdim_full_10x__inr_transformer_infer_latent_maml__generalization__s0
[gpu3:3] OK droid_lowdim_full_10x__inr_transformer_infer_latent_maml__conflation__s0 (9621.0s)
[gpu3:3] START droid_lowdim_full_10x__inr_transformer_infer_latent_maml__generalization__s1
[gpu2:2] OK droid_lowdim_full_10x__inr_transformer_infer_latent_maml__generalization__s0 (2570.5s)
[gpu2:2] START droid_lowdim_full_10x__inr_transformer_infer_latent_maml__specialization__s0
[gpu3:3] OK droid_lowdim_full_10x__inr_transformer_infer_latent_maml__generalization__s1 (2525.0s)
[gpu3:3] START droid_lowdim_full_10x__inr_transformer_infer_latent_maml__specialization__s1
[gpu1:1] OK droid_lowdim_full_10x__inr_transformer_infer_latent_maml__single_shift__s1 (15329.3s)
[gpu1:1] START droid_lowdim_full_10x__inr_transformer_infer_latent_maml__novel_generalization__s0
[gpu0:0] OK droid_lowdim_full_10x__inr_transformer_infer_latent_maml__single_shift__s0 (15567.5s)
[gpu0:0] START droid_lowdim_full_10x__inr_transformer_infer_latent_maml__novel_generalization__s1
[gpu1:1] OK droid_lowdim_full_10x__inr_transformer_infer_latent_maml__novel_generalization__s0 (2581.5s)
[gpu0:0] OK droid_lowdim_full_10x__inr_transformer_infer_latent_maml__novel_generalization__s1 (2536.1s)
[gpu3:3] OK droid_lowdim_full_10x__inr_transformer_infer_latent_maml__specialization__s1 (15305.9s)
[gpu2:2] OK droid_lowdim_full_10x__inr_transformer_infer_latent_maml__specialization__s0 (15549.0s)
