[gpu0:0] START custom_mujoco_action_resampled_v4_hopper__inr_transformer_fitted_latent__no_shift__s0
[gpu1:1] START custom_mujoco_action_resampled_v4_hopper__inr_transformer_fitted_latent__no_shift__s1
[gpu2:2] START custom_mujoco_action_resampled_v4_hopper__inr_transformer_fitted_latent__new_policy__s0
[gpu3:3] START custom_mujoco_action_resampled_v4_hopper__inr_transformer_fitted_latent__new_policy__s1
[gpu0:0] OK custom_mujoco_action_resampled_v4_hopper__inr_transformer_fitted_latent__no_shift__s0 (484.5s)
[gpu0:0] START custom_mujoco_action_resampled_v4_hopper__inr_transformer_fitted_latent__single_shift__s0
[gpu1:1] OK custom_mujoco_action_resampled_v4_hopper__inr_transformer_fitted_latent__no_shift__s1 (486.0s)
[gpu1:1] START custom_mujoco_action_resampled_v4_hopper__inr_transformer_fitted_latent__single_shift__s1
[gpu3:3] OK custom_mujoco_action_resampled_v4_hopper__inr_transformer_fitted_latent__new_policy__s1 (510.6s)
[gpu3:3] START custom_mujoco_action_resampled_v4_hopper__inr_transformer_fitted_latent__conflation__s0
[gpu2:2] OK custom_mujoco_action_resampled_v4_hopper__inr_transformer_fitted_latent__new_policy__s0 (512.2s)
[gpu2:2] START custom_mujoco_action_resampled_v4_hopper__inr_transformer_fitted_latent__conflation__s1
[gpu3:3] OK custom_mujoco_action_resampled_v4_hopper__inr_transformer_fitted_latent__conflation__s0 (358.2s)
[gpu3:3] START custom_mujoco_action_resampled_v4_hopper__inr_transformer_fitted_latent__generalization__s0
[gpu2:2] OK custom_mujoco_action_resampled_v4_hopper__inr_transformer_fitted_latent__conflation__s1 (357.6s)
[gpu2:2] START custom_mujoco_action_resampled_v4_hopper__inr_transformer_fitted_latent__generalization__s1
[gpu0:0] OK custom_mujoco_action_resampled_v4_hopper__inr_transformer_fitted_latent__single_shift__s0 (460.3s)
[gpu0:0] START custom_mujoco_action_resampled_v4_hopper__inr_transformer_fitted_latent__specialization__s0
[gpu1:1] OK custom_mujoco_action_resampled_v4_hopper__inr_transformer_fitted_latent__single_shift__s1 (462.6s)
[gpu1:1] START custom_mujoco_action_resampled_v4_hopper__inr_transformer_fitted_latent__specialization__s1
[gpu2:2] OK custom_mujoco_action_resampled_v4_hopper__inr_transformer_fitted_latent__generalization__s1 (268.3s)
[gpu2:2] START custom_mujoco_action_resampled_v4_hopper__inr_transformer_fitted_latent__novel_generalization__s0
[gpu3:3] OK custom_mujoco_action_resampled_v4_hopper__inr_transformer_fitted_latent__generalization__s0 (269.2s)
[gpu3:3] START custom_mujoco_action_resampled_v4_hopper__inr_transformer_fitted_latent__novel_generalization__s1
[gpu0:0] OK custom_mujoco_action_resampled_v4_hopper__inr_transformer_fitted_latent__specialization__s0 (449.2s)
[gpu1:1] OK custom_mujoco_action_resampled_v4_hopper__inr_transformer_fitted_latent__specialization__s1 (450.5s)
[gpu3:3] OK custom_mujoco_action_resampled_v4_hopper__inr_transformer_fitted_latent__novel_generalization__s1 (293.0s)
[gpu2:2] OK custom_mujoco_action_resampled_v4_hopper__inr_transformer_fitted_latent__novel_generalization__s0 (293.7s)
