[gpu0:1] START custom_mujoco_ant__inr_transformer_fitted_latent__no_shift__s1
[gpu0:1] OK custom_mujoco_ant__inr_transformer_fitted_latent__no_shift__s1 (70.5s)
[gpu0:1] START custom_mujoco_ant__inr_transformer_fitted_latent__new_policy__s0
[gpu0:1] OK custom_mujoco_ant__inr_transformer_fitted_latent__new_policy__s0 (68.9s)
[gpu0:1] START custom_mujoco_ant__inr_transformer_fitted_latent__new_policy__s1
[gpu0:1] OK custom_mujoco_ant__inr_transformer_fitted_latent__new_policy__s1 (70.2s)
[gpu0:1] START custom_mujoco_ant__inr_transformer_fitted_latent__single_shift__s0
[gpu0:1] OK custom_mujoco_ant__inr_transformer_fitted_latent__single_shift__s0 (65.6s)
[gpu0:1] START custom_mujoco_ant__inr_transformer_fitted_latent__single_shift__s1
[gpu0:1] OK custom_mujoco_ant__inr_transformer_fitted_latent__single_shift__s1 (66.6s)
[gpu0:1] START custom_mujoco_ant__inr_transformer_fitted_latent__conflation__s0
[gpu0:1] OK custom_mujoco_ant__inr_transformer_fitted_latent__conflation__s0 (52.8s)
[gpu0:1] START custom_mujoco_ant__inr_transformer_fitted_latent__conflation__s1
[gpu0:1] OK custom_mujoco_ant__inr_transformer_fitted_latent__conflation__s1 (55.8s)
[gpu0:1] START custom_mujoco_ant__inr_transformer_fitted_latent__generalization__s0
[gpu0:1] OK custom_mujoco_ant__inr_transformer_fitted_latent__generalization__s0 (41.2s)
[gpu0:1] START custom_mujoco_ant__inr_transformer_fitted_latent__generalization__s1
[gpu0:1] OK custom_mujoco_ant__inr_transformer_fitted_latent__generalization__s1 (40.8s)
[gpu0:1] START custom_mujoco_ant__inr_transformer_fitted_latent__specialization__s0
[gpu0:1] OK custom_mujoco_ant__inr_transformer_fitted_latent__specialization__s0 (64.1s)
[gpu0:1] START custom_mujoco_ant__inr_transformer_fitted_latent__specialization__s1
[gpu0:1] OK custom_mujoco_ant__inr_transformer_fitted_latent__specialization__s1 (64.1s)
[gpu0:1] START custom_mujoco_ant__inr_transformer_fitted_latent__novel_generalization__s0
[gpu0:1] OK custom_mujoco_ant__inr_transformer_fitted_latent__novel_generalization__s0 (43.9s)
[gpu0:1] START custom_mujoco_ant__inr_transformer_fitted_latent__novel_generalization__s1
[gpu0:1] OK custom_mujoco_ant__inr_transformer_fitted_latent__novel_generalization__s1 (43.1s)
[gpu0:1] START custom_mujoco_humanoid__inr_transformer_fitted_latent__no_shift__s0
[gpu0:1] OK custom_mujoco_humanoid__inr_transformer_fitted_latent__no_shift__s0 (81.8s)
[gpu0:1] START custom_mujoco_humanoid__inr_transformer_fitted_latent__no_shift__s1
[gpu0:1] OK custom_mujoco_humanoid__inr_transformer_fitted_latent__no_shift__s1 (66.4s)
[gpu0:1] START custom_mujoco_humanoid__inr_transformer_fitted_latent__new_policy__s0
[gpu0:1] OK custom_mujoco_humanoid__inr_transformer_fitted_latent__new_policy__s0 (68.1s)
[gpu0:1] START custom_mujoco_humanoid__inr_transformer_fitted_latent__new_policy__s1
[gpu0:1] OK custom_mujoco_humanoid__inr_transformer_fitted_latent__new_policy__s1 (68.5s)
[gpu0:1] START custom_mujoco_humanoid__inr_transformer_fitted_latent__single_shift__s0
[gpu0:1] OK custom_mujoco_humanoid__inr_transformer_fitted_latent__single_shift__s0 (63.8s)
[gpu0:1] START custom_mujoco_humanoid__inr_transformer_fitted_latent__single_shift__s1
[gpu0:1] OK custom_mujoco_humanoid__inr_transformer_fitted_latent__single_shift__s1 (64.6s)
[gpu0:1] START custom_mujoco_humanoid__inr_transformer_fitted_latent__conflation__s0
[gpu0:1] OK custom_mujoco_humanoid__inr_transformer_fitted_latent__conflation__s0 (50.4s)
[gpu0:1] START custom_mujoco_humanoid__inr_transformer_fitted_latent__conflation__s1
[gpu0:1] OK custom_mujoco_humanoid__inr_transformer_fitted_latent__conflation__s1 (53.9s)
[gpu0:1] START custom_mujoco_humanoid__inr_transformer_fitted_latent__generalization__s0
[gpu0:1] OK custom_mujoco_humanoid__inr_transformer_fitted_latent__generalization__s0 (40.9s)
[gpu0:1] START custom_mujoco_humanoid__inr_transformer_fitted_latent__generalization__s1
[gpu0:1] OK custom_mujoco_humanoid__inr_transformer_fitted_latent__generalization__s1 (42.0s)
[gpu0:1] START custom_mujoco_humanoid__inr_transformer_fitted_latent__specialization__s0
[gpu0:1] OK custom_mujoco_humanoid__inr_transformer_fitted_latent__specialization__s0 (63.0s)
[gpu0:1] START custom_mujoco_humanoid__inr_transformer_fitted_latent__specialization__s1
[gpu0:1] OK custom_mujoco_humanoid__inr_transformer_fitted_latent__specialization__s1 (63.9s)
[gpu0:1] START custom_mujoco_humanoid__inr_transformer_fitted_latent__novel_generalization__s0
[gpu0:1] OK custom_mujoco_humanoid__inr_transformer_fitted_latent__novel_generalization__s0 (43.6s)
[gpu0:1] START custom_mujoco_humanoid__inr_transformer_fitted_latent__novel_generalization__s1
[gpu0:1] OK custom_mujoco_humanoid__inr_transformer_fitted_latent__novel_generalization__s1 (44.7s)
