[gpu0] START /mnt/data/INR/outputs/lichess/2x_hk240/lichess_full_2Xepisode__cvae__conflation__s0
[gpu2] START /mnt/data/INR/outputs/lichess/2x_hk240/lichess_full_2Xepisode__cvae__generalization__s0
[gpu1] START /mnt/data/INR/outputs/lichess/2x_hk240/lichess_full_2Xepisode__cvae__new_policy__s0
[gpu3] START /mnt/data/INR/outputs/lichess/2x_hk240/lichess_full_2Xepisode__cvae__no_shift__s0
[gpu2] OK /mnt/data/INR/outputs/lichess/2x_hk240/lichess_full_2Xepisode__cvae__generalization__s0 (177.8s)
[gpu2] START /mnt/data/INR/outputs/lichess/2x_hk240/lichess_full_2Xepisode__cvae__novel_generalization__s0
[gpu0] OK /mnt/data/INR/outputs/lichess/2x_hk240/lichess_full_2Xepisode__cvae__conflation__s0 (180.2s)
[gpu0] START /mnt/data/INR/outputs/lichess/2x_hk240/lichess_full_2Xepisode__cvae__single_shift__s0
[gpu1] OK /mnt/data/INR/outputs/lichess/2x_hk240/lichess_full_2Xepisode__cvae__new_policy__s0 (182.1s)
[gpu1] START /mnt/data/INR/outputs/lichess/2x_hk240/lichess_full_2Xepisode__cvae__specialization__s0
[gpu3] OK /mnt/data/INR/outputs/lichess/2x_hk240/lichess_full_2Xepisode__cvae__no_shift__s0 (188.7s)
[gpu3] START /mnt/data/INR/outputs/lichess/2x_hk240/lichess_full_2Xepisode__inr_diffusion_history_conditioned__conflation__s0
[gpu2] OK /mnt/data/INR/outputs/lichess/2x_hk240/lichess_full_2Xepisode__cvae__novel_generalization__s0 (149.6s)
[gpu2] START /mnt/data/INR/outputs/lichess/2x_hk240/lichess_full_2Xepisode__inr_diffusion_history_conditioned__generalization__s0
[gpu3] OK /mnt/data/INR/outputs/lichess/2x_hk240/lichess_full_2Xepisode__inr_diffusion_history_conditioned__conflation__s0 (148.4s)
[gpu3] START /mnt/data/INR/outputs/lichess/2x_hk240/lichess_full_2Xepisode__inr_diffusion_history_conditioned__new_policy__s0
[gpu0] OK /mnt/data/INR/outputs/lichess/2x_hk240/lichess_full_2Xepisode__cvae__single_shift__s0 (159.9s)
[gpu0] START /mnt/data/INR/outputs/lichess/2x_hk240/lichess_full_2Xepisode__inr_diffusion_history_conditioned__no_shift__s0
[gpu1] OK /mnt/data/INR/outputs/lichess/2x_hk240/lichess_full_2Xepisode__cvae__specialization__s0 (158.9s)
[gpu1] START /mnt/data/INR/outputs/lichess/2x_hk240/lichess_full_2Xepisode__inr_diffusion_history_conditioned__novel_generalization__s0
[gpu1] OK /mnt/data/INR/outputs/lichess/2x_hk240/lichess_full_2Xepisode__inr_diffusion_history_conditioned__novel_generalization__s0 (138.7s)
[gpu1] START /mnt/data/INR/outputs/lichess/2x_hk240/lichess_full_2Xepisode__inr_diffusion_history_conditioned__single_shift__s0
[gpu2] OK /mnt/data/INR/outputs/lichess/2x_hk240/lichess_full_2Xepisode__inr_diffusion_history_conditioned__generalization__s0 (152.7s)
[gpu2] START /mnt/data/INR/outputs/lichess/2x_hk240/lichess_full_2Xepisode__inr_diffusion_history_conditioned__specialization__s0
[gpu3] OK /mnt/data/INR/outputs/lichess/2x_hk240/lichess_full_2Xepisode__inr_diffusion_history_conditioned__new_policy__s0 (148.5s)
[gpu3] START /mnt/data/INR/outputs/lichess/2x_hk240/lichess_full_2Xepisode__inr_transformer_fitted_latent__conflation__s0
[gpu0] OK /mnt/data/INR/outputs/lichess/2x_hk240/lichess_full_2Xepisode__inr_diffusion_history_conditioned__no_shift__s0 (166.9s)
[gpu0] START /mnt/data/INR/outputs/lichess/2x_hk240/lichess_full_2Xepisode__inr_transformer_fitted_latent__generalization__s0
[gpu1] OK /mnt/data/INR/outputs/lichess/2x_hk240/lichess_full_2Xepisode__inr_diffusion_history_conditioned__single_shift__s0 (146.9s)
[gpu1] START /mnt/data/INR/outputs/lichess/2x_hk240/lichess_full_2Xepisode__inr_transformer_fitted_latent__new_policy__s0
[gpu2] OK /mnt/data/INR/outputs/lichess/2x_hk240/lichess_full_2Xepisode__inr_diffusion_history_conditioned__specialization__s0 (149.0s)
[gpu2] START /mnt/data/INR/outputs/lichess/2x_hk240/lichess_full_2Xepisode__inr_transformer_fitted_latent__no_shift__s0
[gpu0] OK /mnt/data/INR/outputs/lichess/2x_hk240/lichess_full_2Xepisode__inr_transformer_fitted_latent__generalization__s0 (299.5s)
[gpu0] START /mnt/data/INR/outputs/lichess/2x_hk240/lichess_full_2Xepisode__inr_transformer_fitted_latent__novel_generalization__s0
[gpu3] OK /mnt/data/INR/outputs/lichess/2x_hk240/lichess_full_2Xepisode__inr_transformer_fitted_latent__conflation__s0 (349.5s)
[gpu3] START /mnt/data/INR/outputs/lichess/2x_hk240/lichess_full_2Xepisode__inr_transformer_fitted_latent__single_shift__s0
[gpu1] OK /mnt/data/INR/outputs/lichess/2x_hk240/lichess_full_2Xepisode__inr_transformer_fitted_latent__new_policy__s0 (318.2s)
[gpu1] START /mnt/data/INR/outputs/lichess/2x_hk240/lichess_full_2Xepisode__inr_transformer_fitted_latent__specialization__s0
[gpu0] OK /mnt/data/INR/outputs/lichess/2x_hk240/lichess_full_2Xepisode__inr_transformer_fitted_latent__novel_generalization__s0 (190.8s)
[gpu0] START /mnt/data/INR/outputs/lichess/2x_hk240/lichess_full_2Xepisode__inr_transformer_history_conditioned__conflation__s0
[gpu0] OK /mnt/data/INR/outputs/lichess/2x_hk240/lichess_full_2Xepisode__inr_transformer_history_conditioned__conflation__s0 (72.6s)
[gpu0] START /mnt/data/INR/outputs/lichess/2x_hk240/lichess_full_2Xepisode__inr_transformer_history_conditioned__generalization__s0
[gpu0] OK /mnt/data/INR/outputs/lichess/2x_hk240/lichess_full_2Xepisode__inr_transformer_history_conditioned__generalization__s0 (67.0s)
[gpu0] START /mnt/data/INR/outputs/lichess/2x_hk240/lichess_full_2Xepisode__inr_transformer_history_conditioned__new_policy__s0
[gpu2] OK /mnt/data/INR/outputs/lichess/2x_hk240/lichess_full_2Xepisode__inr_transformer_fitted_latent__no_shift__s0 (569.6s)
[gpu2] START /mnt/data/INR/outputs/lichess/2x_hk240/lichess_full_2Xepisode__inr_transformer_history_conditioned__no_shift__s0
[gpu3] OK /mnt/data/INR/outputs/lichess/2x_hk240/lichess_full_2Xepisode__inr_transformer_fitted_latent__single_shift__s0 (370.5s)
[gpu3] START /mnt/data/INR/outputs/lichess/2x_hk240/lichess_full_2Xepisode__inr_transformer_history_conditioned__novel_generalization__s0
[gpu0] OK /mnt/data/INR/outputs/lichess/2x_hk240/lichess_full_2Xepisode__inr_transformer_history_conditioned__new_policy__s0 (69.6s)
[gpu0] START /mnt/data/INR/outputs/lichess/2x_hk240/lichess_full_2Xepisode__inr_transformer_history_conditioned__single_shift__s0
[gpu3] OK /mnt/data/INR/outputs/lichess/2x_hk240/lichess_full_2Xepisode__inr_transformer_history_conditioned__novel_generalization__s0 (106.9s)
[gpu3] START /mnt/data/INR/outputs/lichess/2x_hk240/lichess_full_2Xepisode__inr_transformer_history_conditioned__specialization__s0
[gpu0] OK /mnt/data/INR/outputs/lichess/2x_hk240/lichess_full_2Xepisode__inr_transformer_history_conditioned__single_shift__s0 (118.6s)
[gpu2] OK /mnt/data/INR/outputs/lichess/2x_hk240/lichess_full_2Xepisode__inr_transformer_history_conditioned__no_shift__s0 (128.1s)
[gpu1] OK /mnt/data/INR/outputs/lichess/2x_hk240/lichess_full_2Xepisode__inr_transformer_fitted_latent__specialization__s0 (405.0s)
[gpu3] OK /mnt/data/INR/outputs/lichess/2x_hk240/lichess_full_2Xepisode__inr_transformer_history_conditioned__specialization__s0 (71.3s)
