[gpu0:0] START droid_lowdim_full_10x_min200__inr_transformer_infer_latent_maml__no_shift__s0
[gpu1:1] START droid_lowdim_full_10x_min200__inr_transformer_infer_latent_maml__no_shift__s1
[gpu2:2] START droid_lowdim_full_10x_min200__inr_transformer_infer_latent_maml__new_policy__s0
[gpu3:3] START droid_lowdim_full_10x_min200__inr_transformer_infer_latent_maml__new_policy__s1
[gpu0:0] OK droid_lowdim_full_10x_min200__inr_transformer_infer_latent_maml__no_shift__s0 (6914.8s)
[gpu0:0] START droid_lowdim_full_10x_min200__inr_transformer_infer_latent_maml__single_shift__s0
[gpu2:2] OK droid_lowdim_full_10x_min200__inr_transformer_infer_latent_maml__new_policy__s0 (6917.7s)
[gpu2:2] START droid_lowdim_full_10x_min200__inr_transformer_infer_latent_maml__single_shift__s1
[gpu1:1] OK droid_lowdim_full_10x_min200__inr_transformer_infer_latent_maml__no_shift__s1 (6929.9s)
[gpu1:1] START droid_lowdim_full_10x_min200__inr_transformer_infer_latent_maml__conflation__s0
[gpu3:3] OK droid_lowdim_full_10x_min200__inr_transformer_infer_latent_maml__new_policy__s1 (6932.6s)
[gpu3:3] START droid_lowdim_full_10x_min200__inr_transformer_infer_latent_maml__conflation__s1
[gpu1:1] OK droid_lowdim_full_10x_min200__inr_transformer_infer_latent_maml__conflation__s0 (5177.3s)
[gpu1:1] START droid_lowdim_full_10x_min200__inr_transformer_infer_latent_maml__generalization__s0
[gpu3:3] OK droid_lowdim_full_10x_min200__inr_transformer_infer_latent_maml__conflation__s1 (5183.6s)
[gpu3:3] START droid_lowdim_full_10x_min200__inr_transformer_infer_latent_maml__generalization__s1
[gpu1:1] OK droid_lowdim_full_10x_min200__inr_transformer_infer_latent_maml__generalization__s0 (1018.0s)
[gpu1:1] START droid_lowdim_full_10x_min200__inr_transformer_infer_latent_maml__specialization__s0
[gpu3:3] OK droid_lowdim_full_10x_min200__inr_transformer_infer_latent_maml__generalization__s1 (1039.2s)
[gpu3:3] START droid_lowdim_full_10x_min200__inr_transformer_infer_latent_maml__specialization__s1
[gpu0:0] OK droid_lowdim_full_10x_min200__inr_transformer_infer_latent_maml__single_shift__s0 (6909.8s)
[gpu0:0] START droid_lowdim_full_10x_min200__inr_transformer_infer_latent_maml__novel_generalization__s0
[gpu2:2] OK droid_lowdim_full_10x_min200__inr_transformer_infer_latent_maml__single_shift__s1 (6925.3s)
[gpu2:2] START droid_lowdim_full_10x_min200__inr_transformer_infer_latent_maml__novel_generalization__s1
[gpu0:0] OK droid_lowdim_full_10x_min200__inr_transformer_infer_latent_maml__novel_generalization__s0 (1020.9s)
[gpu2:2] OK droid_lowdim_full_10x_min200__inr_transformer_infer_latent_maml__novel_generalization__s1 (1042.7s)
[gpu1:1] OK droid_lowdim_full_10x_min200__inr_transformer_infer_latent_maml__specialization__s0 (6894.6s)
[gpu3:3] OK droid_lowdim_full_10x_min200__inr_transformer_infer_latent_maml__specialization__s1 (6907.0s)
