[gpu0:3] START custom_mujoco_action_resampled_v4_hopper__inr_transformer_fitted_latent__no_shift__s0
[gpu0:3] OK custom_mujoco_action_resampled_v4_hopper__inr_transformer_fitted_latent__no_shift__s0 (63.8s)
[gpu0:3] START custom_mujoco_action_resampled_v4_hopper__inr_transformer_fitted_latent__no_shift__s1
[gpu0:3] OK custom_mujoco_action_resampled_v4_hopper__inr_transformer_fitted_latent__no_shift__s1 (64.7s)
[gpu0:3] START custom_mujoco_action_resampled_v4_hopper__inr_transformer_fitted_latent__new_policy__s0
[gpu0:3] OK custom_mujoco_action_resampled_v4_hopper__inr_transformer_fitted_latent__new_policy__s0 (66.6s)
[gpu0:3] START custom_mujoco_action_resampled_v4_hopper__inr_transformer_fitted_latent__new_policy__s1
[gpu0:3] OK custom_mujoco_action_resampled_v4_hopper__inr_transformer_fitted_latent__new_policy__s1 (66.2s)
[gpu0:3] START custom_mujoco_action_resampled_v4_hopper__inr_transformer_fitted_latent__single_shift__s0
[gpu0:3] OK custom_mujoco_action_resampled_v4_hopper__inr_transformer_fitted_latent__single_shift__s0 (62.1s)
[gpu0:3] START custom_mujoco_action_resampled_v4_hopper__inr_transformer_fitted_latent__single_shift__s1
[gpu0:3] OK custom_mujoco_action_resampled_v4_hopper__inr_transformer_fitted_latent__single_shift__s1 (61.7s)
[gpu0:3] START custom_mujoco_action_resampled_v4_hopper__inr_transformer_fitted_latent__conflation__s0
[gpu0:3] OK custom_mujoco_action_resampled_v4_hopper__inr_transformer_fitted_latent__conflation__s0 (50.1s)
[gpu0:3] START custom_mujoco_action_resampled_v4_hopper__inr_transformer_fitted_latent__conflation__s1
[gpu0:3] OK custom_mujoco_action_resampled_v4_hopper__inr_transformer_fitted_latent__conflation__s1 (50.0s)
[gpu0:3] START custom_mujoco_action_resampled_v4_hopper__inr_transformer_fitted_latent__generalization__s0
[gpu0:3] OK custom_mujoco_action_resampled_v4_hopper__inr_transformer_fitted_latent__generalization__s0 (38.9s)
[gpu0:3] START custom_mujoco_action_resampled_v4_hopper__inr_transformer_fitted_latent__generalization__s1
[gpu0:3] OK custom_mujoco_action_resampled_v4_hopper__inr_transformer_fitted_latent__generalization__s1 (39.0s)
[gpu0:3] START custom_mujoco_action_resampled_v4_hopper__inr_transformer_fitted_latent__specialization__s0
[gpu0:3] OK custom_mujoco_action_resampled_v4_hopper__inr_transformer_fitted_latent__specialization__s0 (60.5s)
[gpu0:3] START custom_mujoco_action_resampled_v4_hopper__inr_transformer_fitted_latent__specialization__s1
[gpu0:3] OK custom_mujoco_action_resampled_v4_hopper__inr_transformer_fitted_latent__specialization__s1 (60.6s)
[gpu0:3] START custom_mujoco_action_resampled_v4_hopper__inr_transformer_fitted_latent__novel_generalization__s0
[gpu0:3] OK custom_mujoco_action_resampled_v4_hopper__inr_transformer_fitted_latent__novel_generalization__s0 (41.6s)
[gpu0:3] START custom_mujoco_action_resampled_v4_hopper__inr_transformer_fitted_latent__novel_generalization__s1
[gpu0:3] OK custom_mujoco_action_resampled_v4_hopper__inr_transformer_fitted_latent__novel_generalization__s1 (41.6s)
[gpu0:3] START custom_mujoco_action_resampled_v4_halfcheetah__inr_transformer_fitted_latent__no_shift__s0
[gpu0:3] OK custom_mujoco_action_resampled_v4_halfcheetah__inr_transformer_fitted_latent__no_shift__s0 (63.4s)
[gpu0:3] START custom_mujoco_action_resampled_v4_halfcheetah__inr_transformer_fitted_latent__no_shift__s1
[gpu0:3] OK custom_mujoco_action_resampled_v4_halfcheetah__inr_transformer_fitted_latent__no_shift__s1 (63.5s)
[gpu0:3] START custom_mujoco_action_resampled_v4_halfcheetah__inr_transformer_fitted_latent__new_policy__s0
[gpu0:3] OK custom_mujoco_action_resampled_v4_halfcheetah__inr_transformer_fitted_latent__new_policy__s0 (66.4s)
[gpu0:3] START custom_mujoco_action_resampled_v4_halfcheetah__inr_transformer_fitted_latent__new_policy__s1
[gpu0:3] OK custom_mujoco_action_resampled_v4_halfcheetah__inr_transformer_fitted_latent__new_policy__s1 (66.2s)
[gpu0:3] START custom_mujoco_action_resampled_v4_halfcheetah__inr_transformer_fitted_latent__single_shift__s0
[gpu0:3] OK custom_mujoco_action_resampled_v4_halfcheetah__inr_transformer_fitted_latent__single_shift__s0 (62.6s)
[gpu0:3] START custom_mujoco_action_resampled_v4_halfcheetah__inr_transformer_fitted_latent__single_shift__s1
[gpu0:3] OK custom_mujoco_action_resampled_v4_halfcheetah__inr_transformer_fitted_latent__single_shift__s1 (62.3s)
[gpu0:3] START custom_mujoco_action_resampled_v4_halfcheetah__inr_transformer_fitted_latent__conflation__s0
[gpu0:3] OK custom_mujoco_action_resampled_v4_halfcheetah__inr_transformer_fitted_latent__conflation__s0 (50.5s)
[gpu0:3] START custom_mujoco_action_resampled_v4_halfcheetah__inr_transformer_fitted_latent__conflation__s1
[gpu0:3] OK custom_mujoco_action_resampled_v4_halfcheetah__inr_transformer_fitted_latent__conflation__s1 (50.4s)
[gpu0:3] START custom_mujoco_action_resampled_v4_halfcheetah__inr_transformer_fitted_latent__generalization__s0
[gpu0:3] OK custom_mujoco_action_resampled_v4_halfcheetah__inr_transformer_fitted_latent__generalization__s0 (39.3s)
[gpu0:3] START custom_mujoco_action_resampled_v4_halfcheetah__inr_transformer_fitted_latent__generalization__s1
[gpu0:3] OK custom_mujoco_action_resampled_v4_halfcheetah__inr_transformer_fitted_latent__generalization__s1 (39.3s)
[gpu0:3] START custom_mujoco_action_resampled_v4_halfcheetah__inr_transformer_fitted_latent__specialization__s0
[gpu0:3] OK custom_mujoco_action_resampled_v4_halfcheetah__inr_transformer_fitted_latent__specialization__s0 (61.1s)
[gpu0:3] START custom_mujoco_action_resampled_v4_halfcheetah__inr_transformer_fitted_latent__specialization__s1
[gpu0:3] OK custom_mujoco_action_resampled_v4_halfcheetah__inr_transformer_fitted_latent__specialization__s1 (60.3s)
[gpu0:3] START custom_mujoco_action_resampled_v4_halfcheetah__inr_transformer_fitted_latent__novel_generalization__s0
[gpu0:3] OK custom_mujoco_action_resampled_v4_halfcheetah__inr_transformer_fitted_latent__novel_generalization__s0 (42.0s)
[gpu0:3] START custom_mujoco_action_resampled_v4_halfcheetah__inr_transformer_fitted_latent__novel_generalization__s1
[gpu0:3] OK custom_mujoco_action_resampled_v4_halfcheetah__inr_transformer_fitted_latent__novel_generalization__s1 (41.8s)
[gpu0:3] START custom_mujoco_action_resampled_v4_walker2d__inr_transformer_fitted_latent__no_shift__s0
[gpu0:3] OK custom_mujoco_action_resampled_v4_walker2d__inr_transformer_fitted_latent__no_shift__s0 (63.6s)
[gpu0:3] START custom_mujoco_action_resampled_v4_walker2d__inr_transformer_fitted_latent__no_shift__s1
[gpu0:3] OK custom_mujoco_action_resampled_v4_walker2d__inr_transformer_fitted_latent__no_shift__s1 (63.6s)
[gpu0:3] START custom_mujoco_action_resampled_v4_walker2d__inr_transformer_fitted_latent__new_policy__s0
[gpu0:3] OK custom_mujoco_action_resampled_v4_walker2d__inr_transformer_fitted_latent__new_policy__s0 (65.8s)
[gpu0:3] START custom_mujoco_action_resampled_v4_walker2d__inr_transformer_fitted_latent__new_policy__s1
[gpu0:3] OK custom_mujoco_action_resampled_v4_walker2d__inr_transformer_fitted_latent__new_policy__s1 (66.3s)
[gpu0:3] START custom_mujoco_action_resampled_v4_walker2d__inr_transformer_fitted_latent__single_shift__s0
[gpu0:3] OK custom_mujoco_action_resampled_v4_walker2d__inr_transformer_fitted_latent__single_shift__s0 (62.3s)
[gpu0:3] START custom_mujoco_action_resampled_v4_walker2d__inr_transformer_fitted_latent__single_shift__s1
[gpu0:3] OK custom_mujoco_action_resampled_v4_walker2d__inr_transformer_fitted_latent__single_shift__s1 (62.2s)
[gpu0:3] START custom_mujoco_action_resampled_v4_walker2d__inr_transformer_fitted_latent__conflation__s0
[gpu0:3] OK custom_mujoco_action_resampled_v4_walker2d__inr_transformer_fitted_latent__conflation__s0 (50.4s)
[gpu0:3] START custom_mujoco_action_resampled_v4_walker2d__inr_transformer_fitted_latent__conflation__s1
[gpu0:3] OK custom_mujoco_action_resampled_v4_walker2d__inr_transformer_fitted_latent__conflation__s1 (50.2s)
[gpu0:3] START custom_mujoco_action_resampled_v4_walker2d__inr_transformer_fitted_latent__generalization__s0
[gpu0:3] OK custom_mujoco_action_resampled_v4_walker2d__inr_transformer_fitted_latent__generalization__s0 (39.1s)
[gpu0:3] START custom_mujoco_action_resampled_v4_walker2d__inr_transformer_fitted_latent__generalization__s1
[gpu0:3] OK custom_mujoco_action_resampled_v4_walker2d__inr_transformer_fitted_latent__generalization__s1 (39.3s)
[gpu0:3] START custom_mujoco_action_resampled_v4_walker2d__inr_transformer_fitted_latent__specialization__s0
[gpu0:3] OK custom_mujoco_action_resampled_v4_walker2d__inr_transformer_fitted_latent__specialization__s0 (60.7s)
[gpu0:3] START custom_mujoco_action_resampled_v4_walker2d__inr_transformer_fitted_latent__specialization__s1
[gpu0:3] OK custom_mujoco_action_resampled_v4_walker2d__inr_transformer_fitted_latent__specialization__s1 (61.2s)
[gpu0:3] START custom_mujoco_action_resampled_v4_walker2d__inr_transformer_fitted_latent__novel_generalization__s0
[gpu0:3] OK custom_mujoco_action_resampled_v4_walker2d__inr_transformer_fitted_latent__novel_generalization__s0 (41.8s)
[gpu0:3] START custom_mujoco_action_resampled_v4_walker2d__inr_transformer_fitted_latent__novel_generalization__s1
[gpu0:3] OK custom_mujoco_action_resampled_v4_walker2d__inr_transformer_fitted_latent__novel_generalization__s1 (42.0s)
[gpu0:3] START custom_mujoco_action_resampled_v4_ant__inr_transformer_fitted_latent__no_shift__s0
[gpu0:3] OK custom_mujoco_action_resampled_v4_ant__inr_transformer_fitted_latent__no_shift__s0 (64.6s)
[gpu0:3] START custom_mujoco_action_resampled_v4_ant__inr_transformer_fitted_latent__no_shift__s1
[gpu0:3] OK custom_mujoco_action_resampled_v4_ant__inr_transformer_fitted_latent__no_shift__s1 (64.4s)
[gpu0:3] START custom_mujoco_action_resampled_v4_ant__inr_transformer_fitted_latent__new_policy__s0
[gpu0:3] OK custom_mujoco_action_resampled_v4_ant__inr_transformer_fitted_latent__new_policy__s0 (67.0s)
[gpu0:3] START custom_mujoco_action_resampled_v4_ant__inr_transformer_fitted_latent__new_policy__s1
[gpu0:3] OK custom_mujoco_action_resampled_v4_ant__inr_transformer_fitted_latent__new_policy__s1 (66.9s)
[gpu0:3] START custom_mujoco_action_resampled_v4_ant__inr_transformer_fitted_latent__single_shift__s0
[gpu0:3] OK custom_mujoco_action_resampled_v4_ant__inr_transformer_fitted_latent__single_shift__s0 (63.2s)
[gpu0:3] START custom_mujoco_action_resampled_v4_ant__inr_transformer_fitted_latent__single_shift__s1
[gpu0:3] OK custom_mujoco_action_resampled_v4_ant__inr_transformer_fitted_latent__single_shift__s1 (63.2s)
[gpu0:3] START custom_mujoco_action_resampled_v4_ant__inr_transformer_fitted_latent__conflation__s0
[gpu0:3] OK custom_mujoco_action_resampled_v4_ant__inr_transformer_fitted_latent__conflation__s0 (51.1s)
[gpu0:3] START custom_mujoco_action_resampled_v4_ant__inr_transformer_fitted_latent__conflation__s1
[gpu0:3] OK custom_mujoco_action_resampled_v4_ant__inr_transformer_fitted_latent__conflation__s1 (49.9s)
[gpu0:3] START custom_mujoco_action_resampled_v4_ant__inr_transformer_fitted_latent__generalization__s0
[gpu0:3] OK custom_mujoco_action_resampled_v4_ant__inr_transformer_fitted_latent__generalization__s0 (39.8s)
[gpu0:3] START custom_mujoco_action_resampled_v4_ant__inr_transformer_fitted_latent__generalization__s1
[gpu0:3] OK custom_mujoco_action_resampled_v4_ant__inr_transformer_fitted_latent__generalization__s1 (39.6s)
[gpu0:3] START custom_mujoco_action_resampled_v4_ant__inr_transformer_fitted_latent__specialization__s0
[gpu0:3] OK custom_mujoco_action_resampled_v4_ant__inr_transformer_fitted_latent__specialization__s0 (61.6s)
[gpu0:3] START custom_mujoco_action_resampled_v4_ant__inr_transformer_fitted_latent__specialization__s1
[gpu0:3] OK custom_mujoco_action_resampled_v4_ant__inr_transformer_fitted_latent__specialization__s1 (61.6s)
[gpu0:3] START custom_mujoco_action_resampled_v4_ant__inr_transformer_fitted_latent__novel_generalization__s0
[gpu0:3] OK custom_mujoco_action_resampled_v4_ant__inr_transformer_fitted_latent__novel_generalization__s0 (42.0s)
[gpu0:3] START custom_mujoco_action_resampled_v4_ant__inr_transformer_fitted_latent__novel_generalization__s1
[gpu0:3] OK custom_mujoco_action_resampled_v4_ant__inr_transformer_fitted_latent__novel_generalization__s1 (42.1s)
[gpu0:3] START custom_mujoco_action_resampled_v4_humanoid__inr_transformer_fitted_latent__no_shift__s0
[gpu0:3] OK custom_mujoco_action_resampled_v4_humanoid__inr_transformer_fitted_latent__no_shift__s0 (72.0s)
[gpu0:3] START custom_mujoco_action_resampled_v4_humanoid__inr_transformer_fitted_latent__no_shift__s1
[gpu0:3] OK custom_mujoco_action_resampled_v4_humanoid__inr_transformer_fitted_latent__no_shift__s1 (70.8s)
[gpu0:3] START custom_mujoco_action_resampled_v4_humanoid__inr_transformer_fitted_latent__new_policy__s0
[gpu0:3] OK custom_mujoco_action_resampled_v4_humanoid__inr_transformer_fitted_latent__new_policy__s0 (73.7s)
[gpu0:3] START custom_mujoco_action_resampled_v4_humanoid__inr_transformer_fitted_latent__new_policy__s1
[gpu0:3] OK custom_mujoco_action_resampled_v4_humanoid__inr_transformer_fitted_latent__new_policy__s1 (73.8s)
[gpu0:3] START custom_mujoco_action_resampled_v4_humanoid__inr_transformer_fitted_latent__single_shift__s0
[gpu0:3] OK custom_mujoco_action_resampled_v4_humanoid__inr_transformer_fitted_latent__single_shift__s0 (70.1s)
[gpu0:3] START custom_mujoco_action_resampled_v4_humanoid__inr_transformer_fitted_latent__single_shift__s1
[gpu0:3] OK custom_mujoco_action_resampled_v4_humanoid__inr_transformer_fitted_latent__single_shift__s1 (70.0s)
[gpu0:3] START custom_mujoco_action_resampled_v4_humanoid__inr_transformer_fitted_latent__conflation__s0
[gpu0:3] OK custom_mujoco_action_resampled_v4_humanoid__inr_transformer_fitted_latent__conflation__s0 (56.2s)
[gpu0:3] START custom_mujoco_action_resampled_v4_humanoid__inr_transformer_fitted_latent__conflation__s1
[gpu0:3] OK custom_mujoco_action_resampled_v4_humanoid__inr_transformer_fitted_latent__conflation__s1 (56.5s)
[gpu0:3] START custom_mujoco_action_resampled_v4_humanoid__inr_transformer_fitted_latent__generalization__s0
[gpu0:3] OK custom_mujoco_action_resampled_v4_humanoid__inr_transformer_fitted_latent__generalization__s0 (43.5s)
[gpu0:3] START custom_mujoco_action_resampled_v4_humanoid__inr_transformer_fitted_latent__generalization__s1
[gpu0:3] OK custom_mujoco_action_resampled_v4_humanoid__inr_transformer_fitted_latent__generalization__s1 (43.5s)
[gpu0:3] START custom_mujoco_action_resampled_v4_humanoid__inr_transformer_fitted_latent__specialization__s0
[gpu0:3] OK custom_mujoco_action_resampled_v4_humanoid__inr_transformer_fitted_latent__specialization__s0 (68.7s)
[gpu0:3] START custom_mujoco_action_resampled_v4_humanoid__inr_transformer_fitted_latent__specialization__s1
[gpu0:3] OK custom_mujoco_action_resampled_v4_humanoid__inr_transformer_fitted_latent__specialization__s1 (68.4s)
[gpu0:3] START custom_mujoco_action_resampled_v4_humanoid__inr_transformer_fitted_latent__novel_generalization__s0
[gpu0:3] OK custom_mujoco_action_resampled_v4_humanoid__inr_transformer_fitted_latent__novel_generalization__s0 (46.1s)
[gpu0:3] START custom_mujoco_action_resampled_v4_humanoid__inr_transformer_fitted_latent__novel_generalization__s1
[gpu0:3] OK custom_mujoco_action_resampled_v4_humanoid__inr_transformer_fitted_latent__novel_generalization__s1 (46.2s)
