[gpu0:2] START custom_mujoco_action_resampled_v2_hopper__inr_transformer_fitted_latent__no_shift__s0
[gpu0:2] OK custom_mujoco_action_resampled_v2_hopper__inr_transformer_fitted_latent__no_shift__s0 (66.4s)
[gpu0:2] START custom_mujoco_action_resampled_v2_hopper__inr_transformer_fitted_latent__no_shift__s1
[gpu0:2] OK custom_mujoco_action_resampled_v2_hopper__inr_transformer_fitted_latent__no_shift__s1 (67.2s)
[gpu0:2] START custom_mujoco_action_resampled_v2_hopper__inr_transformer_fitted_latent__new_policy__s0
[gpu0:2] OK custom_mujoco_action_resampled_v2_hopper__inr_transformer_fitted_latent__new_policy__s0 (69.1s)
[gpu0:2] START custom_mujoco_action_resampled_v2_hopper__inr_transformer_fitted_latent__new_policy__s1
[gpu0:2] OK custom_mujoco_action_resampled_v2_hopper__inr_transformer_fitted_latent__new_policy__s1 (68.7s)
[gpu0:2] START custom_mujoco_action_resampled_v2_hopper__inr_transformer_fitted_latent__single_shift__s0
[gpu0:2] OK custom_mujoco_action_resampled_v2_hopper__inr_transformer_fitted_latent__single_shift__s0 (64.1s)
[gpu0:2] START custom_mujoco_action_resampled_v2_hopper__inr_transformer_fitted_latent__single_shift__s1
[gpu0:2] OK custom_mujoco_action_resampled_v2_hopper__inr_transformer_fitted_latent__single_shift__s1 (64.4s)
[gpu0:2] START custom_mujoco_action_resampled_v2_hopper__inr_transformer_fitted_latent__conflation__s0
[gpu0:2] OK custom_mujoco_action_resampled_v2_hopper__inr_transformer_fitted_latent__conflation__s0 (53.5s)
[gpu0:2] START custom_mujoco_action_resampled_v2_hopper__inr_transformer_fitted_latent__conflation__s1
[gpu0:2] OK custom_mujoco_action_resampled_v2_hopper__inr_transformer_fitted_latent__conflation__s1 (52.8s)
[gpu0:2] START custom_mujoco_action_resampled_v2_hopper__inr_transformer_fitted_latent__generalization__s0
[gpu0:2] OK custom_mujoco_action_resampled_v2_hopper__inr_transformer_fitted_latent__generalization__s0 (40.3s)
[gpu0:2] START custom_mujoco_action_resampled_v2_hopper__inr_transformer_fitted_latent__generalization__s1
[gpu0:2] OK custom_mujoco_action_resampled_v2_hopper__inr_transformer_fitted_latent__generalization__s1 (40.0s)
[gpu0:2] START custom_mujoco_action_resampled_v2_hopper__inr_transformer_fitted_latent__specialization__s0
[gpu0:2] OK custom_mujoco_action_resampled_v2_hopper__inr_transformer_fitted_latent__specialization__s0 (63.1s)
[gpu0:2] START custom_mujoco_action_resampled_v2_hopper__inr_transformer_fitted_latent__specialization__s1
[gpu0:2] OK custom_mujoco_action_resampled_v2_hopper__inr_transformer_fitted_latent__specialization__s1 (64.3s)
[gpu0:2] START custom_mujoco_action_resampled_v2_hopper__inr_transformer_fitted_latent__novel_generalization__s0
[gpu0:2] OK custom_mujoco_action_resampled_v2_hopper__inr_transformer_fitted_latent__novel_generalization__s0 (44.1s)
[gpu0:2] START custom_mujoco_action_resampled_v2_hopper__inr_transformer_fitted_latent__novel_generalization__s1
[gpu0:2] OK custom_mujoco_action_resampled_v2_hopper__inr_transformer_fitted_latent__novel_generalization__s1 (43.4s)
[gpu0:2] START custom_mujoco_action_resampled_v2_halfcheetah__inr_transformer_fitted_latent__no_shift__s0
[gpu0:2] OK custom_mujoco_action_resampled_v2_halfcheetah__inr_transformer_fitted_latent__no_shift__s0 (66.0s)
[gpu0:2] START custom_mujoco_action_resampled_v2_halfcheetah__inr_transformer_fitted_latent__no_shift__s1
[gpu0:2] OK custom_mujoco_action_resampled_v2_halfcheetah__inr_transformer_fitted_latent__no_shift__s1 (65.9s)
[gpu0:2] START custom_mujoco_action_resampled_v2_halfcheetah__inr_transformer_fitted_latent__new_policy__s0
[gpu0:2] OK custom_mujoco_action_resampled_v2_halfcheetah__inr_transformer_fitted_latent__new_policy__s0 (70.6s)
[gpu0:2] START custom_mujoco_action_resampled_v2_halfcheetah__inr_transformer_fitted_latent__new_policy__s1
[gpu0:2] OK custom_mujoco_action_resampled_v2_halfcheetah__inr_transformer_fitted_latent__new_policy__s1 (69.2s)
[gpu0:2] START custom_mujoco_action_resampled_v2_halfcheetah__inr_transformer_fitted_latent__single_shift__s0
[gpu0:2] OK custom_mujoco_action_resampled_v2_halfcheetah__inr_transformer_fitted_latent__single_shift__s0 (65.7s)
[gpu0:2] START custom_mujoco_action_resampled_v2_halfcheetah__inr_transformer_fitted_latent__single_shift__s1
[gpu0:2] OK custom_mujoco_action_resampled_v2_halfcheetah__inr_transformer_fitted_latent__single_shift__s1 (64.8s)
[gpu0:2] START custom_mujoco_action_resampled_v2_halfcheetah__inr_transformer_fitted_latent__conflation__s0
[gpu0:2] OK custom_mujoco_action_resampled_v2_halfcheetah__inr_transformer_fitted_latent__conflation__s0 (51.8s)
[gpu0:2] START custom_mujoco_action_resampled_v2_halfcheetah__inr_transformer_fitted_latent__conflation__s1
[gpu0:2] OK custom_mujoco_action_resampled_v2_halfcheetah__inr_transformer_fitted_latent__conflation__s1 (54.6s)
[gpu0:2] START custom_mujoco_action_resampled_v2_halfcheetah__inr_transformer_fitted_latent__generalization__s0
[gpu0:2] OK custom_mujoco_action_resampled_v2_halfcheetah__inr_transformer_fitted_latent__generalization__s0 (40.3s)
[gpu0:2] START custom_mujoco_action_resampled_v2_halfcheetah__inr_transformer_fitted_latent__generalization__s1
[gpu0:2] OK custom_mujoco_action_resampled_v2_halfcheetah__inr_transformer_fitted_latent__generalization__s1 (40.8s)
[gpu0:2] START custom_mujoco_action_resampled_v2_halfcheetah__inr_transformer_fitted_latent__specialization__s0
[gpu0:2] OK custom_mujoco_action_resampled_v2_halfcheetah__inr_transformer_fitted_latent__specialization__s0 (64.0s)
[gpu0:2] START custom_mujoco_action_resampled_v2_halfcheetah__inr_transformer_fitted_latent__specialization__s1
[gpu0:2] OK custom_mujoco_action_resampled_v2_halfcheetah__inr_transformer_fitted_latent__specialization__s1 (63.7s)
[gpu0:2] START custom_mujoco_action_resampled_v2_halfcheetah__inr_transformer_fitted_latent__novel_generalization__s0
[gpu0:2] OK custom_mujoco_action_resampled_v2_halfcheetah__inr_transformer_fitted_latent__novel_generalization__s0 (43.2s)
[gpu0:2] START custom_mujoco_action_resampled_v2_halfcheetah__inr_transformer_fitted_latent__novel_generalization__s1
[gpu0:2] OK custom_mujoco_action_resampled_v2_halfcheetah__inr_transformer_fitted_latent__novel_generalization__s1 (43.4s)
[gpu0:2] START custom_mujoco_action_resampled_v2_walker2d__inr_transformer_fitted_latent__no_shift__s0
[gpu0:2] OK custom_mujoco_action_resampled_v2_walker2d__inr_transformer_fitted_latent__no_shift__s0 (68.1s)
[gpu0:2] START custom_mujoco_action_resampled_v2_walker2d__inr_transformer_fitted_latent__no_shift__s1
[gpu0:2] OK custom_mujoco_action_resampled_v2_walker2d__inr_transformer_fitted_latent__no_shift__s1 (66.7s)
[gpu0:2] START custom_mujoco_action_resampled_v2_walker2d__inr_transformer_fitted_latent__new_policy__s0
[gpu0:2] OK custom_mujoco_action_resampled_v2_walker2d__inr_transformer_fitted_latent__new_policy__s0 (68.7s)
[gpu0:2] START custom_mujoco_action_resampled_v2_walker2d__inr_transformer_fitted_latent__new_policy__s1
[gpu0:2] OK custom_mujoco_action_resampled_v2_walker2d__inr_transformer_fitted_latent__new_policy__s1 (69.0s)
[gpu0:2] START custom_mujoco_action_resampled_v2_walker2d__inr_transformer_fitted_latent__single_shift__s0
[gpu0:2] OK custom_mujoco_action_resampled_v2_walker2d__inr_transformer_fitted_latent__single_shift__s0 (65.1s)
[gpu0:2] START custom_mujoco_action_resampled_v2_walker2d__inr_transformer_fitted_latent__single_shift__s1
[gpu0:2] OK custom_mujoco_action_resampled_v2_walker2d__inr_transformer_fitted_latent__single_shift__s1 (65.1s)
[gpu0:2] START custom_mujoco_action_resampled_v2_walker2d__inr_transformer_fitted_latent__conflation__s0
[gpu0:2] OK custom_mujoco_action_resampled_v2_walker2d__inr_transformer_fitted_latent__conflation__s0 (55.7s)
[gpu0:2] START custom_mujoco_action_resampled_v2_walker2d__inr_transformer_fitted_latent__conflation__s1
[gpu0:2] OK custom_mujoco_action_resampled_v2_walker2d__inr_transformer_fitted_latent__conflation__s1 (53.1s)
[gpu0:2] START custom_mujoco_action_resampled_v2_walker2d__inr_transformer_fitted_latent__generalization__s0
[gpu0:2] OK custom_mujoco_action_resampled_v2_walker2d__inr_transformer_fitted_latent__generalization__s0 (40.2s)
[gpu0:2] START custom_mujoco_action_resampled_v2_walker2d__inr_transformer_fitted_latent__generalization__s1
[gpu0:2] OK custom_mujoco_action_resampled_v2_walker2d__inr_transformer_fitted_latent__generalization__s1 (41.8s)
[gpu0:2] START custom_mujoco_action_resampled_v2_walker2d__inr_transformer_fitted_latent__specialization__s0
[gpu0:2] OK custom_mujoco_action_resampled_v2_walker2d__inr_transformer_fitted_latent__specialization__s0 (64.7s)
[gpu0:2] START custom_mujoco_action_resampled_v2_walker2d__inr_transformer_fitted_latent__specialization__s1
[gpu0:2] OK custom_mujoco_action_resampled_v2_walker2d__inr_transformer_fitted_latent__specialization__s1 (63.7s)
[gpu0:2] START custom_mujoco_action_resampled_v2_walker2d__inr_transformer_fitted_latent__novel_generalization__s0
[gpu0:2] OK custom_mujoco_action_resampled_v2_walker2d__inr_transformer_fitted_latent__novel_generalization__s0 (43.2s)
[gpu0:2] START custom_mujoco_action_resampled_v2_walker2d__inr_transformer_fitted_latent__novel_generalization__s1
[gpu0:2] OK custom_mujoco_action_resampled_v2_walker2d__inr_transformer_fitted_latent__novel_generalization__s1 (43.5s)
[gpu0:2] START custom_mujoco_action_resampled_v2_ant__inr_transformer_fitted_latent__no_shift__s0
[gpu0:2] OK custom_mujoco_action_resampled_v2_ant__inr_transformer_fitted_latent__no_shift__s0 (68.1s)
[gpu0:2] START custom_mujoco_action_resampled_v2_ant__inr_transformer_fitted_latent__no_shift__s1
[gpu0:2] OK custom_mujoco_action_resampled_v2_ant__inr_transformer_fitted_latent__no_shift__s1 (68.1s)
[gpu0:2] START custom_mujoco_action_resampled_v2_ant__inr_transformer_fitted_latent__new_policy__s0
[gpu0:2] OK custom_mujoco_action_resampled_v2_ant__inr_transformer_fitted_latent__new_policy__s0 (71.1s)
[gpu0:2] START custom_mujoco_action_resampled_v2_ant__inr_transformer_fitted_latent__new_policy__s1
[gpu0:2] OK custom_mujoco_action_resampled_v2_ant__inr_transformer_fitted_latent__new_policy__s1 (71.5s)
[gpu0:2] START custom_mujoco_action_resampled_v2_ant__inr_transformer_fitted_latent__single_shift__s0
[gpu0:2] OK custom_mujoco_action_resampled_v2_ant__inr_transformer_fitted_latent__single_shift__s0 (67.0s)
[gpu0:2] START custom_mujoco_action_resampled_v2_ant__inr_transformer_fitted_latent__single_shift__s1
[gpu0:2] OK custom_mujoco_action_resampled_v2_ant__inr_transformer_fitted_latent__single_shift__s1 (67.2s)
[gpu0:2] START custom_mujoco_action_resampled_v2_ant__inr_transformer_fitted_latent__conflation__s0
[gpu0:2] OK custom_mujoco_action_resampled_v2_ant__inr_transformer_fitted_latent__conflation__s0 (54.5s)
[gpu0:2] START custom_mujoco_action_resampled_v2_ant__inr_transformer_fitted_latent__conflation__s1
[gpu0:2] OK custom_mujoco_action_resampled_v2_ant__inr_transformer_fitted_latent__conflation__s1 (54.3s)
[gpu0:2] START custom_mujoco_action_resampled_v2_ant__inr_transformer_fitted_latent__generalization__s0
[gpu0:2] OK custom_mujoco_action_resampled_v2_ant__inr_transformer_fitted_latent__generalization__s0 (42.1s)
[gpu0:2] START custom_mujoco_action_resampled_v2_ant__inr_transformer_fitted_latent__generalization__s1
[gpu0:2] OK custom_mujoco_action_resampled_v2_ant__inr_transformer_fitted_latent__generalization__s1 (42.2s)
[gpu0:2] START custom_mujoco_action_resampled_v2_ant__inr_transformer_fitted_latent__specialization__s0
[gpu0:2] OK custom_mujoco_action_resampled_v2_ant__inr_transformer_fitted_latent__specialization__s0 (65.6s)
[gpu0:2] START custom_mujoco_action_resampled_v2_ant__inr_transformer_fitted_latent__specialization__s1
[gpu0:2] OK custom_mujoco_action_resampled_v2_ant__inr_transformer_fitted_latent__specialization__s1 (66.1s)
[gpu0:2] START custom_mujoco_action_resampled_v2_ant__inr_transformer_fitted_latent__novel_generalization__s0
[gpu0:2] OK custom_mujoco_action_resampled_v2_ant__inr_transformer_fitted_latent__novel_generalization__s0 (45.1s)
[gpu0:2] START custom_mujoco_action_resampled_v2_ant__inr_transformer_fitted_latent__novel_generalization__s1
[gpu0:2] OK custom_mujoco_action_resampled_v2_ant__inr_transformer_fitted_latent__novel_generalization__s1 (45.8s)
[gpu0:2] START custom_mujoco_action_resampled_v2_humanoid__inr_transformer_fitted_latent__no_shift__s0
[gpu0:2] OK custom_mujoco_action_resampled_v2_humanoid__inr_transformer_fitted_latent__no_shift__s0 (78.9s)
[gpu0:2] START custom_mujoco_action_resampled_v2_humanoid__inr_transformer_fitted_latent__no_shift__s1
[gpu0:2] OK custom_mujoco_action_resampled_v2_humanoid__inr_transformer_fitted_latent__no_shift__s1 (78.0s)
[gpu0:2] START custom_mujoco_action_resampled_v2_humanoid__inr_transformer_fitted_latent__new_policy__s0
[gpu0:2] OK custom_mujoco_action_resampled_v2_humanoid__inr_transformer_fitted_latent__new_policy__s0 (80.9s)
[gpu0:2] START custom_mujoco_action_resampled_v2_humanoid__inr_transformer_fitted_latent__new_policy__s1
[gpu0:2] OK custom_mujoco_action_resampled_v2_humanoid__inr_transformer_fitted_latent__new_policy__s1 (80.3s)
[gpu0:2] START custom_mujoco_action_resampled_v2_humanoid__inr_transformer_fitted_latent__single_shift__s0
[gpu0:2] OK custom_mujoco_action_resampled_v2_humanoid__inr_transformer_fitted_latent__single_shift__s0 (76.1s)
[gpu0:2] START custom_mujoco_action_resampled_v2_humanoid__inr_transformer_fitted_latent__single_shift__s1
[gpu0:2] OK custom_mujoco_action_resampled_v2_humanoid__inr_transformer_fitted_latent__single_shift__s1 (76.0s)
[gpu0:2] START custom_mujoco_action_resampled_v2_humanoid__inr_transformer_fitted_latent__conflation__s0
[gpu0:2] OK custom_mujoco_action_resampled_v2_humanoid__inr_transformer_fitted_latent__conflation__s0 (63.2s)
[gpu0:2] START custom_mujoco_action_resampled_v2_humanoid__inr_transformer_fitted_latent__conflation__s1
[gpu0:2] OK custom_mujoco_action_resampled_v2_humanoid__inr_transformer_fitted_latent__conflation__s1 (62.8s)
[gpu0:2] START custom_mujoco_action_resampled_v2_humanoid__inr_transformer_fitted_latent__generalization__s0
[gpu0:2] OK custom_mujoco_action_resampled_v2_humanoid__inr_transformer_fitted_latent__generalization__s0 (49.3s)
[gpu0:2] START custom_mujoco_action_resampled_v2_humanoid__inr_transformer_fitted_latent__generalization__s1
[gpu0:2] OK custom_mujoco_action_resampled_v2_humanoid__inr_transformer_fitted_latent__generalization__s1 (48.6s)
[gpu0:2] START custom_mujoco_action_resampled_v2_humanoid__inr_transformer_fitted_latent__specialization__s0
[gpu0:2] OK custom_mujoco_action_resampled_v2_humanoid__inr_transformer_fitted_latent__specialization__s0 (74.0s)
[gpu0:2] START custom_mujoco_action_resampled_v2_humanoid__inr_transformer_fitted_latent__specialization__s1
[gpu0:2] OK custom_mujoco_action_resampled_v2_humanoid__inr_transformer_fitted_latent__specialization__s1 (74.5s)
[gpu0:2] START custom_mujoco_action_resampled_v2_humanoid__inr_transformer_fitted_latent__novel_generalization__s0
[gpu0:2] OK custom_mujoco_action_resampled_v2_humanoid__inr_transformer_fitted_latent__novel_generalization__s0 (51.9s)
[gpu0:2] START custom_mujoco_action_resampled_v2_humanoid__inr_transformer_fitted_latent__novel_generalization__s1
[gpu0:2] OK custom_mujoco_action_resampled_v2_humanoid__inr_transformer_fitted_latent__novel_generalization__s1 (51.9s)
