[gpu0] START /mnt/data/INR/outputs/droid/balanced_min300_remove_hk300_5col/droid_lowdim_full_balanced_min300_remove_5col__cvae__conflation_5p__s0
[gpu1] START /mnt/data/INR/outputs/droid/balanced_min300_remove_hk300_5col/droid_lowdim_full_balanced_min300_remove_5col__cvae__conflation_5p__s1
[gpu2] START /mnt/data/INR/outputs/droid/balanced_min300_remove_hk300_5col/droid_lowdim_full_balanced_min300_remove_5col__cvae__generalization_5p__s0
[gpu3] START /mnt/data/INR/outputs/droid/balanced_min300_remove_hk300_5col/droid_lowdim_full_balanced_min300_remove_5col__cvae__generalization_5p__s1
[gpu3] OK /mnt/data/INR/outputs/droid/balanced_min300_remove_hk300_5col/droid_lowdim_full_balanced_min300_remove_5col__cvae__generalization_5p__s1 (12.6s)
[gpu3] START /mnt/data/INR/outputs/droid/balanced_min300_remove_hk300_5col/droid_lowdim_full_balanced_min300_remove_5col__cvae__new_policy_5p__s0
[gpu2] OK /mnt/data/INR/outputs/droid/balanced_min300_remove_hk300_5col/droid_lowdim_full_balanced_min300_remove_5col__cvae__generalization_5p__s0 (12.6s)
[gpu2] START /mnt/data/INR/outputs/droid/balanced_min300_remove_hk300_5col/droid_lowdim_full_balanced_min300_remove_5col__cvae__new_policy_5p__s1
[gpu1] OK /mnt/data/INR/outputs/droid/balanced_min300_remove_hk300_5col/droid_lowdim_full_balanced_min300_remove_5col__cvae__conflation_5p__s1 (44.9s)
[gpu1] START /mnt/data/INR/outputs/droid/balanced_min300_remove_hk300_5col/droid_lowdim_full_balanced_min300_remove_5col__cvae__no_shift_5p__s0
[gpu3] OK /mnt/data/INR/outputs/droid/balanced_min300_remove_hk300_5col/droid_lowdim_full_balanced_min300_remove_5col__cvae__new_policy_5p__s0 (32.4s)
[gpu3] START /mnt/data/INR/outputs/droid/balanced_min300_remove_hk300_5col/droid_lowdim_full_balanced_min300_remove_5col__cvae__no_shift_5p__s1
[gpu0] OK /mnt/data/INR/outputs/droid/balanced_min300_remove_hk300_5col/droid_lowdim_full_balanced_min300_remove_5col__cvae__conflation_5p__s0 (45.4s)
[gpu0] START /mnt/data/INR/outputs/droid/balanced_min300_remove_hk300_5col/droid_lowdim_full_balanced_min300_remove_5col__cvae__novel_generalization_5p__s0
[gpu2] OK /mnt/data/INR/outputs/droid/balanced_min300_remove_hk300_5col/droid_lowdim_full_balanced_min300_remove_5col__cvae__new_policy_5p__s1 (32.8s)
[gpu2] START /mnt/data/INR/outputs/droid/balanced_min300_remove_hk300_5col/droid_lowdim_full_balanced_min300_remove_5col__cvae__novel_generalization_5p__s1
[gpu0] OK /mnt/data/INR/outputs/droid/balanced_min300_remove_hk300_5col/droid_lowdim_full_balanced_min300_remove_5col__cvae__novel_generalization_5p__s0 (12.1s)
[gpu0] START /mnt/data/INR/outputs/droid/balanced_min300_remove_hk300_5col/droid_lowdim_full_balanced_min300_remove_5col__cvae__single_shift_5p__s0
[gpu2] OK /mnt/data/INR/outputs/droid/balanced_min300_remove_hk300_5col/droid_lowdim_full_balanced_min300_remove_5col__cvae__novel_generalization_5p__s1 (12.0s)
[gpu2] START /mnt/data/INR/outputs/droid/balanced_min300_remove_hk300_5col/droid_lowdim_full_balanced_min300_remove_5col__cvae__single_shift_5p__s1
[gpu1] OK /mnt/data/INR/outputs/droid/balanced_min300_remove_hk300_5col/droid_lowdim_full_balanced_min300_remove_5col__cvae__no_shift_5p__s0 (47.5s)
[gpu1] START /mnt/data/INR/outputs/droid/balanced_min300_remove_hk300_5col/droid_lowdim_full_balanced_min300_remove_5col__cvae__specialization_5p__s0
[gpu3] OK /mnt/data/INR/outputs/droid/balanced_min300_remove_hk300_5col/droid_lowdim_full_balanced_min300_remove_5col__cvae__no_shift_5p__s1 (47.6s)
[gpu3] START /mnt/data/INR/outputs/droid/balanced_min300_remove_hk300_5col/droid_lowdim_full_balanced_min300_remove_5col__cvae__specialization_5p__s1
[gpu2] OK /mnt/data/INR/outputs/droid/balanced_min300_remove_hk300_5col/droid_lowdim_full_balanced_min300_remove_5col__cvae__single_shift_5p__s1 (46.7s)
[gpu2] START /mnt/data/INR/outputs/droid/balanced_min300_remove_hk300_5col/droid_lowdim_full_balanced_min300_remove_5col__inr_diffusion_history_conditioned__conflation_5p__s0
[gpu0] OK /mnt/data/INR/outputs/droid/balanced_min300_remove_hk300_5col/droid_lowdim_full_balanced_min300_remove_5col__cvae__single_shift_5p__s0 (46.8s)
[gpu0] START /mnt/data/INR/outputs/droid/balanced_min300_remove_hk300_5col/droid_lowdim_full_balanced_min300_remove_5col__inr_diffusion_history_conditioned__conflation_5p__s1
[gpu1] OK /mnt/data/INR/outputs/droid/balanced_min300_remove_hk300_5col/droid_lowdim_full_balanced_min300_remove_5col__cvae__specialization_5p__s0 (42.9s)
[gpu1] START /mnt/data/INR/outputs/droid/balanced_min300_remove_hk300_5col/droid_lowdim_full_balanced_min300_remove_5col__inr_diffusion_history_conditioned__generalization_5p__s0
[gpu3] OK /mnt/data/INR/outputs/droid/balanced_min300_remove_hk300_5col/droid_lowdim_full_balanced_min300_remove_5col__cvae__specialization_5p__s1 (43.1s)
[gpu3] START /mnt/data/INR/outputs/droid/balanced_min300_remove_hk300_5col/droid_lowdim_full_balanced_min300_remove_5col__inr_diffusion_history_conditioned__generalization_5p__s1
[gpu0] OK /mnt/data/INR/outputs/droid/balanced_min300_remove_hk300_5col/droid_lowdim_full_balanced_min300_remove_5col__inr_diffusion_history_conditioned__conflation_5p__s1 (42.1s)
[gpu0] START /mnt/data/INR/outputs/droid/balanced_min300_remove_hk300_5col/droid_lowdim_full_balanced_min300_remove_5col__inr_diffusion_history_conditioned__new_policy_5p__s0
[gpu2] OK /mnt/data/INR/outputs/droid/balanced_min300_remove_hk300_5col/droid_lowdim_full_balanced_min300_remove_5col__inr_diffusion_history_conditioned__conflation_5p__s0 (42.2s)
[gpu2] START /mnt/data/INR/outputs/droid/balanced_min300_remove_hk300_5col/droid_lowdim_full_balanced_min300_remove_5col__inr_diffusion_history_conditioned__new_policy_5p__s1
[gpu1] OK /mnt/data/INR/outputs/droid/balanced_min300_remove_hk300_5col/droid_lowdim_full_balanced_min300_remove_5col__inr_diffusion_history_conditioned__generalization_5p__s0 (12.7s)
[gpu1] START /mnt/data/INR/outputs/droid/balanced_min300_remove_hk300_5col/droid_lowdim_full_balanced_min300_remove_5col__inr_diffusion_history_conditioned__no_shift_5p__s0
[gpu3] OK /mnt/data/INR/outputs/droid/balanced_min300_remove_hk300_5col/droid_lowdim_full_balanced_min300_remove_5col__inr_diffusion_history_conditioned__generalization_5p__s1 (12.6s)
[gpu3] START /mnt/data/INR/outputs/droid/balanced_min300_remove_hk300_5col/droid_lowdim_full_balanced_min300_remove_5col__inr_diffusion_history_conditioned__no_shift_5p__s1
[gpu0] OK /mnt/data/INR/outputs/droid/balanced_min300_remove_hk300_5col/droid_lowdim_full_balanced_min300_remove_5col__inr_diffusion_history_conditioned__new_policy_5p__s0 (31.2s)
[gpu0] START /mnt/data/INR/outputs/droid/balanced_min300_remove_hk300_5col/droid_lowdim_full_balanced_min300_remove_5col__inr_diffusion_history_conditioned__novel_generalization_5p__s0
[gpu2] OK /mnt/data/INR/outputs/droid/balanced_min300_remove_hk300_5col/droid_lowdim_full_balanced_min300_remove_5col__inr_diffusion_history_conditioned__new_policy_5p__s1 (31.4s)
[gpu2] START /mnt/data/INR/outputs/droid/balanced_min300_remove_hk300_5col/droid_lowdim_full_balanced_min300_remove_5col__inr_diffusion_history_conditioned__novel_generalization_5p__s1
[gpu0] OK /mnt/data/INR/outputs/droid/balanced_min300_remove_hk300_5col/droid_lowdim_full_balanced_min300_remove_5col__inr_diffusion_history_conditioned__novel_generalization_5p__s0 (11.7s)
[gpu0] START /mnt/data/INR/outputs/droid/balanced_min300_remove_hk300_5col/droid_lowdim_full_balanced_min300_remove_5col__inr_diffusion_history_conditioned__single_shift_5p__s0
[gpu2] OK /mnt/data/INR/outputs/droid/balanced_min300_remove_hk300_5col/droid_lowdim_full_balanced_min300_remove_5col__inr_diffusion_history_conditioned__novel_generalization_5p__s1 (11.6s)
[gpu2] START /mnt/data/INR/outputs/droid/balanced_min300_remove_hk300_5col/droid_lowdim_full_balanced_min300_remove_5col__inr_diffusion_history_conditioned__single_shift_5p__s1
[gpu3] OK /mnt/data/INR/outputs/droid/balanced_min300_remove_hk300_5col/droid_lowdim_full_balanced_min300_remove_5col__inr_diffusion_history_conditioned__no_shift_5p__s1 (44.1s)
[gpu3] START /mnt/data/INR/outputs/droid/balanced_min300_remove_hk300_5col/droid_lowdim_full_balanced_min300_remove_5col__inr_diffusion_history_conditioned__specialization_5p__s0
[gpu1] OK /mnt/data/INR/outputs/droid/balanced_min300_remove_hk300_5col/droid_lowdim_full_balanced_min300_remove_5col__inr_diffusion_history_conditioned__no_shift_5p__s0 (45.3s)
[gpu1] START /mnt/data/INR/outputs/droid/balanced_min300_remove_hk300_5col/droid_lowdim_full_balanced_min300_remove_5col__inr_diffusion_history_conditioned__specialization_5p__s1
[gpu3] OK /mnt/data/INR/outputs/droid/balanced_min300_remove_hk300_5col/droid_lowdim_full_balanced_min300_remove_5col__inr_diffusion_history_conditioned__specialization_5p__s0 (39.6s)
[gpu3] START /mnt/data/INR/outputs/droid/balanced_min300_remove_hk300_5col/droid_lowdim_full_balanced_min300_remove_5col__inr_transformer_fitted_latent__conflation_5p__s0
[gpu1] OK /mnt/data/INR/outputs/droid/balanced_min300_remove_hk300_5col/droid_lowdim_full_balanced_min300_remove_5col__inr_diffusion_history_conditioned__specialization_5p__s1 (39.8s)
[gpu1] START /mnt/data/INR/outputs/droid/balanced_min300_remove_hk300_5col/droid_lowdim_full_balanced_min300_remove_5col__inr_transformer_fitted_latent__conflation_5p__s1
[gpu0] OK /mnt/data/INR/outputs/droid/balanced_min300_remove_hk300_5col/droid_lowdim_full_balanced_min300_remove_5col__inr_diffusion_history_conditioned__single_shift_5p__s0 (44.2s)
[gpu0] START /mnt/data/INR/outputs/droid/balanced_min300_remove_hk300_5col/droid_lowdim_full_balanced_min300_remove_5col__inr_transformer_fitted_latent__generalization_5p__s0
[gpu2] OK /mnt/data/INR/outputs/droid/balanced_min300_remove_hk300_5col/droid_lowdim_full_balanced_min300_remove_5col__inr_diffusion_history_conditioned__single_shift_5p__s1 (44.3s)
[gpu2] START /mnt/data/INR/outputs/droid/balanced_min300_remove_hk300_5col/droid_lowdim_full_balanced_min300_remove_5col__inr_transformer_fitted_latent__generalization_5p__s1
[gpu0] OK /mnt/data/INR/outputs/droid/balanced_min300_remove_hk300_5col/droid_lowdim_full_balanced_min300_remove_5col__inr_transformer_fitted_latent__generalization_5p__s0 (20.4s)
[gpu0] START /mnt/data/INR/outputs/droid/balanced_min300_remove_hk300_5col/droid_lowdim_full_balanced_min300_remove_5col__inr_transformer_fitted_latent__new_policy_5p__s0
[gpu2] OK /mnt/data/INR/outputs/droid/balanced_min300_remove_hk300_5col/droid_lowdim_full_balanced_min300_remove_5col__inr_transformer_fitted_latent__generalization_5p__s1 (20.2s)
[gpu2] START /mnt/data/INR/outputs/droid/balanced_min300_remove_hk300_5col/droid_lowdim_full_balanced_min300_remove_5col__inr_transformer_fitted_latent__new_policy_5p__s1
[gpu3] OK /mnt/data/INR/outputs/droid/balanced_min300_remove_hk300_5col/droid_lowdim_full_balanced_min300_remove_5col__inr_transformer_fitted_latent__conflation_5p__s0 (76.9s)
[gpu3] START /mnt/data/INR/outputs/droid/balanced_min300_remove_hk300_5col/droid_lowdim_full_balanced_min300_remove_5col__inr_transformer_fitted_latent__no_shift_5p__s0
[gpu1] OK /mnt/data/INR/outputs/droid/balanced_min300_remove_hk300_5col/droid_lowdim_full_balanced_min300_remove_5col__inr_transformer_fitted_latent__conflation_5p__s1 (77.6s)
[gpu1] START /mnt/data/INR/outputs/droid/balanced_min300_remove_hk300_5col/droid_lowdim_full_balanced_min300_remove_5col__inr_transformer_fitted_latent__no_shift_5p__s1
[gpu0] OK /mnt/data/INR/outputs/droid/balanced_min300_remove_hk300_5col/droid_lowdim_full_balanced_min300_remove_5col__inr_transformer_fitted_latent__new_policy_5p__s0 (57.4s)
[gpu0] START /mnt/data/INR/outputs/droid/balanced_min300_remove_hk300_5col/droid_lowdim_full_balanced_min300_remove_5col__inr_transformer_fitted_latent__novel_generalization_5p__s0
[gpu2] OK /mnt/data/INR/outputs/droid/balanced_min300_remove_hk300_5col/droid_lowdim_full_balanced_min300_remove_5col__inr_transformer_fitted_latent__new_policy_5p__s1 (57.7s)
[gpu2] START /mnt/data/INR/outputs/droid/balanced_min300_remove_hk300_5col/droid_lowdim_full_balanced_min300_remove_5col__inr_transformer_fitted_latent__novel_generalization_5p__s1
[gpu0] OK /mnt/data/INR/outputs/droid/balanced_min300_remove_hk300_5col/droid_lowdim_full_balanced_min300_remove_5col__inr_transformer_fitted_latent__novel_generalization_5p__s0 (19.5s)
[gpu0] START /mnt/data/INR/outputs/droid/balanced_min300_remove_hk300_5col/droid_lowdim_full_balanced_min300_remove_5col__inr_transformer_fitted_latent__single_shift_5p__s0
[gpu2] OK /mnt/data/INR/outputs/droid/balanced_min300_remove_hk300_5col/droid_lowdim_full_balanced_min300_remove_5col__inr_transformer_fitted_latent__novel_generalization_5p__s1 (19.4s)
[gpu2] START /mnt/data/INR/outputs/droid/balanced_min300_remove_hk300_5col/droid_lowdim_full_balanced_min300_remove_5col__inr_transformer_fitted_latent__single_shift_5p__s1
[gpu3] OK /mnt/data/INR/outputs/droid/balanced_min300_remove_hk300_5col/droid_lowdim_full_balanced_min300_remove_5col__inr_transformer_fitted_latent__no_shift_5p__s0 (80.0s)
[gpu3] START /mnt/data/INR/outputs/droid/balanced_min300_remove_hk300_5col/droid_lowdim_full_balanced_min300_remove_5col__inr_transformer_fitted_latent__specialization_5p__s0
[gpu1] OK /mnt/data/INR/outputs/droid/balanced_min300_remove_hk300_5col/droid_lowdim_full_balanced_min300_remove_5col__inr_transformer_fitted_latent__no_shift_5p__s1 (79.9s)
[gpu1] START /mnt/data/INR/outputs/droid/balanced_min300_remove_hk300_5col/droid_lowdim_full_balanced_min300_remove_5col__inr_transformer_fitted_latent__specialization_5p__s1
[gpu0] OK /mnt/data/INR/outputs/droid/balanced_min300_remove_hk300_5col/droid_lowdim_full_balanced_min300_remove_5col__inr_transformer_fitted_latent__single_shift_5p__s0 (78.7s)
[gpu0] START /mnt/data/INR/outputs/droid/balanced_min300_remove_hk300_5col/droid_lowdim_full_balanced_min300_remove_5col__inr_transformer_history_conditioned__conflation_5p__s0
[gpu2] OK /mnt/data/INR/outputs/droid/balanced_min300_remove_hk300_5col/droid_lowdim_full_balanced_min300_remove_5col__inr_transformer_fitted_latent__single_shift_5p__s1 (78.7s)
[gpu2] START /mnt/data/INR/outputs/droid/balanced_min300_remove_hk300_5col/droid_lowdim_full_balanced_min300_remove_5col__inr_transformer_history_conditioned__conflation_5p__s1
[gpu0] OK /mnt/data/INR/outputs/droid/balanced_min300_remove_hk300_5col/droid_lowdim_full_balanced_min300_remove_5col__inr_transformer_history_conditioned__conflation_5p__s0 (41.6s)
[gpu0] START /mnt/data/INR/outputs/droid/balanced_min300_remove_hk300_5col/droid_lowdim_full_balanced_min300_remove_5col__inr_transformer_history_conditioned__generalization_5p__s0
[gpu2] OK /mnt/data/INR/outputs/droid/balanced_min300_remove_hk300_5col/droid_lowdim_full_balanced_min300_remove_5col__inr_transformer_history_conditioned__conflation_5p__s1 (41.7s)
[gpu2] START /mnt/data/INR/outputs/droid/balanced_min300_remove_hk300_5col/droid_lowdim_full_balanced_min300_remove_5col__inr_transformer_history_conditioned__generalization_5p__s1
[gpu3] OK /mnt/data/INR/outputs/droid/balanced_min300_remove_hk300_5col/droid_lowdim_full_balanced_min300_remove_5col__inr_transformer_fitted_latent__specialization_5p__s0 (69.5s)
[gpu3] START /mnt/data/INR/outputs/droid/balanced_min300_remove_hk300_5col/droid_lowdim_full_balanced_min300_remove_5col__inr_transformer_history_conditioned__new_policy_5p__s0
[gpu1] OK /mnt/data/INR/outputs/droid/balanced_min300_remove_hk300_5col/droid_lowdim_full_balanced_min300_remove_5col__inr_transformer_fitted_latent__specialization_5p__s1 (69.1s)
[gpu1] START /mnt/data/INR/outputs/droid/balanced_min300_remove_hk300_5col/droid_lowdim_full_balanced_min300_remove_5col__inr_transformer_history_conditioned__new_policy_5p__s1
[gpu0] OK /mnt/data/INR/outputs/droid/balanced_min300_remove_hk300_5col/droid_lowdim_full_balanced_min300_remove_5col__inr_transformer_history_conditioned__generalization_5p__s0 (12.5s)
[gpu0] START /mnt/data/INR/outputs/droid/balanced_min300_remove_hk300_5col/droid_lowdim_full_balanced_min300_remove_5col__inr_transformer_history_conditioned__no_shift_5p__s0
[gpu2] OK /mnt/data/INR/outputs/droid/balanced_min300_remove_hk300_5col/droid_lowdim_full_balanced_min300_remove_5col__inr_transformer_history_conditioned__generalization_5p__s1 (12.4s)
[gpu2] START /mnt/data/INR/outputs/droid/balanced_min300_remove_hk300_5col/droid_lowdim_full_balanced_min300_remove_5col__inr_transformer_history_conditioned__no_shift_5p__s1
[gpu3] OK /mnt/data/INR/outputs/droid/balanced_min300_remove_hk300_5col/droid_lowdim_full_balanced_min300_remove_5col__inr_transformer_history_conditioned__new_policy_5p__s0 (31.4s)
[gpu3] START /mnt/data/INR/outputs/droid/balanced_min300_remove_hk300_5col/droid_lowdim_full_balanced_min300_remove_5col__inr_transformer_history_conditioned__novel_generalization_5p__s0
[gpu1] OK /mnt/data/INR/outputs/droid/balanced_min300_remove_hk300_5col/droid_lowdim_full_balanced_min300_remove_5col__inr_transformer_history_conditioned__new_policy_5p__s1 (31.2s)
[gpu1] START /mnt/data/INR/outputs/droid/balanced_min300_remove_hk300_5col/droid_lowdim_full_balanced_min300_remove_5col__inr_transformer_history_conditioned__novel_generalization_5p__s1
[gpu3] OK /mnt/data/INR/outputs/droid/balanced_min300_remove_hk300_5col/droid_lowdim_full_balanced_min300_remove_5col__inr_transformer_history_conditioned__novel_generalization_5p__s0 (11.7s)
[gpu3] START /mnt/data/INR/outputs/droid/balanced_min300_remove_hk300_5col/droid_lowdim_full_balanced_min300_remove_5col__inr_transformer_history_conditioned__single_shift_5p__s0
[gpu1] OK /mnt/data/INR/outputs/droid/balanced_min300_remove_hk300_5col/droid_lowdim_full_balanced_min300_remove_5col__inr_transformer_history_conditioned__novel_generalization_5p__s1 (11.6s)
[gpu1] START /mnt/data/INR/outputs/droid/balanced_min300_remove_hk300_5col/droid_lowdim_full_balanced_min300_remove_5col__inr_transformer_history_conditioned__single_shift_5p__s1
[gpu0] OK /mnt/data/INR/outputs/droid/balanced_min300_remove_hk300_5col/droid_lowdim_full_balanced_min300_remove_5col__inr_transformer_history_conditioned__no_shift_5p__s0 (45.1s)
[gpu0] START /mnt/data/INR/outputs/droid/balanced_min300_remove_hk300_5col/droid_lowdim_full_balanced_min300_remove_5col__inr_transformer_history_conditioned__specialization_5p__s0
[gpu2] OK /mnt/data/INR/outputs/droid/balanced_min300_remove_hk300_5col/droid_lowdim_full_balanced_min300_remove_5col__inr_transformer_history_conditioned__no_shift_5p__s1 (44.9s)
[gpu2] START /mnt/data/INR/outputs/droid/balanced_min300_remove_hk300_5col/droid_lowdim_full_balanced_min300_remove_5col__inr_transformer_history_conditioned__specialization_5p__s1
[gpu3] OK /mnt/data/INR/outputs/droid/balanced_min300_remove_hk300_5col/droid_lowdim_full_balanced_min300_remove_5col__inr_transformer_history_conditioned__single_shift_5p__s0 (44.4s)
[gpu3] START /mnt/data/INR/outputs/droid/balanced_min300_remove_hk300_5col/droid_lowdim_full_balanced_min300_remove_5col__inr_transformer_infer_latent_maml__new_policy_5p__s0
[gpu1] OK /mnt/data/INR/outputs/droid/balanced_min300_remove_hk300_5col/droid_lowdim_full_balanced_min300_remove_5col__inr_transformer_history_conditioned__single_shift_5p__s1 (44.4s)
[gpu2] OK /mnt/data/INR/outputs/droid/balanced_min300_remove_hk300_5col/droid_lowdim_full_balanced_min300_remove_5col__inr_transformer_history_conditioned__specialization_5p__s1 (39.6s)
[gpu0] OK /mnt/data/INR/outputs/droid/balanced_min300_remove_hk300_5col/droid_lowdim_full_balanced_min300_remove_5col__inr_transformer_history_conditioned__specialization_5p__s0 (39.8s)
[gpu3] OK /mnt/data/INR/outputs/droid/balanced_min300_remove_hk300_5col/droid_lowdim_full_balanced_min300_remove_5col__inr_transformer_infer_latent_maml__new_policy_5p__s0 (37.6s)
