[gpu3] START /mnt/data/INR/outputs/mujoco/suites/action_resampled_v4_hopper10x/runs/custom_mujoco_action_resampled_v5/custom_mujoco_action_resampled_v5_halfcheetah__cvae__conflation__s1
[gpu0] START /mnt/data/INR/outputs/mujoco/suites/action_resampled_v4_hopper10x/runs/custom_mujoco_action_resampled_v5/custom_mujoco_action_resampled_v5_halfcheetah__cvae__conflation__s0
[gpu2] START /mnt/data/INR/outputs/mujoco/suites/action_resampled_v4_hopper10x/runs/custom_mujoco_action_resampled_v5/custom_mujoco_action_resampled_v5_halfcheetah__cvae__new_policy__s0
[gpu1] START /mnt/data/INR/outputs/mujoco/suites/action_resampled_v4_hopper10x/runs/custom_mujoco_action_resampled_v5/custom_mujoco_action_resampled_v5_halfcheetah__cvae__new_policy__s1
[gpu0] OK /mnt/data/INR/outputs/mujoco/suites/action_resampled_v4_hopper10x/runs/custom_mujoco_action_resampled_v5/custom_mujoco_action_resampled_v5_halfcheetah__cvae__conflation__s0 (14.7s)
[gpu0] START /mnt/data/INR/outputs/mujoco/suites/action_resampled_v4_hopper10x/runs/custom_mujoco_action_resampled_v5/custom_mujoco_action_resampled_v5_halfcheetah__cvae__no_shift__s0
[gpu3] OK /mnt/data/INR/outputs/mujoco/suites/action_resampled_v4_hopper10x/runs/custom_mujoco_action_resampled_v5/custom_mujoco_action_resampled_v5_halfcheetah__cvae__conflation__s1 (15.3s)
[gpu3] START /mnt/data/INR/outputs/mujoco/suites/action_resampled_v4_hopper10x/runs/custom_mujoco_action_resampled_v5/custom_mujoco_action_resampled_v5_halfcheetah__cvae__no_shift__s1
[gpu2] OK /mnt/data/INR/outputs/mujoco/suites/action_resampled_v4_hopper10x/runs/custom_mujoco_action_resampled_v5/custom_mujoco_action_resampled_v5_halfcheetah__cvae__new_policy__s0 (15.4s)
[gpu2] START /mnt/data/INR/outputs/mujoco/suites/action_resampled_v4_hopper10x/runs/custom_mujoco_action_resampled_v5/custom_mujoco_action_resampled_v5_halfcheetah__cvae__single_shift__s0
[gpu1] OK /mnt/data/INR/outputs/mujoco/suites/action_resampled_v4_hopper10x/runs/custom_mujoco_action_resampled_v5/custom_mujoco_action_resampled_v5_halfcheetah__cvae__new_policy__s1 (15.7s)
[gpu1] START /mnt/data/INR/outputs/mujoco/suites/action_resampled_v4_hopper10x/runs/custom_mujoco_action_resampled_v5/custom_mujoco_action_resampled_v5_halfcheetah__cvae__single_shift__s1
[gpu0] OK /mnt/data/INR/outputs/mujoco/suites/action_resampled_v4_hopper10x/runs/custom_mujoco_action_resampled_v5/custom_mujoco_action_resampled_v5_halfcheetah__cvae__no_shift__s0 (6.8s)
[gpu0] START /mnt/data/INR/outputs/mujoco/suites/action_resampled_v4_hopper10x/runs/custom_mujoco_action_resampled_v5/custom_mujoco_action_resampled_v5_hopper__cvae__conflation__s0
[gpu2] OK /mnt/data/INR/outputs/mujoco/suites/action_resampled_v4_hopper10x/runs/custom_mujoco_action_resampled_v5/custom_mujoco_action_resampled_v5_halfcheetah__cvae__single_shift__s0 (7.1s)
[gpu2] START /mnt/data/INR/outputs/mujoco/suites/action_resampled_v4_hopper10x/runs/custom_mujoco_action_resampled_v5/custom_mujoco_action_resampled_v5_hopper__cvae__conflation__s1
[gpu3] OK /mnt/data/INR/outputs/mujoco/suites/action_resampled_v4_hopper10x/runs/custom_mujoco_action_resampled_v5/custom_mujoco_action_resampled_v5_halfcheetah__cvae__no_shift__s1 (7.5s)
[gpu3] START /mnt/data/INR/outputs/mujoco/suites/action_resampled_v4_hopper10x/runs/custom_mujoco_action_resampled_v5/custom_mujoco_action_resampled_v5_hopper__cvae__generalization__s0
[gpu1] OK /mnt/data/INR/outputs/mujoco/suites/action_resampled_v4_hopper10x/runs/custom_mujoco_action_resampled_v5/custom_mujoco_action_resampled_v5_halfcheetah__cvae__single_shift__s1 (7.4s)
[gpu1] START /mnt/data/INR/outputs/mujoco/suites/action_resampled_v4_hopper10x/runs/custom_mujoco_action_resampled_v5/custom_mujoco_action_resampled_v5_hopper__cvae__generalization__s1
[gpu0] OK /mnt/data/INR/outputs/mujoco/suites/action_resampled_v4_hopper10x/runs/custom_mujoco_action_resampled_v5/custom_mujoco_action_resampled_v5_hopper__cvae__conflation__s0 (10.6s)
[gpu0] START /mnt/data/INR/outputs/mujoco/suites/action_resampled_v4_hopper10x/runs/custom_mujoco_action_resampled_v5/custom_mujoco_action_resampled_v5_hopper__cvae__new_policy__s0
[gpu2] OK /mnt/data/INR/outputs/mujoco/suites/action_resampled_v4_hopper10x/runs/custom_mujoco_action_resampled_v5/custom_mujoco_action_resampled_v5_hopper__cvae__conflation__s1 (10.5s)
[gpu2] START /mnt/data/INR/outputs/mujoco/suites/action_resampled_v4_hopper10x/runs/custom_mujoco_action_resampled_v5/custom_mujoco_action_resampled_v5_hopper__cvae__new_policy__s1
[gpu3] OK /mnt/data/INR/outputs/mujoco/suites/action_resampled_v4_hopper10x/runs/custom_mujoco_action_resampled_v5/custom_mujoco_action_resampled_v5_hopper__cvae__generalization__s0 (10.9s)
[gpu3] START /mnt/data/INR/outputs/mujoco/suites/action_resampled_v4_hopper10x/runs/custom_mujoco_action_resampled_v5/custom_mujoco_action_resampled_v5_hopper__cvae__no_shift__s0
[gpu1] OK /mnt/data/INR/outputs/mujoco/suites/action_resampled_v4_hopper10x/runs/custom_mujoco_action_resampled_v5/custom_mujoco_action_resampled_v5_hopper__cvae__generalization__s1 (11.0s)
[gpu1] START /mnt/data/INR/outputs/mujoco/suites/action_resampled_v4_hopper10x/runs/custom_mujoco_action_resampled_v5/custom_mujoco_action_resampled_v5_hopper__cvae__no_shift__s1
[gpu0] OK /mnt/data/INR/outputs/mujoco/suites/action_resampled_v4_hopper10x/runs/custom_mujoco_action_resampled_v5/custom_mujoco_action_resampled_v5_hopper__cvae__new_policy__s0 (6.4s)
[gpu0] START /mnt/data/INR/outputs/mujoco/suites/action_resampled_v4_hopper10x/runs/custom_mujoco_action_resampled_v5/custom_mujoco_action_resampled_v5_hopper__cvae__novel_generalization__s0
[gpu2] OK /mnt/data/INR/outputs/mujoco/suites/action_resampled_v4_hopper10x/runs/custom_mujoco_action_resampled_v5/custom_mujoco_action_resampled_v5_hopper__cvae__new_policy__s1 (6.2s)
[gpu2] START /mnt/data/INR/outputs/mujoco/suites/action_resampled_v4_hopper10x/runs/custom_mujoco_action_resampled_v5/custom_mujoco_action_resampled_v5_hopper__cvae__novel_generalization__s1
[gpu3] OK /mnt/data/INR/outputs/mujoco/suites/action_resampled_v4_hopper10x/runs/custom_mujoco_action_resampled_v5/custom_mujoco_action_resampled_v5_hopper__cvae__no_shift__s0 (6.9s)
[gpu3] START /mnt/data/INR/outputs/mujoco/suites/action_resampled_v4_hopper10x/runs/custom_mujoco_action_resampled_v5/custom_mujoco_action_resampled_v5_hopper__cvae__single_shift__s0
[gpu1] OK /mnt/data/INR/outputs/mujoco/suites/action_resampled_v4_hopper10x/runs/custom_mujoco_action_resampled_v5/custom_mujoco_action_resampled_v5_hopper__cvae__no_shift__s1 (6.9s)
[gpu1] START /mnt/data/INR/outputs/mujoco/suites/action_resampled_v4_hopper10x/runs/custom_mujoco_action_resampled_v5/custom_mujoco_action_resampled_v5_hopper__cvae__single_shift__s1
[gpu0] OK /mnt/data/INR/outputs/mujoco/suites/action_resampled_v4_hopper10x/runs/custom_mujoco_action_resampled_v5/custom_mujoco_action_resampled_v5_hopper__cvae__novel_generalization__s0 (6.2s)
[gpu0] START /mnt/data/INR/outputs/mujoco/suites/action_resampled_v4_hopper10x/runs/custom_mujoco_action_resampled_v5/custom_mujoco_action_resampled_v5_hopper__cvae__specialization__s0
[gpu2] OK /mnt/data/INR/outputs/mujoco/suites/action_resampled_v4_hopper10x/runs/custom_mujoco_action_resampled_v5/custom_mujoco_action_resampled_v5_hopper__cvae__novel_generalization__s1 (6.1s)
[gpu2] START /mnt/data/INR/outputs/mujoco/suites/action_resampled_v4_hopper10x/runs/custom_mujoco_action_resampled_v5/custom_mujoco_action_resampled_v5_hopper__cvae__specialization__s1
[gpu3] OK /mnt/data/INR/outputs/mujoco/suites/action_resampled_v4_hopper10x/runs/custom_mujoco_action_resampled_v5/custom_mujoco_action_resampled_v5_hopper__cvae__single_shift__s0 (7.1s)
[gpu3] START /mnt/data/INR/outputs/mujoco/suites/action_resampled_v4_hopper10x/runs/custom_mujoco_action_resampled_v5/custom_mujoco_action_resampled_v5_hopper__inr_diffusion_history_conditioned__conflation__s0
[gpu1] OK /mnt/data/INR/outputs/mujoco/suites/action_resampled_v4_hopper10x/runs/custom_mujoco_action_resampled_v5/custom_mujoco_action_resampled_v5_hopper__cvae__single_shift__s1 (6.9s)
[gpu1] START /mnt/data/INR/outputs/mujoco/suites/action_resampled_v4_hopper10x/runs/custom_mujoco_action_resampled_v5/custom_mujoco_action_resampled_v5_hopper__inr_diffusion_history_conditioned__conflation__s1
[gpu0] OK /mnt/data/INR/outputs/mujoco/suites/action_resampled_v4_hopper10x/runs/custom_mujoco_action_resampled_v5/custom_mujoco_action_resampled_v5_hopper__cvae__specialization__s0 (6.1s)
[gpu0] START /mnt/data/INR/outputs/mujoco/suites/action_resampled_v4_hopper10x/runs/custom_mujoco_action_resampled_v5/custom_mujoco_action_resampled_v5_hopper__inr_diffusion_history_conditioned__generalization__s0
[gpu2] OK /mnt/data/INR/outputs/mujoco/suites/action_resampled_v4_hopper10x/runs/custom_mujoco_action_resampled_v5/custom_mujoco_action_resampled_v5_hopper__cvae__specialization__s1 (6.0s)
[gpu2] START /mnt/data/INR/outputs/mujoco/suites/action_resampled_v4_hopper10x/runs/custom_mujoco_action_resampled_v5/custom_mujoco_action_resampled_v5_hopper__inr_diffusion_history_conditioned__generalization__s1
[gpu3] OK /mnt/data/INR/outputs/mujoco/suites/action_resampled_v4_hopper10x/runs/custom_mujoco_action_resampled_v5/custom_mujoco_action_resampled_v5_hopper__inr_diffusion_history_conditioned__conflation__s0 (6.8s)
[gpu3] START /mnt/data/INR/outputs/mujoco/suites/action_resampled_v4_hopper10x/runs/custom_mujoco_action_resampled_v5/custom_mujoco_action_resampled_v5_hopper__inr_diffusion_history_conditioned__new_policy__s0
[gpu1] OK /mnt/data/INR/outputs/mujoco/suites/action_resampled_v4_hopper10x/runs/custom_mujoco_action_resampled_v5/custom_mujoco_action_resampled_v5_hopper__inr_diffusion_history_conditioned__conflation__s1 (6.8s)
[gpu1] START /mnt/data/INR/outputs/mujoco/suites/action_resampled_v4_hopper10x/runs/custom_mujoco_action_resampled_v5/custom_mujoco_action_resampled_v5_hopper__inr_diffusion_history_conditioned__new_policy__s1
[gpu2] OK /mnt/data/INR/outputs/mujoco/suites/action_resampled_v4_hopper10x/runs/custom_mujoco_action_resampled_v5/custom_mujoco_action_resampled_v5_hopper__inr_diffusion_history_conditioned__generalization__s1 (5.8s)
[gpu2] START /mnt/data/INR/outputs/mujoco/suites/action_resampled_v4_hopper10x/runs/custom_mujoco_action_resampled_v5/custom_mujoco_action_resampled_v5_hopper__inr_diffusion_history_conditioned__no_shift__s0
[gpu0] OK /mnt/data/INR/outputs/mujoco/suites/action_resampled_v4_hopper10x/runs/custom_mujoco_action_resampled_v5/custom_mujoco_action_resampled_v5_hopper__inr_diffusion_history_conditioned__generalization__s0 (6.6s)
[gpu0] START /mnt/data/INR/outputs/mujoco/suites/action_resampled_v4_hopper10x/runs/custom_mujoco_action_resampled_v5/custom_mujoco_action_resampled_v5_hopper__inr_diffusion_history_conditioned__no_shift__s1
[gpu3] OK /mnt/data/INR/outputs/mujoco/suites/action_resampled_v4_hopper10x/runs/custom_mujoco_action_resampled_v5/custom_mujoco_action_resampled_v5_hopper__inr_diffusion_history_conditioned__new_policy__s0 (6.9s)
[gpu3] START /mnt/data/INR/outputs/mujoco/suites/action_resampled_v4_hopper10x/runs/custom_mujoco_action_resampled_v5/custom_mujoco_action_resampled_v5_hopper__inr_diffusion_history_conditioned__novel_generalization__s0
[gpu1] OK /mnt/data/INR/outputs/mujoco/suites/action_resampled_v4_hopper10x/runs/custom_mujoco_action_resampled_v5/custom_mujoco_action_resampled_v5_hopper__inr_diffusion_history_conditioned__new_policy__s1 (6.9s)
[gpu1] START /mnt/data/INR/outputs/mujoco/suites/action_resampled_v4_hopper10x/runs/custom_mujoco_action_resampled_v5/custom_mujoco_action_resampled_v5_hopper__inr_diffusion_history_conditioned__novel_generalization__s1
[gpu2] OK /mnt/data/INR/outputs/mujoco/suites/action_resampled_v4_hopper10x/runs/custom_mujoco_action_resampled_v5/custom_mujoco_action_resampled_v5_hopper__inr_diffusion_history_conditioned__no_shift__s0 (6.3s)
[gpu2] START /mnt/data/INR/outputs/mujoco/suites/action_resampled_v4_hopper10x/runs/custom_mujoco_action_resampled_v5/custom_mujoco_action_resampled_v5_hopper__inr_diffusion_history_conditioned__single_shift__s0
[gpu0] OK /mnt/data/INR/outputs/mujoco/suites/action_resampled_v4_hopper10x/runs/custom_mujoco_action_resampled_v5/custom_mujoco_action_resampled_v5_hopper__inr_diffusion_history_conditioned__no_shift__s1 (7.0s)
[gpu0] START /mnt/data/INR/outputs/mujoco/suites/action_resampled_v4_hopper10x/runs/custom_mujoco_action_resampled_v5/custom_mujoco_action_resampled_v5_hopper__inr_diffusion_history_conditioned__single_shift__s1
[gpu3] OK /mnt/data/INR/outputs/mujoco/suites/action_resampled_v4_hopper10x/runs/custom_mujoco_action_resampled_v5/custom_mujoco_action_resampled_v5_hopper__inr_diffusion_history_conditioned__novel_generalization__s0 (6.6s)
[gpu3] START /mnt/data/INR/outputs/mujoco/suites/action_resampled_v4_hopper10x/runs/custom_mujoco_action_resampled_v5/custom_mujoco_action_resampled_v5_hopper__inr_diffusion_history_conditioned__specialization__s0
[gpu1] OK /mnt/data/INR/outputs/mujoco/suites/action_resampled_v4_hopper10x/runs/custom_mujoco_action_resampled_v5/custom_mujoco_action_resampled_v5_hopper__inr_diffusion_history_conditioned__novel_generalization__s1 (6.6s)
[gpu1] START /mnt/data/INR/outputs/mujoco/suites/action_resampled_v4_hopper10x/runs/custom_mujoco_action_resampled_v5/custom_mujoco_action_resampled_v5_hopper__inr_diffusion_history_conditioned__specialization__s1
[gpu2] OK /mnt/data/INR/outputs/mujoco/suites/action_resampled_v4_hopper10x/runs/custom_mujoco_action_resampled_v5/custom_mujoco_action_resampled_v5_hopper__inr_diffusion_history_conditioned__single_shift__s0 (6.2s)
[gpu2] START /mnt/data/INR/outputs/mujoco/suites/action_resampled_v4_hopper10x/runs/custom_mujoco_action_resampled_v5/custom_mujoco_action_resampled_v5_hopper__inr_transformer_fitted_latent__conflation__s0
[gpu0] OK /mnt/data/INR/outputs/mujoco/suites/action_resampled_v4_hopper10x/runs/custom_mujoco_action_resampled_v5/custom_mujoco_action_resampled_v5_hopper__inr_diffusion_history_conditioned__single_shift__s1 (6.8s)
[gpu0] START /mnt/data/INR/outputs/mujoco/suites/action_resampled_v4_hopper10x/runs/custom_mujoco_action_resampled_v5/custom_mujoco_action_resampled_v5_hopper__inr_transformer_fitted_latent__conflation__s1
[gpu3] OK /mnt/data/INR/outputs/mujoco/suites/action_resampled_v4_hopper10x/runs/custom_mujoco_action_resampled_v5/custom_mujoco_action_resampled_v5_hopper__inr_diffusion_history_conditioned__specialization__s0 (6.9s)
[gpu3] START /mnt/data/INR/outputs/mujoco/suites/action_resampled_v4_hopper10x/runs/custom_mujoco_action_resampled_v5/custom_mujoco_action_resampled_v5_hopper__inr_transformer_fitted_latent__generalization__s0
[gpu1] OK /mnt/data/INR/outputs/mujoco/suites/action_resampled_v4_hopper10x/runs/custom_mujoco_action_resampled_v5/custom_mujoco_action_resampled_v5_hopper__inr_diffusion_history_conditioned__specialization__s1 (6.7s)
[gpu1] START /mnt/data/INR/outputs/mujoco/suites/action_resampled_v4_hopper10x/runs/custom_mujoco_action_resampled_v5/custom_mujoco_action_resampled_v5_hopper__inr_transformer_fitted_latent__generalization__s1
[gpu2] OK /mnt/data/INR/outputs/mujoco/suites/action_resampled_v4_hopper10x/runs/custom_mujoco_action_resampled_v5/custom_mujoco_action_resampled_v5_hopper__inr_transformer_fitted_latent__conflation__s0 (19.2s)
[gpu2] START /mnt/data/INR/outputs/mujoco/suites/action_resampled_v4_hopper10x/runs/custom_mujoco_action_resampled_v5/custom_mujoco_action_resampled_v5_hopper__inr_transformer_fitted_latent__new_policy__s0
[gpu3] OK /mnt/data/INR/outputs/mujoco/suites/action_resampled_v4_hopper10x/runs/custom_mujoco_action_resampled_v5/custom_mujoco_action_resampled_v5_hopper__inr_transformer_fitted_latent__generalization__s0 (29.1s)
[gpu3] START /mnt/data/INR/outputs/mujoco/suites/action_resampled_v4_hopper10x/runs/custom_mujoco_action_resampled_v5/custom_mujoco_action_resampled_v5_hopper__inr_transformer_fitted_latent__new_policy__s1
[gpu1] OK /mnt/data/INR/outputs/mujoco/suites/action_resampled_v4_hopper10x/runs/custom_mujoco_action_resampled_v5/custom_mujoco_action_resampled_v5_hopper__inr_transformer_fitted_latent__generalization__s1 (29.3s)
[gpu1] START /mnt/data/INR/outputs/mujoco/suites/action_resampled_v4_hopper10x/runs/custom_mujoco_action_resampled_v5/custom_mujoco_action_resampled_v5_hopper__inr_transformer_fitted_latent__no_shift__s0
[gpu0] OK /mnt/data/INR/outputs/mujoco/suites/action_resampled_v4_hopper10x/runs/custom_mujoco_action_resampled_v5/custom_mujoco_action_resampled_v5_hopper__inr_transformer_fitted_latent__conflation__s1 (34.5s)
[gpu0] START /mnt/data/INR/outputs/mujoco/suites/action_resampled_v4_hopper10x/runs/custom_mujoco_action_resampled_v5/custom_mujoco_action_resampled_v5_hopper__inr_transformer_fitted_latent__no_shift__s1
[gpu2] OK /mnt/data/INR/outputs/mujoco/suites/action_resampled_v4_hopper10x/runs/custom_mujoco_action_resampled_v5/custom_mujoco_action_resampled_v5_hopper__inr_transformer_fitted_latent__new_policy__s0 (25.5s)
[gpu2] START /mnt/data/INR/outputs/mujoco/suites/action_resampled_v4_hopper10x/runs/custom_mujoco_action_resampled_v5/custom_mujoco_action_resampled_v5_hopper__inr_transformer_fitted_latent__novel_generalization__s0
[gpu2] OK /mnt/data/INR/outputs/mujoco/suites/action_resampled_v4_hopper10x/runs/custom_mujoco_action_resampled_v5/custom_mujoco_action_resampled_v5_hopper__inr_transformer_fitted_latent__novel_generalization__s0 (20.5s)
[gpu2] START /mnt/data/INR/outputs/mujoco/suites/action_resampled_v4_hopper10x/runs/custom_mujoco_action_resampled_v5/custom_mujoco_action_resampled_v5_hopper__inr_transformer_fitted_latent__novel_generalization__s1
[gpu1] OK /mnt/data/INR/outputs/mujoco/suites/action_resampled_v4_hopper10x/runs/custom_mujoco_action_resampled_v5/custom_mujoco_action_resampled_v5_hopper__inr_transformer_fitted_latent__no_shift__s0 (44.4s)
[gpu1] START /mnt/data/INR/outputs/mujoco/suites/action_resampled_v4_hopper10x/runs/custom_mujoco_action_resampled_v5/custom_mujoco_action_resampled_v5_hopper__inr_transformer_fitted_latent__single_shift__s0
[gpu0] OK /mnt/data/INR/outputs/mujoco/suites/action_resampled_v4_hopper10x/runs/custom_mujoco_action_resampled_v5/custom_mujoco_action_resampled_v5_hopper__inr_transformer_fitted_latent__no_shift__s1 (44.3s)
[gpu0] START /mnt/data/INR/outputs/mujoco/suites/action_resampled_v4_hopper10x/runs/custom_mujoco_action_resampled_v5/custom_mujoco_action_resampled_v5_hopper__inr_transformer_fitted_latent__single_shift__s1
[gpu3] OK /mnt/data/INR/outputs/mujoco/suites/action_resampled_v4_hopper10x/runs/custom_mujoco_action_resampled_v5/custom_mujoco_action_resampled_v5_hopper__inr_transformer_fitted_latent__new_policy__s1 (47.5s)
[gpu3] START /mnt/data/INR/outputs/mujoco/suites/action_resampled_v4_hopper10x/runs/custom_mujoco_action_resampled_v5/custom_mujoco_action_resampled_v5_hopper__inr_transformer_fitted_latent__specialization__s0
[gpu2] OK /mnt/data/INR/outputs/mujoco/suites/action_resampled_v4_hopper10x/runs/custom_mujoco_action_resampled_v5/custom_mujoco_action_resampled_v5_hopper__inr_transformer_fitted_latent__novel_generalization__s1 (32.0s)
[gpu2] START /mnt/data/INR/outputs/mujoco/suites/action_resampled_v4_hopper10x/runs/custom_mujoco_action_resampled_v5/custom_mujoco_action_resampled_v5_hopper__inr_transformer_fitted_latent__specialization__s1
[gpu1] OK /mnt/data/INR/outputs/mujoco/suites/action_resampled_v4_hopper10x/runs/custom_mujoco_action_resampled_v5/custom_mujoco_action_resampled_v5_hopper__inr_transformer_fitted_latent__single_shift__s0 (42.4s)
[gpu1] START /mnt/data/INR/outputs/mujoco/suites/action_resampled_v4_hopper10x/runs/custom_mujoco_action_resampled_v5/custom_mujoco_action_resampled_v5_hopper__inr_transformer_history_conditioned__conflation__s0
[gpu3] OK /mnt/data/INR/outputs/mujoco/suites/action_resampled_v4_hopper10x/runs/custom_mujoco_action_resampled_v5/custom_mujoco_action_resampled_v5_hopper__inr_transformer_fitted_latent__specialization__s0 (40.2s)
[gpu3] START /mnt/data/INR/outputs/mujoco/suites/action_resampled_v4_hopper10x/runs/custom_mujoco_action_resampled_v5/custom_mujoco_action_resampled_v5_hopper__inr_transformer_history_conditioned__conflation__s1
[gpu0] OK /mnt/data/INR/outputs/mujoco/suites/action_resampled_v4_hopper10x/runs/custom_mujoco_action_resampled_v5/custom_mujoco_action_resampled_v5_hopper__inr_transformer_fitted_latent__single_shift__s1 (42.3s)
[gpu0] START /mnt/data/INR/outputs/mujoco/suites/action_resampled_v4_hopper10x/runs/custom_mujoco_action_resampled_v5/custom_mujoco_action_resampled_v5_hopper__inr_transformer_history_conditioned__generalization__s0
[gpu1] OK /mnt/data/INR/outputs/mujoco/suites/action_resampled_v4_hopper10x/runs/custom_mujoco_action_resampled_v5/custom_mujoco_action_resampled_v5_hopper__inr_transformer_history_conditioned__conflation__s0 (6.3s)
[gpu1] START /mnt/data/INR/outputs/mujoco/suites/action_resampled_v4_hopper10x/runs/custom_mujoco_action_resampled_v5/custom_mujoco_action_resampled_v5_hopper__inr_transformer_history_conditioned__generalization__s1
[gpu3] OK /mnt/data/INR/outputs/mujoco/suites/action_resampled_v4_hopper10x/runs/custom_mujoco_action_resampled_v5/custom_mujoco_action_resampled_v5_hopper__inr_transformer_history_conditioned__conflation__s1 (6.4s)
[gpu3] START /mnt/data/INR/outputs/mujoco/suites/action_resampled_v4_hopper10x/runs/custom_mujoco_action_resampled_v5/custom_mujoco_action_resampled_v5_hopper__inr_transformer_history_conditioned__new_policy__s0
[gpu0] OK /mnt/data/INR/outputs/mujoco/suites/action_resampled_v4_hopper10x/runs/custom_mujoco_action_resampled_v5/custom_mujoco_action_resampled_v5_hopper__inr_transformer_history_conditioned__generalization__s0 (6.3s)
[gpu0] START /mnt/data/INR/outputs/mujoco/suites/action_resampled_v4_hopper10x/runs/custom_mujoco_action_resampled_v5/custom_mujoco_action_resampled_v5_hopper__inr_transformer_history_conditioned__new_policy__s1
[gpu1] OK /mnt/data/INR/outputs/mujoco/suites/action_resampled_v4_hopper10x/runs/custom_mujoco_action_resampled_v5/custom_mujoco_action_resampled_v5_hopper__inr_transformer_history_conditioned__generalization__s1 (6.2s)
[gpu1] START /mnt/data/INR/outputs/mujoco/suites/action_resampled_v4_hopper10x/runs/custom_mujoco_action_resampled_v5/custom_mujoco_action_resampled_v5_hopper__inr_transformer_history_conditioned__no_shift__s0
[gpu3] OK /mnt/data/INR/outputs/mujoco/suites/action_resampled_v4_hopper10x/runs/custom_mujoco_action_resampled_v5/custom_mujoco_action_resampled_v5_hopper__inr_transformer_history_conditioned__new_policy__s0 (6.7s)
[gpu3] START /mnt/data/INR/outputs/mujoco/suites/action_resampled_v4_hopper10x/runs/custom_mujoco_action_resampled_v5/custom_mujoco_action_resampled_v5_hopper__inr_transformer_history_conditioned__no_shift__s1
[gpu0] OK /mnt/data/INR/outputs/mujoco/suites/action_resampled_v4_hopper10x/runs/custom_mujoco_action_resampled_v5/custom_mujoco_action_resampled_v5_hopper__inr_transformer_history_conditioned__new_policy__s1 (6.6s)
[gpu0] START /mnt/data/INR/outputs/mujoco/suites/action_resampled_v4_hopper10x/runs/custom_mujoco_action_resampled_v5/custom_mujoco_action_resampled_v5_hopper__inr_transformer_history_conditioned__novel_generalization__s0
[gpu2] OK /mnt/data/INR/outputs/mujoco/suites/action_resampled_v4_hopper10x/runs/custom_mujoco_action_resampled_v5/custom_mujoco_action_resampled_v5_hopper__inr_transformer_fitted_latent__specialization__s1 (40.2s)
[gpu2] START /mnt/data/INR/outputs/mujoco/suites/action_resampled_v4_hopper10x/runs/custom_mujoco_action_resampled_v5/custom_mujoco_action_resampled_v5_hopper__inr_transformer_history_conditioned__novel_generalization__s1
[gpu1] OK /mnt/data/INR/outputs/mujoco/suites/action_resampled_v4_hopper10x/runs/custom_mujoco_action_resampled_v5/custom_mujoco_action_resampled_v5_hopper__inr_transformer_history_conditioned__no_shift__s0 (6.7s)
[gpu1] START /mnt/data/INR/outputs/mujoco/suites/action_resampled_v4_hopper10x/runs/custom_mujoco_action_resampled_v5/custom_mujoco_action_resampled_v5_hopper__inr_transformer_history_conditioned__single_shift__s0
[gpu3] OK /mnt/data/INR/outputs/mujoco/suites/action_resampled_v4_hopper10x/runs/custom_mujoco_action_resampled_v5/custom_mujoco_action_resampled_v5_hopper__inr_transformer_history_conditioned__no_shift__s1 (6.6s)
[gpu3] START /mnt/data/INR/outputs/mujoco/suites/action_resampled_v4_hopper10x/runs/custom_mujoco_action_resampled_v5/custom_mujoco_action_resampled_v5_hopper__inr_transformer_history_conditioned__single_shift__s1
[gpu0] OK /mnt/data/INR/outputs/mujoco/suites/action_resampled_v4_hopper10x/runs/custom_mujoco_action_resampled_v5/custom_mujoco_action_resampled_v5_hopper__inr_transformer_history_conditioned__novel_generalization__s0 (6.6s)
[gpu0] START /mnt/data/INR/outputs/mujoco/suites/action_resampled_v4_hopper10x/runs/custom_mujoco_action_resampled_v5/custom_mujoco_action_resampled_v5_hopper__inr_transformer_history_conditioned__specialization__s0
[gpu2] OK /mnt/data/INR/outputs/mujoco/suites/action_resampled_v4_hopper10x/runs/custom_mujoco_action_resampled_v5/custom_mujoco_action_resampled_v5_hopper__inr_transformer_history_conditioned__novel_generalization__s1 (6.5s)
[gpu2] START /mnt/data/INR/outputs/mujoco/suites/action_resampled_v4_hopper10x/runs/custom_mujoco_action_resampled_v5/custom_mujoco_action_resampled_v5_hopper__inr_transformer_history_conditioned__specialization__s1
[gpu1] OK /mnt/data/INR/outputs/mujoco/suites/action_resampled_v4_hopper10x/runs/custom_mujoco_action_resampled_v5/custom_mujoco_action_resampled_v5_hopper__inr_transformer_history_conditioned__single_shift__s0 (6.5s)
[gpu3] OK /mnt/data/INR/outputs/mujoco/suites/action_resampled_v4_hopper10x/runs/custom_mujoco_action_resampled_v5/custom_mujoco_action_resampled_v5_hopper__inr_transformer_history_conditioned__single_shift__s1 (6.7s)
[gpu0] OK /mnt/data/INR/outputs/mujoco/suites/action_resampled_v4_hopper10x/runs/custom_mujoco_action_resampled_v5/custom_mujoco_action_resampled_v5_hopper__inr_transformer_history_conditioned__specialization__s0 (6.6s)
[gpu2] OK /mnt/data/INR/outputs/mujoco/suites/action_resampled_v4_hopper10x/runs/custom_mujoco_action_resampled_v5/custom_mujoco_action_resampled_v5_hopper__inr_transformer_history_conditioned__specialization__s1 (6.6s)
