[gpu0] START /mnt/data/INR/outputs/mujoco/suites/action_resampled_v4_hopper20x/runs/custom_mujoco_action_resampled_v4_hopper20x/custom_mujoco_action_resampled_v4_hopper20x__cvae__conflation__s0
[gpu1] START /mnt/data/INR/outputs/mujoco/suites/action_resampled_v4_hopper20x/runs/custom_mujoco_action_resampled_v4_hopper20x/custom_mujoco_action_resampled_v4_hopper20x__cvae__conflation__s1
[gpu3] START /mnt/data/INR/outputs/mujoco/suites/action_resampled_v4_hopper20x/runs/custom_mujoco_action_resampled_v4_hopper20x/custom_mujoco_action_resampled_v4_hopper20x__cvae__generalization__s0
[gpu2] START /mnt/data/INR/outputs/mujoco/suites/action_resampled_v4_hopper20x/runs/custom_mujoco_action_resampled_v4_hopper20x/custom_mujoco_action_resampled_v4_hopper20x__cvae__generalization__s1
[gpu0] OK /mnt/data/INR/outputs/mujoco/suites/action_resampled_v4_hopper20x/runs/custom_mujoco_action_resampled_v4_hopper20x/custom_mujoco_action_resampled_v4_hopper20x__cvae__conflation__s0 (7.2s)
[gpu0] START /mnt/data/INR/outputs/mujoco/suites/action_resampled_v4_hopper20x/runs/custom_mujoco_action_resampled_v4_hopper20x/custom_mujoco_action_resampled_v4_hopper20x__cvae__new_policy__s0
[gpu2] OK /mnt/data/INR/outputs/mujoco/suites/action_resampled_v4_hopper20x/runs/custom_mujoco_action_resampled_v4_hopper20x/custom_mujoco_action_resampled_v4_hopper20x__cvae__generalization__s1 (7.6s)
[gpu2] START /mnt/data/INR/outputs/mujoco/suites/action_resampled_v4_hopper20x/runs/custom_mujoco_action_resampled_v4_hopper20x/custom_mujoco_action_resampled_v4_hopper20x__cvae__new_policy__s1
[gpu1] OK /mnt/data/INR/outputs/mujoco/suites/action_resampled_v4_hopper20x/runs/custom_mujoco_action_resampled_v4_hopper20x/custom_mujoco_action_resampled_v4_hopper20x__cvae__conflation__s1 (7.7s)
[gpu1] START /mnt/data/INR/outputs/mujoco/suites/action_resampled_v4_hopper20x/runs/custom_mujoco_action_resampled_v4_hopper20x/custom_mujoco_action_resampled_v4_hopper20x__cvae__no_shift__s0
[gpu3] OK /mnt/data/INR/outputs/mujoco/suites/action_resampled_v4_hopper20x/runs/custom_mujoco_action_resampled_v4_hopper20x/custom_mujoco_action_resampled_v4_hopper20x__cvae__generalization__s0 (7.8s)
[gpu3] START /mnt/data/INR/outputs/mujoco/suites/action_resampled_v4_hopper20x/runs/custom_mujoco_action_resampled_v4_hopper20x/custom_mujoco_action_resampled_v4_hopper20x__cvae__no_shift__s1
[gpu0] OK /mnt/data/INR/outputs/mujoco/suites/action_resampled_v4_hopper20x/runs/custom_mujoco_action_resampled_v4_hopper20x/custom_mujoco_action_resampled_v4_hopper20x__cvae__new_policy__s0 (6.4s)
[gpu0] START /mnt/data/INR/outputs/mujoco/suites/action_resampled_v4_hopper20x/runs/custom_mujoco_action_resampled_v4_hopper20x/custom_mujoco_action_resampled_v4_hopper20x__cvae__novel_generalization__s0
[gpu2] OK /mnt/data/INR/outputs/mujoco/suites/action_resampled_v4_hopper20x/runs/custom_mujoco_action_resampled_v4_hopper20x/custom_mujoco_action_resampled_v4_hopper20x__cvae__new_policy__s1 (7.3s)
[gpu2] START /mnt/data/INR/outputs/mujoco/suites/action_resampled_v4_hopper20x/runs/custom_mujoco_action_resampled_v4_hopper20x/custom_mujoco_action_resampled_v4_hopper20x__cvae__novel_generalization__s1
[gpu1] OK /mnt/data/INR/outputs/mujoco/suites/action_resampled_v4_hopper20x/runs/custom_mujoco_action_resampled_v4_hopper20x/custom_mujoco_action_resampled_v4_hopper20x__cvae__no_shift__s0 (7.6s)
[gpu1] START /mnt/data/INR/outputs/mujoco/suites/action_resampled_v4_hopper20x/runs/custom_mujoco_action_resampled_v4_hopper20x/custom_mujoco_action_resampled_v4_hopper20x__cvae__single_shift__s0
[gpu3] OK /mnt/data/INR/outputs/mujoco/suites/action_resampled_v4_hopper20x/runs/custom_mujoco_action_resampled_v4_hopper20x/custom_mujoco_action_resampled_v4_hopper20x__cvae__no_shift__s1 (7.6s)
[gpu3] START /mnt/data/INR/outputs/mujoco/suites/action_resampled_v4_hopper20x/runs/custom_mujoco_action_resampled_v4_hopper20x/custom_mujoco_action_resampled_v4_hopper20x__cvae__single_shift__s1
[gpu0] OK /mnt/data/INR/outputs/mujoco/suites/action_resampled_v4_hopper20x/runs/custom_mujoco_action_resampled_v4_hopper20x/custom_mujoco_action_resampled_v4_hopper20x__cvae__novel_generalization__s0 (6.5s)
[gpu0] START /mnt/data/INR/outputs/mujoco/suites/action_resampled_v4_hopper20x/runs/custom_mujoco_action_resampled_v4_hopper20x/custom_mujoco_action_resampled_v4_hopper20x__cvae__specialization__s0
[gpu2] OK /mnt/data/INR/outputs/mujoco/suites/action_resampled_v4_hopper20x/runs/custom_mujoco_action_resampled_v4_hopper20x/custom_mujoco_action_resampled_v4_hopper20x__cvae__novel_generalization__s1 (7.3s)
[gpu2] START /mnt/data/INR/outputs/mujoco/suites/action_resampled_v4_hopper20x/runs/custom_mujoco_action_resampled_v4_hopper20x/custom_mujoco_action_resampled_v4_hopper20x__cvae__specialization__s1
[gpu1] OK /mnt/data/INR/outputs/mujoco/suites/action_resampled_v4_hopper20x/runs/custom_mujoco_action_resampled_v4_hopper20x/custom_mujoco_action_resampled_v4_hopper20x__cvae__single_shift__s0 (7.4s)
[gpu1] START /mnt/data/INR/outputs/mujoco/suites/action_resampled_v4_hopper20x/runs/custom_mujoco_action_resampled_v4_hopper20x/custom_mujoco_action_resampled_v4_hopper20x__inr_diffusion_history_conditioned__conflation__s0
[gpu3] OK /mnt/data/INR/outputs/mujoco/suites/action_resampled_v4_hopper20x/runs/custom_mujoco_action_resampled_v4_hopper20x/custom_mujoco_action_resampled_v4_hopper20x__cvae__single_shift__s1 (7.4s)
[gpu3] START /mnt/data/INR/outputs/mujoco/suites/action_resampled_v4_hopper20x/runs/custom_mujoco_action_resampled_v4_hopper20x/custom_mujoco_action_resampled_v4_hopper20x__inr_diffusion_history_conditioned__conflation__s1
[gpu0] OK /mnt/data/INR/outputs/mujoco/suites/action_resampled_v4_hopper20x/runs/custom_mujoco_action_resampled_v4_hopper20x/custom_mujoco_action_resampled_v4_hopper20x__cvae__specialization__s0 (6.3s)
[gpu0] START /mnt/data/INR/outputs/mujoco/suites/action_resampled_v4_hopper20x/runs/custom_mujoco_action_resampled_v4_hopper20x/custom_mujoco_action_resampled_v4_hopper20x__inr_diffusion_history_conditioned__generalization__s0
[gpu2] OK /mnt/data/INR/outputs/mujoco/suites/action_resampled_v4_hopper20x/runs/custom_mujoco_action_resampled_v4_hopper20x/custom_mujoco_action_resampled_v4_hopper20x__cvae__specialization__s1 (6.9s)
[gpu2] START /mnt/data/INR/outputs/mujoco/suites/action_resampled_v4_hopper20x/runs/custom_mujoco_action_resampled_v4_hopper20x/custom_mujoco_action_resampled_v4_hopper20x__inr_diffusion_history_conditioned__generalization__s1
[gpu1] OK /mnt/data/INR/outputs/mujoco/suites/action_resampled_v4_hopper20x/runs/custom_mujoco_action_resampled_v4_hopper20x/custom_mujoco_action_resampled_v4_hopper20x__inr_diffusion_history_conditioned__conflation__s0 (7.3s)
[gpu1] START /mnt/data/INR/outputs/mujoco/suites/action_resampled_v4_hopper20x/runs/custom_mujoco_action_resampled_v4_hopper20x/custom_mujoco_action_resampled_v4_hopper20x__inr_diffusion_history_conditioned__new_policy__s0
[gpu3] OK /mnt/data/INR/outputs/mujoco/suites/action_resampled_v4_hopper20x/runs/custom_mujoco_action_resampled_v4_hopper20x/custom_mujoco_action_resampled_v4_hopper20x__inr_diffusion_history_conditioned__conflation__s1 (7.4s)
[gpu3] START /mnt/data/INR/outputs/mujoco/suites/action_resampled_v4_hopper20x/runs/custom_mujoco_action_resampled_v4_hopper20x/custom_mujoco_action_resampled_v4_hopper20x__inr_diffusion_history_conditioned__new_policy__s1
[gpu0] OK /mnt/data/INR/outputs/mujoco/suites/action_resampled_v4_hopper20x/runs/custom_mujoco_action_resampled_v4_hopper20x/custom_mujoco_action_resampled_v4_hopper20x__inr_diffusion_history_conditioned__generalization__s0 (6.4s)
[gpu0] START /mnt/data/INR/outputs/mujoco/suites/action_resampled_v4_hopper20x/runs/custom_mujoco_action_resampled_v4_hopper20x/custom_mujoco_action_resampled_v4_hopper20x__inr_diffusion_history_conditioned__no_shift__s0
[gpu2] OK /mnt/data/INR/outputs/mujoco/suites/action_resampled_v4_hopper20x/runs/custom_mujoco_action_resampled_v4_hopper20x/custom_mujoco_action_resampled_v4_hopper20x__inr_diffusion_history_conditioned__generalization__s1 (7.2s)
[gpu2] START /mnt/data/INR/outputs/mujoco/suites/action_resampled_v4_hopper20x/runs/custom_mujoco_action_resampled_v4_hopper20x/custom_mujoco_action_resampled_v4_hopper20x__inr_diffusion_history_conditioned__no_shift__s1
[gpu1] OK /mnt/data/INR/outputs/mujoco/suites/action_resampled_v4_hopper20x/runs/custom_mujoco_action_resampled_v4_hopper20x/custom_mujoco_action_resampled_v4_hopper20x__inr_diffusion_history_conditioned__new_policy__s0 (7.3s)
[gpu1] START /mnt/data/INR/outputs/mujoco/suites/action_resampled_v4_hopper20x/runs/custom_mujoco_action_resampled_v4_hopper20x/custom_mujoco_action_resampled_v4_hopper20x__inr_diffusion_history_conditioned__novel_generalization__s0
[gpu3] OK /mnt/data/INR/outputs/mujoco/suites/action_resampled_v4_hopper20x/runs/custom_mujoco_action_resampled_v4_hopper20x/custom_mujoco_action_resampled_v4_hopper20x__inr_diffusion_history_conditioned__new_policy__s1 (7.5s)
[gpu3] START /mnt/data/INR/outputs/mujoco/suites/action_resampled_v4_hopper20x/runs/custom_mujoco_action_resampled_v4_hopper20x/custom_mujoco_action_resampled_v4_hopper20x__inr_diffusion_history_conditioned__novel_generalization__s1
[gpu0] OK /mnt/data/INR/outputs/mujoco/suites/action_resampled_v4_hopper20x/runs/custom_mujoco_action_resampled_v4_hopper20x/custom_mujoco_action_resampled_v4_hopper20x__inr_diffusion_history_conditioned__no_shift__s0 (6.5s)
[gpu0] START /mnt/data/INR/outputs/mujoco/suites/action_resampled_v4_hopper20x/runs/custom_mujoco_action_resampled_v4_hopper20x/custom_mujoco_action_resampled_v4_hopper20x__inr_diffusion_history_conditioned__single_shift__s0
[gpu2] OK /mnt/data/INR/outputs/mujoco/suites/action_resampled_v4_hopper20x/runs/custom_mujoco_action_resampled_v4_hopper20x/custom_mujoco_action_resampled_v4_hopper20x__inr_diffusion_history_conditioned__no_shift__s1 (7.1s)
[gpu2] START /mnt/data/INR/outputs/mujoco/suites/action_resampled_v4_hopper20x/runs/custom_mujoco_action_resampled_v4_hopper20x/custom_mujoco_action_resampled_v4_hopper20x__inr_diffusion_history_conditioned__single_shift__s1
[gpu1] OK /mnt/data/INR/outputs/mujoco/suites/action_resampled_v4_hopper20x/runs/custom_mujoco_action_resampled_v4_hopper20x/custom_mujoco_action_resampled_v4_hopper20x__inr_diffusion_history_conditioned__novel_generalization__s0 (7.1s)
[gpu1] START /mnt/data/INR/outputs/mujoco/suites/action_resampled_v4_hopper20x/runs/custom_mujoco_action_resampled_v4_hopper20x/custom_mujoco_action_resampled_v4_hopper20x__inr_diffusion_history_conditioned__specialization__s0
[gpu3] OK /mnt/data/INR/outputs/mujoco/suites/action_resampled_v4_hopper20x/runs/custom_mujoco_action_resampled_v4_hopper20x/custom_mujoco_action_resampled_v4_hopper20x__inr_diffusion_history_conditioned__novel_generalization__s1 (7.2s)
[gpu3] START /mnt/data/INR/outputs/mujoco/suites/action_resampled_v4_hopper20x/runs/custom_mujoco_action_resampled_v4_hopper20x/custom_mujoco_action_resampled_v4_hopper20x__inr_diffusion_history_conditioned__specialization__s1
[gpu0] OK /mnt/data/INR/outputs/mujoco/suites/action_resampled_v4_hopper20x/runs/custom_mujoco_action_resampled_v4_hopper20x/custom_mujoco_action_resampled_v4_hopper20x__inr_diffusion_history_conditioned__single_shift__s0 (6.4s)
[gpu0] START /mnt/data/INR/outputs/mujoco/suites/action_resampled_v4_hopper20x/runs/custom_mujoco_action_resampled_v4_hopper20x/custom_mujoco_action_resampled_v4_hopper20x__inr_transformer_fitted_latent__conflation__s0
[gpu2] OK /mnt/data/INR/outputs/mujoco/suites/action_resampled_v4_hopper20x/runs/custom_mujoco_action_resampled_v4_hopper20x/custom_mujoco_action_resampled_v4_hopper20x__inr_diffusion_history_conditioned__single_shift__s1 (7.1s)
[gpu2] START /mnt/data/INR/outputs/mujoco/suites/action_resampled_v4_hopper20x/runs/custom_mujoco_action_resampled_v4_hopper20x/custom_mujoco_action_resampled_v4_hopper20x__inr_transformer_fitted_latent__conflation__s1
[gpu1] OK /mnt/data/INR/outputs/mujoco/suites/action_resampled_v4_hopper20x/runs/custom_mujoco_action_resampled_v4_hopper20x/custom_mujoco_action_resampled_v4_hopper20x__inr_diffusion_history_conditioned__specialization__s0 (6.9s)
[gpu1] START /mnt/data/INR/outputs/mujoco/suites/action_resampled_v4_hopper20x/runs/custom_mujoco_action_resampled_v4_hopper20x/custom_mujoco_action_resampled_v4_hopper20x__inr_transformer_fitted_latent__generalization__s0
[gpu3] OK /mnt/data/INR/outputs/mujoco/suites/action_resampled_v4_hopper20x/runs/custom_mujoco_action_resampled_v4_hopper20x/custom_mujoco_action_resampled_v4_hopper20x__inr_diffusion_history_conditioned__specialization__s1 (7.1s)
[gpu3] START /mnt/data/INR/outputs/mujoco/suites/action_resampled_v4_hopper20x/runs/custom_mujoco_action_resampled_v4_hopper20x/custom_mujoco_action_resampled_v4_hopper20x__inr_transformer_fitted_latent__generalization__s1
[gpu0] OK /mnt/data/INR/outputs/mujoco/suites/action_resampled_v4_hopper20x/runs/custom_mujoco_action_resampled_v4_hopper20x/custom_mujoco_action_resampled_v4_hopper20x__inr_transformer_fitted_latent__conflation__s0 (33.0s)
[gpu0] START /mnt/data/INR/outputs/mujoco/suites/action_resampled_v4_hopper20x/runs/custom_mujoco_action_resampled_v4_hopper20x/custom_mujoco_action_resampled_v4_hopper20x__inr_transformer_fitted_latent__new_policy__s0
[gpu1] OK /mnt/data/INR/outputs/mujoco/suites/action_resampled_v4_hopper20x/runs/custom_mujoco_action_resampled_v4_hopper20x/custom_mujoco_action_resampled_v4_hopper20x__inr_transformer_fitted_latent__generalization__s0 (49.7s)
[gpu1] START /mnt/data/INR/outputs/mujoco/suites/action_resampled_v4_hopper20x/runs/custom_mujoco_action_resampled_v4_hopper20x/custom_mujoco_action_resampled_v4_hopper20x__inr_transformer_fitted_latent__new_policy__s1
[gpu3] OK /mnt/data/INR/outputs/mujoco/suites/action_resampled_v4_hopper20x/runs/custom_mujoco_action_resampled_v4_hopper20x/custom_mujoco_action_resampled_v4_hopper20x__inr_transformer_fitted_latent__generalization__s1 (51.4s)
[gpu3] START /mnt/data/INR/outputs/mujoco/suites/action_resampled_v4_hopper20x/runs/custom_mujoco_action_resampled_v4_hopper20x/custom_mujoco_action_resampled_v4_hopper20x__inr_transformer_fitted_latent__no_shift__s0
[gpu2] OK /mnt/data/INR/outputs/mujoco/suites/action_resampled_v4_hopper20x/runs/custom_mujoco_action_resampled_v4_hopper20x/custom_mujoco_action_resampled_v4_hopper20x__inr_transformer_fitted_latent__conflation__s1 (62.0s)
[gpu2] START /mnt/data/INR/outputs/mujoco/suites/action_resampled_v4_hopper20x/runs/custom_mujoco_action_resampled_v4_hopper20x/custom_mujoco_action_resampled_v4_hopper20x__inr_transformer_fitted_latent__no_shift__s1
[gpu0] OK /mnt/data/INR/outputs/mujoco/suites/action_resampled_v4_hopper20x/runs/custom_mujoco_action_resampled_v4_hopper20x/custom_mujoco_action_resampled_v4_hopper20x__inr_transformer_fitted_latent__new_policy__s0 (45.2s)
[gpu0] START /mnt/data/INR/outputs/mujoco/suites/action_resampled_v4_hopper20x/runs/custom_mujoco_action_resampled_v4_hopper20x/custom_mujoco_action_resampled_v4_hopper20x__inr_transformer_fitted_latent__novel_generalization__s0
[gpu0] OK /mnt/data/INR/outputs/mujoco/suites/action_resampled_v4_hopper20x/runs/custom_mujoco_action_resampled_v4_hopper20x/custom_mujoco_action_resampled_v4_hopper20x__inr_transformer_fitted_latent__novel_generalization__s0 (49.0s)
[gpu0] START /mnt/data/INR/outputs/mujoco/suites/action_resampled_v4_hopper20x/runs/custom_mujoco_action_resampled_v4_hopper20x/custom_mujoco_action_resampled_v4_hopper20x__inr_transformer_fitted_latent__novel_generalization__s1
[gpu3] OK /mnt/data/INR/outputs/mujoco/suites/action_resampled_v4_hopper20x/runs/custom_mujoco_action_resampled_v4_hopper20x/custom_mujoco_action_resampled_v4_hopper20x__inr_transformer_fitted_latent__no_shift__s0 (80.9s)
[gpu3] START /mnt/data/INR/outputs/mujoco/suites/action_resampled_v4_hopper20x/runs/custom_mujoco_action_resampled_v4_hopper20x/custom_mujoco_action_resampled_v4_hopper20x__inr_transformer_fitted_latent__single_shift__s0
[gpu1] OK /mnt/data/INR/outputs/mujoco/suites/action_resampled_v4_hopper20x/runs/custom_mujoco_action_resampled_v4_hopper20x/custom_mujoco_action_resampled_v4_hopper20x__inr_transformer_fitted_latent__new_policy__s1 (85.2s)
[gpu1] START /mnt/data/INR/outputs/mujoco/suites/action_resampled_v4_hopper20x/runs/custom_mujoco_action_resampled_v4_hopper20x/custom_mujoco_action_resampled_v4_hopper20x__inr_transformer_fitted_latent__single_shift__s1
[gpu2] OK /mnt/data/INR/outputs/mujoco/suites/action_resampled_v4_hopper20x/runs/custom_mujoco_action_resampled_v4_hopper20x/custom_mujoco_action_resampled_v4_hopper20x__inr_transformer_fitted_latent__no_shift__s1 (80.9s)
[gpu2] START /mnt/data/INR/outputs/mujoco/suites/action_resampled_v4_hopper20x/runs/custom_mujoco_action_resampled_v4_hopper20x/custom_mujoco_action_resampled_v4_hopper20x__inr_transformer_fitted_latent__specialization__s0
[gpu0] OK /mnt/data/INR/outputs/mujoco/suites/action_resampled_v4_hopper20x/runs/custom_mujoco_action_resampled_v4_hopper20x/custom_mujoco_action_resampled_v4_hopper20x__inr_transformer_fitted_latent__novel_generalization__s1 (58.8s)
[gpu0] START /mnt/data/INR/outputs/mujoco/suites/action_resampled_v4_hopper20x/runs/custom_mujoco_action_resampled_v4_hopper20x/custom_mujoco_action_resampled_v4_hopper20x__inr_transformer_fitted_latent__specialization__s1
[gpu1] OK /mnt/data/INR/outputs/mujoco/suites/action_resampled_v4_hopper20x/runs/custom_mujoco_action_resampled_v4_hopper20x/custom_mujoco_action_resampled_v4_hopper20x__inr_transformer_fitted_latent__single_shift__s1 (75.3s)
[gpu1] START /mnt/data/INR/outputs/mujoco/suites/action_resampled_v4_hopper20x/runs/custom_mujoco_action_resampled_v4_hopper20x/custom_mujoco_action_resampled_v4_hopper20x__inr_transformer_history_conditioned__conflation__s0
[gpu3] OK /mnt/data/INR/outputs/mujoco/suites/action_resampled_v4_hopper20x/runs/custom_mujoco_action_resampled_v4_hopper20x/custom_mujoco_action_resampled_v4_hopper20x__inr_transformer_fitted_latent__single_shift__s0 (77.4s)
[gpu3] START /mnt/data/INR/outputs/mujoco/suites/action_resampled_v4_hopper20x/runs/custom_mujoco_action_resampled_v4_hopper20x/custom_mujoco_action_resampled_v4_hopper20x__inr_transformer_history_conditioned__conflation__s1
[gpu2] OK /mnt/data/INR/outputs/mujoco/suites/action_resampled_v4_hopper20x/runs/custom_mujoco_action_resampled_v4_hopper20x/custom_mujoco_action_resampled_v4_hopper20x__inr_transformer_fitted_latent__specialization__s0 (74.0s)
[gpu2] START /mnt/data/INR/outputs/mujoco/suites/action_resampled_v4_hopper20x/runs/custom_mujoco_action_resampled_v4_hopper20x/custom_mujoco_action_resampled_v4_hopper20x__inr_transformer_history_conditioned__generalization__s0
[gpu1] OK /mnt/data/INR/outputs/mujoco/suites/action_resampled_v4_hopper20x/runs/custom_mujoco_action_resampled_v4_hopper20x/custom_mujoco_action_resampled_v4_hopper20x__inr_transformer_history_conditioned__conflation__s0 (6.9s)
[gpu1] START /mnt/data/INR/outputs/mujoco/suites/action_resampled_v4_hopper20x/runs/custom_mujoco_action_resampled_v4_hopper20x/custom_mujoco_action_resampled_v4_hopper20x__inr_transformer_history_conditioned__generalization__s1
[gpu3] OK /mnt/data/INR/outputs/mujoco/suites/action_resampled_v4_hopper20x/runs/custom_mujoco_action_resampled_v4_hopper20x/custom_mujoco_action_resampled_v4_hopper20x__inr_transformer_history_conditioned__conflation__s1 (6.9s)
[gpu3] START /mnt/data/INR/outputs/mujoco/suites/action_resampled_v4_hopper20x/runs/custom_mujoco_action_resampled_v4_hopper20x/custom_mujoco_action_resampled_v4_hopper20x__inr_transformer_history_conditioned__new_policy__s0
[gpu2] OK /mnt/data/INR/outputs/mujoco/suites/action_resampled_v4_hopper20x/runs/custom_mujoco_action_resampled_v4_hopper20x/custom_mujoco_action_resampled_v4_hopper20x__inr_transformer_history_conditioned__generalization__s0 (7.1s)
[gpu2] START /mnt/data/INR/outputs/mujoco/suites/action_resampled_v4_hopper20x/runs/custom_mujoco_action_resampled_v4_hopper20x/custom_mujoco_action_resampled_v4_hopper20x__inr_transformer_history_conditioned__new_policy__s1
[gpu1] OK /mnt/data/INR/outputs/mujoco/suites/action_resampled_v4_hopper20x/runs/custom_mujoco_action_resampled_v4_hopper20x/custom_mujoco_action_resampled_v4_hopper20x__inr_transformer_history_conditioned__generalization__s1 (6.5s)
[gpu1] START /mnt/data/INR/outputs/mujoco/suites/action_resampled_v4_hopper20x/runs/custom_mujoco_action_resampled_v4_hopper20x/custom_mujoco_action_resampled_v4_hopper20x__inr_transformer_history_conditioned__no_shift__s0
[gpu3] OK /mnt/data/INR/outputs/mujoco/suites/action_resampled_v4_hopper20x/runs/custom_mujoco_action_resampled_v4_hopper20x/custom_mujoco_action_resampled_v4_hopper20x__inr_transformer_history_conditioned__new_policy__s0 (7.3s)
[gpu3] START /mnt/data/INR/outputs/mujoco/suites/action_resampled_v4_hopper20x/runs/custom_mujoco_action_resampled_v4_hopper20x/custom_mujoco_action_resampled_v4_hopper20x__inr_transformer_history_conditioned__no_shift__s1
[gpu2] OK /mnt/data/INR/outputs/mujoco/suites/action_resampled_v4_hopper20x/runs/custom_mujoco_action_resampled_v4_hopper20x/custom_mujoco_action_resampled_v4_hopper20x__inr_transformer_history_conditioned__new_policy__s1 (7.1s)
[gpu2] START /mnt/data/INR/outputs/mujoco/suites/action_resampled_v4_hopper20x/runs/custom_mujoco_action_resampled_v4_hopper20x/custom_mujoco_action_resampled_v4_hopper20x__inr_transformer_history_conditioned__novel_generalization__s0
[gpu1] OK /mnt/data/INR/outputs/mujoco/suites/action_resampled_v4_hopper20x/runs/custom_mujoco_action_resampled_v4_hopper20x/custom_mujoco_action_resampled_v4_hopper20x__inr_transformer_history_conditioned__no_shift__s0 (7.1s)
[gpu1] START /mnt/data/INR/outputs/mujoco/suites/action_resampled_v4_hopper20x/runs/custom_mujoco_action_resampled_v4_hopper20x/custom_mujoco_action_resampled_v4_hopper20x__inr_transformer_history_conditioned__novel_generalization__s1
[gpu3] OK /mnt/data/INR/outputs/mujoco/suites/action_resampled_v4_hopper20x/runs/custom_mujoco_action_resampled_v4_hopper20x/custom_mujoco_action_resampled_v4_hopper20x__inr_transformer_history_conditioned__no_shift__s1 (7.0s)
[gpu3] START /mnt/data/INR/outputs/mujoco/suites/action_resampled_v4_hopper20x/runs/custom_mujoco_action_resampled_v4_hopper20x/custom_mujoco_action_resampled_v4_hopper20x__inr_transformer_history_conditioned__single_shift__s0
[gpu2] OK /mnt/data/INR/outputs/mujoco/suites/action_resampled_v4_hopper20x/runs/custom_mujoco_action_resampled_v4_hopper20x/custom_mujoco_action_resampled_v4_hopper20x__inr_transformer_history_conditioned__novel_generalization__s0 (7.2s)
[gpu2] START /mnt/data/INR/outputs/mujoco/suites/action_resampled_v4_hopper20x/runs/custom_mujoco_action_resampled_v4_hopper20x/custom_mujoco_action_resampled_v4_hopper20x__inr_transformer_history_conditioned__single_shift__s1
[gpu1] OK /mnt/data/INR/outputs/mujoco/suites/action_resampled_v4_hopper20x/runs/custom_mujoco_action_resampled_v4_hopper20x/custom_mujoco_action_resampled_v4_hopper20x__inr_transformer_history_conditioned__novel_generalization__s1 (7.2s)
[gpu1] START /mnt/data/INR/outputs/mujoco/suites/action_resampled_v4_hopper20x/runs/custom_mujoco_action_resampled_v4_hopper20x/custom_mujoco_action_resampled_v4_hopper20x__inr_transformer_history_conditioned__specialization__s0
[gpu3] OK /mnt/data/INR/outputs/mujoco/suites/action_resampled_v4_hopper20x/runs/custom_mujoco_action_resampled_v4_hopper20x/custom_mujoco_action_resampled_v4_hopper20x__inr_transformer_history_conditioned__single_shift__s0 (7.0s)
[gpu3] START /mnt/data/INR/outputs/mujoco/suites/action_resampled_v4_hopper20x/runs/custom_mujoco_action_resampled_v4_hopper20x/custom_mujoco_action_resampled_v4_hopper20x__inr_transformer_history_conditioned__specialization__s1
[gpu2] OK /mnt/data/INR/outputs/mujoco/suites/action_resampled_v4_hopper20x/runs/custom_mujoco_action_resampled_v4_hopper20x/custom_mujoco_action_resampled_v4_hopper20x__inr_transformer_history_conditioned__single_shift__s1 (7.1s)
[gpu1] OK /mnt/data/INR/outputs/mujoco/suites/action_resampled_v4_hopper20x/runs/custom_mujoco_action_resampled_v4_hopper20x/custom_mujoco_action_resampled_v4_hopper20x__inr_transformer_history_conditioned__specialization__s0 (7.1s)
[gpu3] OK /mnt/data/INR/outputs/mujoco/suites/action_resampled_v4_hopper20x/runs/custom_mujoco_action_resampled_v4_hopper20x/custom_mujoco_action_resampled_v4_hopper20x__inr_transformer_history_conditioned__specialization__s1 (6.9s)
[gpu0] OK /mnt/data/INR/outputs/mujoco/suites/action_resampled_v4_hopper20x/runs/custom_mujoco_action_resampled_v4_hopper20x/custom_mujoco_action_resampled_v4_hopper20x__inr_transformer_fitted_latent__specialization__s1 (74.8s)
