[gpu0:0] START custom_mujoco_action_resampled_v5_hopper__inr_transformer_fitted_latent__no_shift__s0
[gpu1:1] START custom_mujoco_action_resampled_v5_hopper__inr_transformer_fitted_latent__no_shift__s1
[gpu2:2] START custom_mujoco_action_resampled_v5_hopper__inr_transformer_fitted_latent__new_policy__s0
[gpu3:3] START custom_mujoco_action_resampled_v5_hopper__inr_transformer_fitted_latent__new_policy__s1
[gpu1:1] OK custom_mujoco_action_resampled_v5_hopper__inr_transformer_fitted_latent__no_shift__s1 (2071.6s)
[gpu1:1] START custom_mujoco_action_resampled_v5_hopper__inr_transformer_fitted_latent__single_shift__s0
[gpu0:0] OK custom_mujoco_action_resampled_v5_hopper__inr_transformer_fitted_latent__no_shift__s0 (2110.3s)
[gpu0:0] START custom_mujoco_action_resampled_v5_hopper__inr_transformer_fitted_latent__single_shift__s1
[gpu3:3] OK custom_mujoco_action_resampled_v5_hopper__inr_transformer_fitted_latent__new_policy__s1 (2244.8s)
[gpu3:3] START custom_mujoco_action_resampled_v5_hopper__inr_transformer_fitted_latent__conflation__s0
[gpu2:2] OK custom_mujoco_action_resampled_v5_hopper__inr_transformer_fitted_latent__new_policy__s0 (2278.1s)
[gpu2:2] START custom_mujoco_action_resampled_v5_hopper__inr_transformer_fitted_latent__conflation__s1
[gpu1:1] OK custom_mujoco_action_resampled_v5_hopper__inr_transformer_fitted_latent__single_shift__s0 (2113.4s)
[gpu1:1] START custom_mujoco_action_resampled_v5_hopper__inr_transformer_fitted_latent__generalization__s0
[gpu0:0] OK custom_mujoco_action_resampled_v5_hopper__inr_transformer_fitted_latent__single_shift__s1 (2085.1s)
[gpu0:0] START custom_mujoco_action_resampled_v5_hopper__inr_transformer_fitted_latent__generalization__s1
[gpu3:3] OK custom_mujoco_action_resampled_v5_hopper__inr_transformer_fitted_latent__conflation__s0 (2403.6s)
[gpu3:3] START custom_mujoco_action_resampled_v5_hopper__inr_transformer_fitted_latent__specialization__s0
[gpu2:2] OK custom_mujoco_action_resampled_v5_hopper__inr_transformer_fitted_latent__conflation__s1 (2412.5s)
[gpu2:2] START custom_mujoco_action_resampled_v5_hopper__inr_transformer_fitted_latent__specialization__s1
[gpu0:0] OK custom_mujoco_action_resampled_v5_hopper__inr_transformer_fitted_latent__generalization__s1 (2251.7s)
[gpu0:0] START custom_mujoco_action_resampled_v5_hopper__inr_transformer_fitted_latent__novel_generalization__s0
[gpu1:1] OK custom_mujoco_action_resampled_v5_hopper__inr_transformer_fitted_latent__generalization__s0 (2266.6s)
[gpu1:1] START custom_mujoco_action_resampled_v5_hopper__inr_transformer_fitted_latent__novel_generalization__s1
[gpu3:3] OK custom_mujoco_action_resampled_v5_hopper__inr_transformer_fitted_latent__specialization__s0 (2084.5s)
[gpu2:2] OK custom_mujoco_action_resampled_v5_hopper__inr_transformer_fitted_latent__specialization__s1 (2067.2s)
[gpu1:1] OK custom_mujoco_action_resampled_v5_hopper__inr_transformer_fitted_latent__novel_generalization__s1 (2409.0s)
[gpu0:0] OK custom_mujoco_action_resampled_v5_hopper__inr_transformer_fitted_latent__novel_generalization__s0 (2424.2s)
